[2021-11-01T19:47:33.572+0300][0.019s][info][gc] Using G1
[2021-11-01T19:47:33.573+0300][0.019s][debug][gc] ConcGCThreads: 2 offset 16
[2021-11-01T19:47:33.573+0300][0.019s][debug][gc] ParallelGCThreads: 8
[2021-11-01T19:47:33.574+0300][0.020s][debug][gc] Initialize mark stack with 4096 chunks, maximum 524288
[2021-11-01T19:47:33.801+0300][0,248s][info ][gc] GC(0) Pause Young (Concurrent Start) (G1 Humongous Allocation) 54M->51M(150M) 78,962ms
[2021-11-01T19:47:33.802+0300][0,248s][info ][gc] GC(1) Concurrent Undo Cycle
[2021-11-01T19:47:33.803+0300][0,249s][info ][gc] GC(1) Concurrent Undo Cycle 1,308ms
[2021-11-01T19:47:33.957+0300][0,403s][info ][gc] GC(2) Pause Young (Concurrent Start) (G1 Humongous Allocation) 75M->75M(150M) 104,428ms
[2021-11-01T19:47:33.957+0300][0,403s][info ][gc] GC(3) Concurrent Mark Cycle
[2021-11-01T19:47:33.970+0300][0,416s][debug][gc] GC(3) Reclaimed 50 empty regions
[2021-11-01T19:47:33.970+0300][0,416s][info ][gc] GC(3) Pause Remark 111M->61M(150M) 0,492ms
[2021-11-01T19:47:34.018+0300][0,465s][info ][gc] GC(3) Pause Cleanup 61M->61M(150M) 0,033ms
[2021-11-01T19:47:34.019+0300][0,465s][info ][gc] GC(3) Concurrent Mark Cycle 62,061ms
