[2021-10-31T13:58:47.406+0300][0.003s][debug][gc] ConcGCThreads: 2 offset 16
[2021-10-31T13:58:47.406+0300][0.003s][debug][gc] ParallelGCThreads: 8
[2021-10-31T13:58:47.406+0300][0.003s][debug][gc] Initialize mark stack with 4096 chunks, maximum 16384
[2021-10-31T13:58:47.408+0300][0.005s][info ][gc] Using G1
[2021-10-31T13:58:47.415+0300][0,012s][info ][gc] Periodic GC disabled
[2021-10-31T13:58:47.515+0300][0,113s][info ][gc] GC(0) Pause Young (Normal) (G1 Evacuation Pause) 24M->6M(256M) 6,876ms
[2021-10-31T13:58:47.552+0300][0,150s][info ][gc] GC(1) Pause Young (Normal) (G1 Evacuation Pause) 36M->15M(256M) 14,470ms
[2021-10-31T13:58:47.642+0300][0,239s][info ][gc] GC(2) Pause Young (Normal) (G1 Evacuation Pause) 75M->33M(256M) 26,359ms
[2021-10-31T13:58:47.744+0300][0,341s][info ][gc] GC(3) Pause Young (Normal) (G1 Evacuation Pause) 109M->53M(256M) 35,279ms
[2021-10-31T13:58:47.842+0300][0,439s][info ][gc] GC(4) Pause Young (Normal) (G1 Evacuation Pause) 139M->76M(256M) 30,847ms
[2021-10-31T13:58:47.959+0300][0,556s][info ][gc] GC(5) Pause Young (Normal) (G1 Evacuation Pause) 177M->105M(256M) 38,973ms
[2021-10-31T13:58:48.071+0300][0,669s][info ][gc] GC(6) Pause Young (Normal) (G1 Evacuation Pause) 199M->139M(256M) 40,382ms
[2021-10-31T13:58:48.144+0300][0,742s][info ][gc] GC(7) Pause Young (Concurrent Start) (G1 Evacuation Pause) 199M->151M(256M) 24,321ms
[2021-10-31T13:58:48.144+0300][0,742s][info ][gc] GC(8) Concurrent Cycle
[2021-10-31T13:58:48.211+0300][0,809s][info ][gc] GC(9) Pause Young (Normal) (G1 Evacuation Pause) 204M->164M(256M) 17,562ms
[2021-10-31T13:58:48.266+0300][0,863s][info ][gc] GC(10) Pause Young (Normal) (G1 Evacuation Pause) 208M->173M(256M) 13,908ms
[2021-10-31T13:58:48.313+0300][0,911s][info ][gc] GC(11) Pause Young (Normal) (G1 Evacuation Pause) 210M->182M(256M) 12,475ms
[2021-10-31T13:58:48.319+0300][0,916s][debug][gc] GC(8) Reclaimed 34 empty regions
[2021-10-31T13:58:48.319+0300][0,916s][info ][gc] GC(8) Pause Remark 188M->154M(256M) 0,536ms
[2021-10-31T13:58:48.361+0300][0,959s][info ][gc] GC(12) Pause Young (Normal) (G1 Evacuation Pause) 203M->179M(256M) 12,883ms
[2021-10-31T13:58:48.399+0300][0,997s][info ][gc] GC(13) Pause Young (Normal) (G1 Evacuation Pause) 212M->186M(256M) 11,324ms
[2021-10-31T13:58:48.416+0300][1,014s][info ][gc] GC(8) Pause Cleanup 208M->208M(256M) 0,078ms
[2021-10-31T13:58:48.417+0300][1,015s][info ][gc] GC(8) Concurrent Cycle 272,738ms
[2021-10-31T13:58:48.431+0300][1,029s][info ][gc] GC(14) Pause Young (Normal) (G1 Evacuation Pause) 214M->192M(256M) 9,937ms
[2021-10-31T13:58:48.459+0300][1,057s][info ][gc] GC(15) Pause Young (Concurrent Start) (G1 Evacuation Pause) 216M->198M(256M) 9,059ms
[2021-10-31T13:58:48.459+0300][1,057s][info ][gc] GC(16) Concurrent Cycle
[2021-10-31T13:58:48.485+0300][1,083s][info ][gc] GC(17) Pause Young (Normal) (G1 Evacuation Pause) 218M->202M(256M) 7,270ms
[2021-10-31T13:58:48.508+0300][1,106s][info ][gc] GC(18) Pause Young (Normal) (G1 Evacuation Pause) 219M->206M(256M) 6,675ms
[2021-10-31T13:58:48.528+0300][1,125s][info ][gc] GC(19) Pause Young (Normal) (G1 Evacuation Pause) 220M->209M(256M) 6,311ms
[2021-10-31T13:58:48.545+0300][1,142s][info ][gc] GC(20) Pause Young (Normal) (G1 Evacuation Pause) 221M->212M(256M) 5,680ms
[2021-10-31T13:58:48.558+0300][1,156s][info ][gc] GC(21) Pause Young (Normal) (G1 Evacuation Pause) 222M->214M(256M) 4,048ms
[2021-10-31T13:58:48.571+0300][1,169s][info ][gc] GC(22) Pause Young (Normal) (G1 Evacuation Pause) 224M->216M(256M) 3,919ms
[2021-10-31T13:58:48.585+0300][1,183s][info ][gc] GC(23) Pause Young (Normal) (G1 Evacuation Pause) 226M->219M(256M) 4,331ms
[2021-10-31T13:58:48.599+0300][1,196s][info ][gc] GC(24) Pause Young (Normal) (G1 Evacuation Pause) 229M->221M(256M) 4,249ms
[2021-10-31T13:58:48.612+0300][1,210s][info ][gc] GC(25) Pause Young (Normal) (G1 Evacuation Pause) 231M->223M(256M) 3,976ms
[2021-10-31T13:58:48.625+0300][1,223s][info ][gc] GC(26) Pause Young (Normal) (G1 Evacuation Pause) 233M->225M(256M) 4,028ms
[2021-10-31T13:58:48.639+0300][1,237s][info ][gc] GC(27) Pause Young (Normal) (G1 Evacuation Pause) 235M->227M(256M) 4,179ms
[2021-10-31T13:58:48.653+0300][1,250s][info ][gc] GC(28) Pause Young (Normal) (G1 Evacuation Pause) 237M->229M(256M) 3,924ms
[2021-10-31T13:58:48.666+0300][1,264s][info ][gc] GC(29) Pause Young (Normal) (G1 Evacuation Pause) 239M->232M(256M) 4,335ms
[2021-10-31T13:58:48.680+0300][1,278s][info ][gc] GC(30) Pause Young (Normal) (G1 Evacuation Pause) 242M->234M(256M) 4,294ms
[2021-10-31T13:58:48.694+0300][1,291s][info ][gc] GC(31) Pause Young (Normal) (G1 Evacuation Pause) 244M->236M(256M) 4,235ms
[2021-10-31T13:58:48.707+0300][1,304s][info ][gc] GC(32) Pause Young (Normal) (G1 Evacuation Pause) 246M->238M(256M) 3,945ms
[2021-10-31T13:58:48.720+0300][1,318s][info ][gc] GC(33) Pause Young (Normal) (G1 Evacuation Pause) 248M->240M(256M) 4,102ms
[2021-10-31T13:58:48.722+0300][1,319s][debug][gc] GC(16) Reclaimed 16 empty regions
[2021-10-31T13:58:48.722+0300][1,320s][info ][gc] GC(16) Pause Remark 242M->226M(256M) 0,238ms
[2021-10-31T13:58:48.733+0300][1,330s][info ][gc] GC(34) Pause Young (Normal) (G1 Evacuation Pause) 234M->227M(256M) 3,871ms
[2021-10-31T13:58:48.745+0300][1,342s][info ][gc] GC(35) Pause Young (Normal) (G1 Humongous Allocation) 236M->229M(256M) 4,128ms
[2021-10-31T13:58:48.745+0300][1,343s][debug][gc] GC(36) Clear Next Bitmap 0,392ms
[2021-10-31T13:58:48.930+0300][1,528s][info ][gc] GC(36) Pause Full (G1 Humongous Allocation) 229M->213M(256M) 185,328ms
[2021-10-31T13:58:49.103+0300][1,700s][info ][gc] GC(37) Pause Full (G1 Humongous Allocation) 213M->213M(256M) 172,225ms
[2021-10-31T13:58:49.103+0300][1,700s][info ][gc] GC(16) Concurrent Cycle 643,211ms
[2021-10-31T13:58:49.121+0300][1,719s][info ][gc] GC(38) To-space exhausted
[2021-10-31T13:58:49.121+0300][1,719s][info ][gc] GC(38) Pause Young (Normal) (G1 Evacuation Pause) 253M->253M(256M) 5,325ms
[2021-10-31T13:58:49.276+0300][1,874s][info ][gc] GC(39) Pause Full (G1 Evacuation Pause) 253M->226M(256M) 155,013ms
[2021-10-31T13:58:49.290+0300][1,888s][info ][gc] GC(40) Pause Young (Concurrent Start) (G1 Evacuation Pause) 238M->228M(256M) 4,251ms
[2021-10-31T13:58:49.290+0300][1,888s][info ][gc] GC(41) Concurrent Cycle
[2021-10-31T13:58:49.303+0300][1,901s][info ][gc] GC(42) Pause Young (Normal) (G1 Evacuation Pause) 238M->230M(256M) 4,081ms
[2021-10-31T13:58:49.317+0300][1,915s][info ][gc] GC(43) Pause Young (Normal) (G1 Evacuation Pause) 240M->232M(256M) 3,902ms
[2021-10-31T13:58:49.331+0300][1,928s][info ][gc] GC(44) Pause Young (Normal) (G1 Evacuation Pause) 242M->234M(256M) 4,300ms
[2021-10-31T13:58:49.344+0300][1,942s][info ][gc] GC(45) Pause Young (Normal) (G1 Evacuation Pause) 244M->237M(256M) 4,254ms
[2021-10-31T13:58:49.358+0300][1,956s][info ][gc] GC(46) Pause Young (Normal) (G1 Evacuation Pause) 247M->239M(256M) 4,308ms
[2021-10-31T13:58:49.436+0300][2,034s][info ][gc] GC(47) Pause Young (Normal) (G1 Evacuation Pause) 249M->239M(256M) 3,366ms
[2021-10-31T13:58:49.454+0300][2,051s][info ][gc] GC(48) To-space exhausted
[2021-10-31T13:58:49.454+0300][2,051s][info ][gc] GC(48) Pause Young (Normal) (G1 Evacuation Pause) 249M->242M(256M) 5,758ms
[2021-10-31T13:58:49.475+0300][2,072s][info ][gc] GC(49) To-space exhausted
[2021-10-31T13:58:49.475+0300][2,073s][info ][gc] GC(49) Pause Young (Normal) (G1 Evacuation Pause) 251M->251M(256M) 10,596ms
[2021-10-31T13:58:49.475+0300][2,073s][debug][gc] GC(50) Clear Next Bitmap 0,280ms
[2021-10-31T13:58:49.492+0300][2,089s][info ][gc] GC(50) Pause Full (G1 Evacuation Pause) 251M->42M(256M) 16,880ms
[2021-10-31T13:58:49.492+0300][2,090s][info ][gc] GC(41) Concurrent Cycle 201,897ms
[2021-10-31T13:58:49.643+0300][2,240s][info ][gc] GC(51) Pause Young (Normal) (G1 Evacuation Pause) 170M->68M(256M) 27,727ms
[2021-10-31T13:58:49.775+0300][2,373s][info ][gc] GC(52) Pause Young (Normal) (G1 Evacuation Pause) 172M->89M(256M) 31,132ms
[2021-10-31T13:58:49.892+0300][2,489s][info ][gc] GC(53) Pause Young (Normal) (G1 Evacuation Pause) 181M->109M(256M) 28,108ms
[2021-10-31T13:58:49.990+0300][2,588s][info ][gc] GC(54) Pause Young (Normal) (G1 Evacuation Pause) 188M->126M(256M) 23,239ms
[2021-10-31T13:58:50.076+0300][2,674s][info ][gc] GC(55) Pause Young (Concurrent Start) (G1 Evacuation Pause) 193M->141M(256M) 20,501ms
[2021-10-31T13:58:50.076+0300][2,674s][info ][gc] GC(56) Concurrent Cycle
[2021-10-31T13:58:50.149+0300][2,747s][info ][gc] GC(57) Pause Young (Normal) (G1 Evacuation Pause) 198M->155M(256M) 16,195ms
[2021-10-31T13:58:50.203+0300][2,801s][info ][gc] GC(58) Pause Young (Normal) (G1 Evacuation Pause) 202M->165M(256M) 14,089ms
[2021-10-31T13:58:50.224+0300][2,822s][info ][gc] GC(56) Pause Remark 189M->189M(256M) 0,409ms
[2021-10-31T13:58:50.248+0300][2,846s][info ][gc] GC(59) Pause Young (Normal) (G1 Evacuation Pause) 205M->174M(256M) 12,136ms
[2021-10-31T13:58:50.284+0300][2,882s][info ][gc] GC(60) Pause Young (Normal) (G1 Evacuation Pause) 208M->182M(256M) 11,025ms
[2021-10-31T13:58:50.315+0300][2,913s][info ][gc] GC(61) Pause Young (Normal) (G1 Evacuation Pause) 211M->189M(256M) 9,785ms
[2021-10-31T13:58:50.342+0300][2,939s][info ][gc] GC(62) Pause Young (Normal) (G1 Evacuation Pause) 213M->194M(256M) 8,528ms
[2021-10-31T13:58:50.365+0300][2,963s][info ][gc] GC(63) Pause Young (Normal) (G1 Evacuation Pause) 215M->199M(256M) 7,797ms
[2021-10-31T13:58:50.369+0300][2,966s][info ][gc] GC(56) Pause Cleanup 204M->204M(256M) 0,099ms
[2021-10-31T13:58:50.369+0300][2,967s][info ][gc] GC(56) Concurrent Cycle 292,871ms
[2021-10-31T13:58:50.385+0300][2,983s][info ][gc] GC(64) Pause Young (Normal) (G1 Evacuation Pause) 216M->203M(256M) 7,816ms
[2021-10-31T13:58:50.402+0300][3,000s][info ][gc] GC(65) Pause Young (Concurrent Start) (G1 Evacuation Pause) 217M->206M(256M) 5,407ms
[2021-10-31T13:58:50.402+0300][3,000s][info ][gc] GC(66) Concurrent Cycle
[2021-10-31T13:58:50.418+0300][3,016s][info ][gc] GC(67) Pause Young (Normal) (G1 Evacuation Pause) 218M->208M(256M) 4,691ms
[2021-10-31T13:58:50.433+0300][3,030s][info ][gc] GC(68) Pause Young (Normal) (G1 Evacuation Pause) 219M->211M(256M) 4,869ms
[2021-10-31T13:58:50.445+0300][3,043s][info ][gc] GC(69) Pause Young (Normal) (G1 Evacuation Pause) 221M->213M(256M) 3,939ms
[2021-10-31T13:58:50.458+0300][3,056s][info ][gc] GC(70) Pause Young (Normal) (G1 Evacuation Pause) 223M->215M(256M) 4,212ms
[2021-10-31T13:58:50.471+0300][3,068s][info ][gc] GC(71) Pause Young (Normal) (G1 Evacuation Pause) 225M->217M(256M) 4,081ms
[2021-10-31T13:58:50.484+0300][3,081s][info ][gc] GC(72) Pause Young (Normal) (G1 Evacuation Pause) 227M->220M(256M) 4,110ms
[2021-10-31T13:58:50.497+0300][3,094s][info ][gc] GC(73) Pause Young (Normal) (G1 Evacuation Pause) 230M->222M(256M) 4,599ms
[2021-10-31T13:58:50.511+0300][3,108s][info ][gc] GC(74) Pause Young (Normal) (G1 Evacuation Pause) 232M->224M(256M) 4,568ms
[2021-10-31T13:58:50.524+0300][3,121s][info ][gc] GC(75) Pause Young (Normal) (G1 Evacuation Pause) 234M->226M(256M) 4,181ms
[2021-10-31T13:58:50.537+0300][3,134s][info ][gc] GC(76) Pause Young (Normal) (G1 Evacuation Pause) 236M->228M(256M) 4,496ms
[2021-10-31T13:58:50.550+0300][3,147s][info ][gc] GC(77) Pause Young (Normal) (G1 Evacuation Pause) 238M->230M(256M) 4,342ms
[2021-10-31T13:58:50.562+0300][3,160s][info ][gc] GC(78) Pause Young (Normal) (G1 Evacuation Pause) 240M->233M(256M) 3,920ms
[2021-10-31T13:58:50.575+0300][3,173s][info ][gc] GC(79) Pause Young (Normal) (G1 Evacuation Pause) 243M->235M(256M) 4,142ms
[2021-10-31T13:58:50.588+0300][3,186s][info ][gc] GC(80) Pause Young (Normal) (G1 Evacuation Pause) 245M->237M(256M) 4,264ms
[2021-10-31T13:58:50.601+0300][3,199s][info ][gc] GC(81) Pause Young (Normal) (G1 Evacuation Pause) 247M->239M(256M) 4,440ms
[2021-10-31T13:58:50.618+0300][3,216s][info ][gc] GC(82) To-space exhausted
[2021-10-31T13:58:50.618+0300][3,216s][info ][gc] GC(82) Pause Young (Normal) (G1 Evacuation Pause) 249M->248M(256M) 8,570ms
[2021-10-31T13:58:50.627+0300][3,225s][info ][gc] GC(83) To-space exhausted
[2021-10-31T13:58:50.627+0300][3,225s][info ][gc] GC(83) Pause Young (Normal) (G1 Evacuation Pause) 251M->251M(256M) 6,206ms
[2021-10-31T13:58:50.628+0300][3,225s][debug][gc] GC(84) Clear Next Bitmap 0,223ms
[2021-10-31T13:58:50.826+0300][3,424s][info ][gc] GC(84) Pause Full (G1 Evacuation Pause) 251M->226M(256M) 198,799ms
[2021-10-31T13:58:50.826+0300][3,424s][info ][gc] GC(66) Concurrent Cycle 423,900ms
[2021-10-31T13:58:50.839+0300][3,437s][info ][gc] GC(85) Pause Young (Normal) (G1 Evacuation Pause) 238M->228M(256M) 4,090ms
[2021-10-31T13:58:50.851+0300][3,448s][info ][gc] GC(86) Pause Young (Concurrent Start) (G1 Evacuation Pause) 238M->230M(256M) 4,160ms
[2021-10-31T13:58:50.851+0300][3,448s][info ][gc] GC(87) Concurrent Cycle
[2021-10-31T13:58:50.869+0300][3,467s][info ][gc] GC(88) Pause Young (Normal) (G1 Evacuation Pause) 240M->232M(256M) 4,501ms
[2021-10-31T13:58:50.888+0300][3,485s][info ][gc] GC(89) Pause Young (Normal) (G1 Evacuation Pause) 242M->235M(256M) 4,827ms
[2021-10-31T13:58:50.907+0300][3,504s][info ][gc] GC(90) Pause Young (Normal) (G1 Evacuation Pause) 245M->237M(256M) 5,002ms
[2021-10-31T13:58:50.925+0300][3,523s][info ][gc] GC(91) Pause Young (Normal) (G1 Evacuation Pause) 247M->239M(256M) 4,755ms
[2021-10-31T13:58:50.981+0300][3,579s][info ][gc] GC(92) Pause Young (Normal) (G1 Evacuation Pause) 249M->239M(256M) 3,518ms
[2021-10-31T13:58:50.996+0300][3,594s][info ][gc] GC(93) To-space exhausted
[2021-10-31T13:58:50.997+0300][3,594s][info ][gc] GC(93) Pause Young (Normal) (G1 Evacuation Pause) 249M->243M(256M) 6,578ms
[2021-10-31T13:58:51.015+0300][3,613s][info ][gc] GC(94) To-space exhausted
[2021-10-31T13:58:51.015+0300][3,613s][info ][gc] GC(94) Pause Young (Normal) (G1 Evacuation Pause) 252M->252M(256M) 10,609ms
[2021-10-31T13:58:51.015+0300][3,613s][debug][gc] GC(95) Clear Next Bitmap 0,296ms
[2021-10-31T13:58:51.032+0300][3,630s][info ][gc] GC(95) Pause Full (G1 Evacuation Pause) 252M->42M(256M) 17,286ms
[2021-10-31T13:58:51.033+0300][3,630s][info ][gc] GC(87) Concurrent Cycle 181,669ms
[2021-10-31T13:58:51.148+0300][3,746s][info ][gc] GC(96) Pause Young (Normal) (G1 Evacuation Pause) 168M->68M(256M) 23,824ms
[2021-10-31T13:58:51.255+0300][3,853s][info ][gc] GC(97) Pause Young (Normal) (G1 Evacuation Pause) 175M->89M(256M) 28,848ms
[2021-10-31T13:58:51.350+0300][3,947s][info ][gc] GC(98) Pause Young (Normal) (G1 Evacuation Pause) 182M->109M(256M) 27,039ms
[2021-10-31T13:58:51.430+0300][4,028s][info ][gc] GC(99) Pause Young (Normal) (G1 Evacuation Pause) 188M->127M(256M) 23,855ms
[2021-10-31T13:58:51.499+0300][4,097s][info ][gc] GC(100) Pause Young (Concurrent Start) (G1 Evacuation Pause) 193M->141M(256M) 21,035ms
[2021-10-31T13:58:51.500+0300][4,097s][info ][gc] GC(101) Concurrent Cycle
[2021-10-31T13:58:51.576+0300][4,173s][info ][gc] GC(102) Pause Young (Normal) (G1 Evacuation Pause) 198M->154M(256M) 16,876ms
[2021-10-31T13:58:51.632+0300][4,230s][info ][gc] GC(103) Pause Young (Normal) (G1 Evacuation Pause) 202M->165M(256M) 15,119ms
[2021-10-31T13:58:51.651+0300][4,248s][info ][gc] GC(101) Pause Remark 185M->185M(256M) 0,334ms
[2021-10-31T13:58:51.682+0300][4,280s][info ][gc] GC(104) Pause Young (Normal) (G1 Evacuation Pause) 205M->174M(256M) 12,536ms
[2021-10-31T13:58:51.726+0300][4,324s][info ][gc] GC(105) Pause Young (Normal) (G1 Evacuation Pause) 208M->181M(256M) 10,095ms
[2021-10-31T13:58:51.764+0300][4,362s][info ][gc] GC(106) Pause Young (Normal) (G1 Evacuation Pause) 210M->188M(256M) 9,160ms
[2021-10-31T13:58:51.771+0300][4,368s][info ][gc] GC(101) Pause Cleanup 194M->194M(256M) 0,076ms
[2021-10-31T13:58:51.771+0300][4,368s][info ][gc] GC(101) Concurrent Cycle 271,272ms
[2021-10-31T13:58:51.792+0300][4,390s][info ][gc] GC(107) Pause Young (Normal) (G1 Evacuation Pause) 212M->194M(256M) 8,597ms
[2021-10-31T13:58:51.815+0300][4,412s][info ][gc] GC(108) Pause Young (Concurrent Start) (G1 Evacuation Pause) 214M->198M(256M) 7,580ms
[2021-10-31T13:58:51.815+0300][4,412s][info ][gc] GC(109) Concurrent Cycle
[2021-10-31T13:58:51.836+0300][4,434s][info ][gc] GC(110) Pause Young (Normal) (G1 Evacuation Pause) 215M->202M(256M) 6,317ms
[2021-10-31T13:58:51.854+0300][4,451s][info ][gc] GC(111) Pause Young (Normal) (G1 Evacuation Pause) 216M->205M(256M) 5,233ms
[2021-10-31T13:58:51.869+0300][4,466s][info ][gc] GC(112) Pause Young (Normal) (G1 Evacuation Pause) 217M->208M(256M) 4,712ms
[2021-10-31T13:58:51.882+0300][4,479s][info ][gc] GC(113) Pause Young (Normal) (G1 Evacuation Pause) 218M->210M(256M) 4,356ms
[2021-10-31T13:58:51.895+0300][4,492s][info ][gc] GC(114) Pause Young (Normal) (G1 Evacuation Pause) 220M->213M(256M) 4,269ms
[2021-10-31T13:58:51.907+0300][4,505s][info ][gc] GC(115) Pause Young (Normal) (G1 Evacuation Pause) 223M->215M(256M) 4,285ms
[2021-10-31T13:58:51.921+0300][4,518s][info ][gc] GC(116) Pause Young (Normal) (G1 Evacuation Pause) 225M->217M(256M) 4,608ms
[2021-10-31T13:58:51.934+0300][4,531s][info ][gc] GC(117) Pause Young (Normal) (G1 Evacuation Pause) 227M->219M(256M) 4,193ms
[2021-10-31T13:58:51.946+0300][4,544s][info ][gc] GC(118) Pause Young (Normal) (G1 Evacuation Pause) 229M->221M(256M) 3,998ms
[2021-10-31T13:58:51.963+0300][4,561s][info ][gc] GC(119) Pause Young (Normal) (G1 Evacuation Pause) 231M->224M(256M) 4,575ms
[2021-10-31T13:58:51.976+0300][4,573s][info ][gc] GC(120) Pause Young (Normal) (G1 Evacuation Pause) 234M->226M(256M) 4,041ms
[2021-10-31T13:58:51.988+0300][4,586s][info ][gc] GC(121) Pause Young (Normal) (G1 Evacuation Pause) 236M->228M(256M) 3,783ms
[2021-10-31T13:58:52.001+0300][4,599s][info ][gc] GC(122) Pause Young (Normal) (G1 Evacuation Pause) 238M->230M(256M) 4,501ms
[2021-10-31T13:58:52.014+0300][4,612s][info ][gc] GC(123) Pause Young (Normal) (G1 Evacuation Pause) 240M->232M(256M) 3,986ms
[2021-10-31T13:58:52.027+0300][4,624s][info ][gc] GC(124) Pause Young (Normal) (G1 Evacuation Pause) 242M->235M(256M) 4,122ms
[2021-10-31T13:58:52.039+0300][4,637s][info ][gc] GC(125) Pause Young (Normal) (G1 Evacuation Pause) 245M->237M(256M) 4,049ms
[2021-10-31T13:58:52.054+0300][4,652s][info ][gc] GC(126) To-space exhausted
[2021-10-31T13:58:52.054+0300][4,652s][info ][gc] GC(126) Pause Young (Normal) (G1 Evacuation Pause) 247M->241M(256M) 5,995ms
[2021-10-31T13:58:52.073+0300][4,670s][info ][gc] GC(127) To-space exhausted
[2021-10-31T13:58:52.073+0300][4,670s][info ][gc] GC(127) Pause Young (Normal) (G1 Evacuation Pause) 250M->250M(256M) 10,876ms
[2021-10-31T13:58:52.073+0300][4,671s][debug][gc] GC(128) Clear Next Bitmap 0,254ms
[2021-10-31T13:58:52.259+0300][4,856s][info ][gc] GC(128) Pause Full (G1 Evacuation Pause) 250M->225M(256M) 185,980ms
[2021-10-31T13:58:52.259+0300][4,856s][info ][gc] GC(109) Concurrent Cycle 444,240ms
[2021-10-31T13:58:52.272+0300][4,869s][info ][gc] GC(129) Pause Young (Normal) (G1 Evacuation Pause) 237M->228M(256M) 4,016ms
[2021-10-31T13:58:52.283+0300][4,881s][info ][gc] GC(130) Pause Young (Concurrent Start) (G1 Evacuation Pause) 238M->230M(256M) 4,480ms
[2021-10-31T13:58:52.283+0300][4,881s][info ][gc] GC(131) Concurrent Cycle
[2021-10-31T13:58:52.296+0300][4,894s][info ][gc] GC(132) Pause Young (Normal) (G1 Evacuation Pause) 240M->232M(256M) 4,424ms
[2021-10-31T13:58:52.309+0300][4,906s][info ][gc] GC(133) Pause Young (Normal) (G1 Evacuation Pause) 242M->234M(256M) 3,830ms
[2021-10-31T13:58:52.322+0300][4,919s][info ][gc] GC(134) Pause Young (Normal) (G1 Evacuation Pause) 244M->236M(256M) 4,084ms
[2021-10-31T13:58:52.334+0300][4,931s][info ][gc] GC(135) Pause Young (Normal) (G1 Evacuation Pause) 246M->238M(256M) 3,605ms
[2021-10-31T13:58:52.376+0300][4,973s][info ][gc] GC(136) Pause Young (Normal) (G1 Evacuation Pause) 248M->238M(256M) 3,256ms
[2021-10-31T13:58:52.389+0300][4,987s][info ][gc] GC(137) Pause Young (Normal) (G1 Evacuation Pause) 248M->240M(256M) 3,582ms
[2021-10-31T13:58:52.406+0300][5,004s][info ][gc] GC(138) To-space exhausted
[2021-10-31T13:58:52.406+0300][5,004s][info ][gc] GC(138) Pause Young (Normal) (G1 Evacuation Pause) 250M->249M(256M) 7,821ms
[2021-10-31T13:58:52.414+0300][5,012s][info ][gc] GC(139) To-space exhausted
[2021-10-31T13:58:52.415+0300][5,012s][info ][gc] GC(139) Pause Young (Normal) (G1 Evacuation Pause) 252M->252M(256M) 5,448ms
[2021-10-31T13:58:52.415+0300][5,013s][debug][gc] GC(140) Clear Next Bitmap 0,595ms
[2021-10-31T13:58:52.434+0300][5,031s][info ][gc] GC(140) Pause Full (G1 Evacuation Pause) 252M->43M(256M) 19,197ms
[2021-10-31T13:58:52.434+0300][5,032s][info ][gc] GC(131) Concurrent Cycle 150,417ms
[2021-10-31T13:58:52.551+0300][5,148s][info ][gc] GC(141) Pause Young (Normal) (G1 Evacuation Pause) 170M->68M(256M) 23,654ms
[2021-10-31T13:58:52.659+0300][5,256s][info ][gc] GC(142) Pause Young (Normal) (G1 Evacuation Pause) 176M->90M(256M) 29,753ms
[2021-10-31T13:58:52.754+0300][5,352s][info ][gc] GC(143) Pause Young (Normal) (G1 Evacuation Pause) 183M->111M(256M) 27,432ms
[2021-10-31T13:58:52.837+0300][5,434s][info ][gc] GC(144) Pause Young (Normal) (G1 Evacuation Pause) 190M->128M(256M) 25,515ms
[2021-10-31T13:58:52.906+0300][5,504s][info ][gc] GC(145) Pause Young (Concurrent Start) (G1 Evacuation Pause) 195M->142M(256M) 20,683ms
[2021-10-31T13:58:52.906+0300][5,504s][info ][gc] GC(146) Concurrent Cycle
[2021-10-31T13:58:52.973+0300][5,571s][info ][gc] GC(147) Pause Young (Normal) (G1 Evacuation Pause) 199M->155M(256M) 18,104ms
[2021-10-31T13:58:53.029+0300][5,627s][info ][gc] GC(148) Pause Young (Normal) (G1 Evacuation Pause) 203M->166M(256M) 15,028ms
[2021-10-31T13:58:53.052+0300][5,649s][info ][gc] GC(146) Pause Remark 192M->192M(256M) 0,581ms
[2021-10-31T13:58:53.077+0300][5,675s][info ][gc] GC(149) Pause Young (Normal) (G1 Evacuation Pause) 207M->174M(256M) 13,858ms
[2021-10-31T13:58:53.116+0300][5,714s][info ][gc] GC(150) Pause Young (Normal) (G1 Evacuation Pause) 209M->183M(256M) 13,114ms
[2021-10-31T13:58:53.147+0300][5,745s][info ][gc] GC(151) Pause Young (Normal) (G1 Evacuation Pause) 212M->189M(256M) 9,580ms
[2021-10-31T13:58:53.161+0300][5,758s][info ][gc] GC(146) Pause Cleanup 208M->208M(256M) 0,082ms
[2021-10-31T13:58:53.161+0300][5,759s][info ][gc] GC(146) Concurrent Cycle 254,437ms
[2021-10-31T13:58:53.173+0300][5,771s][info ][gc] GC(152) Pause Young (Normal) (G1 Evacuation Pause) 213M->195M(256M) 8,362ms
[2021-10-31T13:58:53.195+0300][5,793s][info ][gc] GC(153) Pause Young (Concurrent Start) (G1 Evacuation Pause) 215M->200M(256M) 7,624ms
[2021-10-31T13:58:53.195+0300][5,793s][info ][gc] GC(154) Concurrent Cycle
[2021-10-31T13:58:53.216+0300][5,814s][info ][gc] GC(155) Pause Young (Normal) (G1 Evacuation Pause) 217M->203M(256M) 6,538ms
[2021-10-31T13:58:53.234+0300][5,832s][info ][gc] GC(156) Pause Young (Normal) (G1 Evacuation Pause) 217M->207M(256M) 5,899ms
[2021-10-31T13:58:53.250+0300][5,848s][info ][gc] GC(157) Pause Young (Normal) (G1 Evacuation Pause) 219M->209M(256M) 5,528ms
[2021-10-31T13:58:53.263+0300][5,861s][info ][gc] GC(158) Pause Young (Normal) (G1 Evacuation Pause) 219M->212M(256M) 4,332ms
[2021-10-31T13:58:53.277+0300][5,874s][info ][gc] GC(159) Pause Young (Normal) (G1 Evacuation Pause) 222M->214M(256M) 4,814ms
[2021-10-31T13:58:53.289+0300][5,887s][info ][gc] GC(160) Pause Young (Normal) (G1 Evacuation Pause) 224M->216M(256M) 4,195ms
[2021-10-31T13:58:53.303+0300][5,900s][info ][gc] GC(161) Pause Young (Normal) (G1 Evacuation Pause) 226M->218M(256M) 4,446ms
[2021-10-31T13:58:53.315+0300][5,913s][info ][gc] GC(162) Pause Young (Normal) (G1 Evacuation Pause) 228M->220M(256M) 4,015ms
[2021-10-31T13:58:53.328+0300][5,926s][info ][gc] GC(163) Pause Young (Normal) (G1 Evacuation Pause) 230M->223M(256M) 4,542ms
[2021-10-31T13:58:53.341+0300][5,939s][info ][gc] GC(164) Pause Young (Normal) (G1 Evacuation Pause) 233M->225M(256M) 4,362ms
[2021-10-31T13:58:53.355+0300][5,952s][info ][gc] GC(165) Pause Young (Normal) (G1 Evacuation Pause) 235M->227M(256M) 4,635ms
[2021-10-31T13:58:53.367+0300][5,965s][info ][gc] GC(166) Pause Young (Normal) (G1 Evacuation Pause) 237M->229M(256M) 3,739ms
[2021-10-31T13:58:53.380+0300][5,978s][info ][gc] GC(167) Pause Young (Normal) (G1 Evacuation Pause) 239M->231M(256M) 4,000ms
[2021-10-31T13:58:53.393+0300][5,990s][info ][gc] GC(168) Pause Young (Normal) (G1 Evacuation Pause) 241M->233M(256M) 4,130ms
[2021-10-31T13:58:53.406+0300][6,003s][info ][gc] GC(169) Pause Young (Normal) (G1 Evacuation Pause) 243M->236M(256M) 4,228ms
[2021-10-31T13:58:53.419+0300][6,016s][info ][gc] GC(170) Pause Young (Normal) (G1 Evacuation Pause) 246M->238M(256M) 4,291ms
[2021-10-31T13:58:53.433+0300][6,031s][info ][gc] GC(171) To-space exhausted
[2021-10-31T13:58:53.433+0300][6,031s][info ][gc] GC(171) Pause Young (Normal) (G1 Evacuation Pause) 248M->244M(256M) 5,802ms
[2021-10-31T13:58:53.451+0300][6,049s][info ][gc] GC(172) To-space exhausted
[2021-10-31T13:58:53.451+0300][6,049s][info ][gc] GC(172) Pause Young (Normal) (G1 Evacuation Pause) 252M->252M(256M) 11,076ms
[2021-10-31T13:58:53.452+0300][6,049s][debug][gc] GC(173) Clear Next Bitmap 0,246ms
[2021-10-31T13:58:53.639+0300][6,237s][info ][gc] GC(173) Pause Full (G1 Evacuation Pause) 252M->226M(256M) 187,619ms
[2021-10-31T13:58:53.639+0300][6,237s][info ][gc] GC(154) Concurrent Cycle 443,835ms
[2021-10-31T13:58:53.652+0300][6,249s][info ][gc] GC(174) Pause Young (Normal) (G1 Evacuation Pause) 238M->228M(256M) 3,818ms
[2021-10-31T13:58:53.663+0300][6,261s][info ][gc] GC(175) Pause Young (Concurrent Start) (G1 Evacuation Pause) 238M->231M(256M) 4,026ms
[2021-10-31T13:58:53.663+0300][6,261s][info ][gc] GC(176) Concurrent Cycle
[2021-10-31T13:58:53.676+0300][6,274s][info ][gc] GC(177) Pause Young (Normal) (G1 Evacuation Pause) 241M->233M(256M) 4,521ms
[2021-10-31T13:58:53.690+0300][6,287s][info ][gc] GC(178) Pause Young (Normal) (G1 Evacuation Pause) 243M->235M(256M) 4,729ms
[2021-10-31T13:58:53.703+0300][6,300s][info ][gc] GC(179) Pause Young (Normal) (G1 Evacuation Pause) 245M->237M(256M) 4,360ms
[2021-10-31T13:58:53.716+0300][6,313s][info ][gc] GC(180) Pause Young (Normal) (G1 Evacuation Pause) 247M->239M(256M) 4,314ms
[2021-10-31T13:58:53.756+0300][6,354s][info ][gc] GC(181) Pause Young (Normal) (G1 Evacuation Pause) 249M->239M(256M) 3,740ms
[2021-10-31T13:58:53.773+0300][6,370s][info ][gc] GC(182) To-space exhausted
[2021-10-31T13:58:53.773+0300][6,370s][info ][gc] GC(182) Pause Young (Normal) (G1 Evacuation Pause) 249M->247M(256M) 8,134ms
[2021-10-31T13:58:53.784+0300][6,381s][info ][gc] GC(183) To-space exhausted
[2021-10-31T13:58:53.784+0300][6,381s][info ][gc] GC(183) Pause Young (Normal) (G1 Evacuation Pause) 252M->252M(256M) 6,507ms
[2021-10-31T13:58:53.784+0300][6,382s][debug][gc] GC(184) Clear Next Bitmap 0,318ms
[2021-10-31T13:58:53.801+0300][6,398s][info ][gc] GC(184) Pause Full (G1 Evacuation Pause) 252M->42M(256M) 16,907ms
[2021-10-31T13:58:53.801+0300][6,398s][info ][gc] GC(176) Concurrent Cycle 137,758ms
[2021-10-31T13:58:53.920+0300][6,518s][info ][gc] GC(185) Pause Young (Normal) (G1 Evacuation Pause) 169M->67M(256M) 27,234ms
[2021-10-31T13:58:54.032+0300][6,629s][info ][gc] GC(186) Pause Young (Normal) (G1 Evacuation Pause) 175M->89M(256M) 32,298ms
[2021-10-31T13:58:54.128+0300][6,725s][info ][gc] GC(187) Pause Young (Normal) (G1 Evacuation Pause) 182M->109M(256M) 28,773ms
[2021-10-31T13:58:54.210+0300][6,808s][info ][gc] GC(188) Pause Young (Normal) (G1 Evacuation Pause) 188M->126M(256M) 25,383ms
[2021-10-31T13:58:54.280+0300][6,878s][info ][gc] GC(189) Pause Young (Concurrent Start) (G1 Evacuation Pause) 193M->141M(256M) 21,462ms
[2021-10-31T13:58:54.280+0300][6,878s][info ][gc] GC(190) Concurrent Cycle
[2021-10-31T13:58:54.377+0300][6,975s][info ][gc] GC(191) Pause Young (Normal) (G1 Evacuation Pause) 198M->154M(256M) 18,765ms
[2021-10-31T13:58:54.435+0300][7,033s][info ][gc] GC(192) Pause Young (Normal) (G1 Evacuation Pause) 202M->166M(256M) 16,543ms
[2021-10-31T13:58:54.441+0300][7,038s][info ][gc] GC(190) Pause Remark 172M->172M(256M) 0,403ms
[2021-10-31T13:58:54.484+0300][7,081s][info ][gc] GC(193) Pause Young (Normal) (G1 Evacuation Pause) 206M->175M(256M) 12,947ms
[2021-10-31T13:58:54.520+0300][7,117s][info ][gc] GC(194) Pause Young (Normal) (G1 Evacuation Pause) 209M->182M(256M) 11,229ms
[2021-10-31T13:58:54.536+0300][7,134s][info ][gc] GC(190) Pause Cleanup 204M->204M(256M) 0,086ms
[2021-10-31T13:58:54.536+0300][7,134s][info ][gc] GC(190) Concurrent Cycle 256,079ms
[2021-10-31T13:58:54.550+0300][7,148s][info ][gc] GC(195) Pause Young (Normal) (G1 Evacuation Pause) 210M->189M(256M) 9,336ms
[2021-10-31T13:58:54.577+0300][7,175s][info ][gc] GC(196) Pause Young (Concurrent Start) (G1 Evacuation Pause) 213M->194M(256M) 9,642ms
[2021-10-31T13:58:54.577+0300][7,175s][info ][gc] GC(197) Concurrent Cycle
[2021-10-31T13:58:54.603+0300][7,200s][info ][gc] GC(198) Pause Young (Normal) (G1 Evacuation Pause) 214M->199M(256M) 7,608ms
[2021-10-31T13:58:54.624+0300][7,222s][info ][gc] GC(199) Pause Young (Normal) (G1 Evacuation Pause) 216M->203M(256M) 6,618ms
[2021-10-31T13:58:54.642+0300][7,239s][info ][gc] GC(200) Pause Young (Normal) (G1 Evacuation Pause) 217M->206M(256M) 5,390ms
[2021-10-31T13:58:54.657+0300][7,255s][info ][gc] GC(201) Pause Young (Normal) (G1 Evacuation Pause) 218M->208M(256M) 5,023ms
[2021-10-31T13:58:54.670+0300][7,267s][info ][gc] GC(202) Pause Young (Normal) (G1 Evacuation Pause) 218M->211M(256M) 3,881ms
[2021-10-31T13:58:54.682+0300][7,280s][info ][gc] GC(203) Pause Young (Normal) (G1 Evacuation Pause) 221M->213M(256M) 3,926ms
[2021-10-31T13:58:54.695+0300][7,293s][info ][gc] GC(204) Pause Young (Normal) (G1 Evacuation Pause) 223M->215M(256M) 4,292ms
[2021-10-31T13:58:54.708+0300][7,305s][info ][gc] GC(205) Pause Young (Normal) (G1 Evacuation Pause) 225M->217M(256M) 4,198ms
[2021-10-31T13:58:54.721+0300][7,319s][info ][gc] GC(206) Pause Young (Normal) (G1 Evacuation Pause) 227M->220M(256M) 4,486ms
[2021-10-31T13:58:54.734+0300][7,332s][info ][gc] GC(207) Pause Young (Normal) (G1 Evacuation Pause) 230M->222M(256M) 4,394ms
[2021-10-31T13:58:54.747+0300][7,344s][info ][gc] GC(208) Pause Young (Normal) (G1 Evacuation Pause) 232M->224M(256M) 3,918ms
[2021-10-31T13:58:54.760+0300][7,357s][info ][gc] GC(209) Pause Young (Normal) (G1 Evacuation Pause) 234M->226M(256M) 4,299ms
[2021-10-31T13:58:54.772+0300][7,370s][info ][gc] GC(210) Pause Young (Normal) (G1 Evacuation Pause) 236M->229M(256M) 4,092ms
[2021-10-31T13:58:54.786+0300][7,383s][info ][gc] GC(211) Pause Young (Normal) (G1 Evacuation Pause) 239M->231M(256M) 4,481ms
[2021-10-31T13:58:54.799+0300][7,396s][info ][gc] GC(212) Pause Young (Normal) (G1 Evacuation Pause) 241M->233M(256M) 4,307ms
[2021-10-31T13:58:54.812+0300][7,409s][info ][gc] GC(213) Pause Young (Normal) (G1 Evacuation Pause) 243M->235M(256M) 4,321ms
[2021-10-31T13:58:54.825+0300][7,422s][info ][gc] GC(214) Pause Young (Normal) (G1 Evacuation Pause) 245M->237M(256M) 4,506ms
[2021-10-31T13:58:54.839+0300][7,437s][info ][gc] GC(215) To-space exhausted
[2021-10-31T13:58:54.839+0300][7,437s][info ][gc] GC(215) Pause Young (Normal) (G1 Evacuation Pause) 247M->243M(256M) 5,796ms
[2021-10-31T13:58:54.857+0300][7,454s][info ][gc] GC(216) To-space exhausted
[2021-10-31T13:58:54.857+0300][7,454s][info ][gc] GC(216) Pause Young (Normal) (G1 Evacuation Pause) 251M->251M(256M) 10,349ms
[2021-10-31T13:58:54.857+0300][7,455s][debug][gc] GC(217) Clear Next Bitmap 0,291ms
[2021-10-31T13:58:55.052+0300][7,650s][info ][gc] GC(217) Pause Full (G1 Evacuation Pause) 251M->225M(256M) 195,654ms
[2021-10-31T13:58:55.052+0300][7,650s][info ][gc] GC(197) Concurrent Cycle 475,200ms
[2021-10-31T13:58:55.065+0300][7,663s][info ][gc] GC(218) Pause Young (Normal) (G1 Evacuation Pause) 237M->227M(256M) 4,221ms
[2021-10-31T13:58:55.082+0300][7,679s][info ][gc] GC(219) Pause Young (Concurrent Start) (G1 Evacuation Pause) 237M->229M(256M) 4,374ms
[2021-10-31T13:58:55.082+0300][7,680s][info ][gc] GC(220) Concurrent Cycle
[2021-10-31T13:58:55.095+0300][7,693s][info ][gc] GC(221) Pause Young (Normal) (G1 Evacuation Pause) 239M->231M(256M) 4,576ms
[2021-10-31T13:58:55.108+0300][7,706s][info ][gc] GC(222) Pause Young (Normal) (G1 Evacuation Pause) 241M->234M(256M) 4,526ms
[2021-10-31T13:58:55.121+0300][7,719s][info ][gc] GC(223) Pause Young (Normal) (G1 Evacuation Pause) 244M->236M(256M) 4,318ms
[2021-10-31T13:58:55.134+0300][7,732s][info ][gc] GC(224) Pause Young (Normal) (G1 Evacuation Pause) 246M->238M(256M) 4,472ms
[2021-10-31T13:58:55.174+0300][7,771s][info ][gc] GC(225) Pause Young (Normal) (G1 Evacuation Pause) 248M->237M(256M) 2,223ms
[2021-10-31T13:58:55.187+0300][7,785s][info ][gc] GC(226) Pause Young (Normal) (G1 Evacuation Pause) 248M->239M(256M) 3,739ms
[2021-10-31T13:58:55.203+0300][7,801s][info ][gc] GC(227) To-space exhausted
[2021-10-31T13:58:55.203+0300][7,801s][info ][gc] GC(227) Pause Young (Normal) (G1 Evacuation Pause) 249M->249M(256M) 7,075ms
[2021-10-31T13:58:55.212+0300][7,809s][info ][gc] GC(228) To-space exhausted
[2021-10-31T13:58:55.212+0300][7,809s][info ][gc] GC(228) Pause Young (Normal) (G1 Evacuation Pause) 252M->252M(256M) 5,864ms
[2021-10-31T13:58:55.212+0300][7,810s][debug][gc] GC(229) Clear Next Bitmap 0,355ms
[2021-10-31T13:58:55.228+0300][7,826s][info ][gc] GC(229) Pause Full (G1 Evacuation Pause) 252M->42M(256M) 16,305ms
[2021-10-31T13:58:55.228+0300][7,826s][info ][gc] GC(220) Concurrent Cycle 146,206ms
[2021-10-31T13:58:55.349+0300][7,946s][info ][gc] GC(230) Pause Young (Normal) (G1 Evacuation Pause) 169M->68M(256M) 28,227ms
[2021-10-31T13:58:55.458+0300][8,056s][info ][gc] GC(231) Pause Young (Normal) (G1 Evacuation Pause) 176M->90M(256M) 30,755ms
[2021-10-31T13:58:55.552+0300][8,149s][info ][gc] GC(232) Pause Young (Normal) (G1 Evacuation Pause) 183M->110M(256M) 26,108ms
[2021-10-31T13:58:55.633+0300][8,231s][info ][gc] GC(233) Pause Young (Normal) (G1 Evacuation Pause) 189M->127M(256M) 23,206ms
[2021-10-31T13:58:55.703+0300][8,301s][info ][gc] GC(234) Pause Young (Concurrent Start) (G1 Evacuation Pause) 194M->141M(256M) 21,094ms
[2021-10-31T13:58:55.703+0300][8,301s][info ][gc] GC(235) Concurrent Cycle
[2021-10-31T13:58:55.769+0300][8,366s][info ][gc] GC(236) Pause Young (Normal) (G1 Evacuation Pause) 198M->154M(256M) 16,774ms
[2021-10-31T13:58:55.838+0300][8,436s][info ][gc] GC(237) Pause Young (Normal) (G1 Evacuation Pause) 202M->165M(256M) 16,331ms
[2021-10-31T13:58:55.856+0300][8,453s][info ][gc] GC(235) Pause Remark 186M->186M(256M) 0,391ms
[2021-10-31T13:58:55.884+0300][8,482s][info ][gc] GC(238) Pause Young (Normal) (G1 Evacuation Pause) 206M->175M(256M) 13,060ms
[2021-10-31T13:58:55.920+0300][8,518s][info ][gc] GC(239) Pause Young (Normal) (G1 Evacuation Pause) 209M->183M(256M) 11,170ms
[2021-10-31T13:58:55.951+0300][8,549s][info ][gc] GC(240) Pause Young (Normal) (G1 Evacuation Pause) 211M->189M(256M) 9,941ms
[2021-10-31T13:58:55.961+0300][8,559s][info ][gc] GC(235) Pause Cleanup 203M->203M(256M) 0,094ms
[2021-10-31T13:58:55.961+0300][8,559s][info ][gc] GC(235) Concurrent Cycle 257,752ms
[2021-10-31T13:58:55.977+0300][8,575s][info ][gc] GC(241) Pause Young (Normal) (G1 Evacuation Pause) 213M->195M(256M) 8,421ms
[2021-10-31T13:58:56.000+0300][8,598s][info ][gc] GC(242) Pause Young (Concurrent Start) (G1 Evacuation Pause) 215M->199M(256M) 8,021ms
[2021-10-31T13:58:56.000+0300][8,598s][info ][gc] GC(243) Concurrent Cycle
[2021-10-31T13:58:56.020+0300][8,618s][info ][gc] GC(244) Pause Young (Normal) (G1 Evacuation Pause) 216M->203M(256M) 5,478ms
[2021-10-31T13:58:56.037+0300][8,634s][info ][gc] GC(245) Pause Young (Normal) (G1 Evacuation Pause) 217M->206M(256M) 4,715ms
[2021-10-31T13:58:56.052+0300][8,650s][info ][gc] GC(246) Pause Young (Normal) (G1 Evacuation Pause) 218M->209M(256M) 4,904ms
[2021-10-31T13:58:56.071+0300][8,669s][info ][gc] GC(247) Pause Young (Normal) (G1 Evacuation Pause) 219M->212M(256M) 4,948ms
[2021-10-31T13:58:56.090+0300][8,687s][info ][gc] GC(248) Pause Young (Normal) (G1 Evacuation Pause) 222M->214M(256M) 4,595ms
[2021-10-31T13:58:56.102+0300][8,700s][info ][gc] GC(249) Pause Young (Normal) (G1 Evacuation Pause) 224M->216M(256M) 3,691ms
[2021-10-31T13:58:56.115+0300][8,712s][info ][gc] GC(250) Pause Young (Normal) (G1 Evacuation Pause) 226M->218M(256M) 4,280ms
[2021-10-31T13:58:56.128+0300][8,725s][info ][gc] GC(251) Pause Young (Normal) (G1 Evacuation Pause) 228M->220M(256M) 4,224ms
[2021-10-31T13:58:56.140+0300][8,738s][info ][gc] GC(252) Pause Young (Normal) (G1 Evacuation Pause) 230M->222M(256M) 4,301ms
[2021-10-31T13:58:56.153+0300][8,751s][info ][gc] GC(253) Pause Young (Normal) (G1 Evacuation Pause) 232M->225M(256M) 4,184ms
[2021-10-31T13:58:56.166+0300][8,763s][info ][gc] GC(254) Pause Young (Normal) (G1 Evacuation Pause) 235M->227M(256M) 3,744ms
[2021-10-31T13:58:56.178+0300][8,776s][info ][gc] GC(255) Pause Young (Normal) (G1 Evacuation Pause) 237M->229M(256M) 4,214ms
[2021-10-31T13:58:56.191+0300][8,789s][info ][gc] GC(256) Pause Young (Normal) (G1 Evacuation Pause) 239M->231M(256M) 4,178ms
[2021-10-31T13:58:56.204+0300][8,802s][info ][gc] GC(257) Pause Young (Normal) (G1 Evacuation Pause) 241M->233M(256M) 4,119ms
[2021-10-31T13:58:56.217+0300][8,814s][info ][gc] GC(258) Pause Young (Normal) (G1 Evacuation Pause) 243M->236M(256M) 3,766ms
[2021-10-31T13:58:56.229+0300][8,826s][info ][gc] GC(259) Pause Young (Normal) (G1 Evacuation Pause) 246M->238M(256M) 3,717ms
[2021-10-31T13:58:56.243+0300][8,841s][info ][gc] GC(260) To-space exhausted
[2021-10-31T13:58:56.243+0300][8,841s][info ][gc] GC(260) Pause Young (Normal) (G1 Evacuation Pause) 248M->243M(256M) 5,752ms
[2021-10-31T13:58:56.261+0300][8,859s][info ][gc] GC(261) To-space exhausted
[2021-10-31T13:58:56.261+0300][8,859s][info ][gc] GC(261) Pause Young (Normal) (G1 Evacuation Pause) 251M->251M(256M) 10,946ms
[2021-10-31T13:58:56.261+0300][8,859s][debug][gc] GC(262) Clear Next Bitmap 0,270ms
[2021-10-31T13:58:56.451+0300][9,049s][info ][gc] GC(262) Pause Full (G1 Evacuation Pause) 251M->225M(256M) 190,346ms
[2021-10-31T13:58:56.452+0300][9,049s][info ][gc] GC(243) Concurrent Cycle 451,509ms
[2021-10-31T13:58:56.464+0300][9,062s][info ][gc] GC(263) Pause Young (Normal) (G1 Evacuation Pause) 237M->228M(256M) 3,966ms
[2021-10-31T13:58:56.476+0300][9,073s][info ][gc] GC(264) Pause Young (Concurrent Start) (G1 Evacuation Pause) 238M->230M(256M) 3,992ms
[2021-10-31T13:58:56.476+0300][9,073s][info ][gc] GC(265) Concurrent Cycle
[2021-10-31T13:58:56.489+0300][9,086s][info ][gc] GC(266) Pause Young (Normal) (G1 Evacuation Pause) 240M->232M(256M) 4,274ms
[2021-10-31T13:58:56.507+0300][9,104s][info ][gc] GC(267) Pause Young (Normal) (G1 Evacuation Pause) 242M->234M(256M) 4,338ms
[2021-10-31T13:58:56.525+0300][9,122s][info ][gc] GC(268) Pause Young (Normal) (G1 Evacuation Pause) 244M->236M(256M) 3,959ms
[2021-10-31T13:58:56.543+0300][9,140s][info ][gc] GC(269) Pause Young (Normal) (G1 Evacuation Pause) 246M->239M(256M) 4,645ms
[2021-10-31T13:58:56.583+0300][9,181s][info ][gc] GC(270) Pause Young (Normal) (G1 Evacuation Pause) 249M->238M(256M) 3,505ms
[2021-10-31T13:58:56.595+0300][9,193s][info ][gc] GC(271) Pause Young (Normal) (G1 Evacuation Pause) 248M->240M(256M) 3,894ms
[2021-10-31T13:58:56.611+0300][9,209s][info ][gc] GC(272) To-space exhausted
[2021-10-31T13:58:56.611+0300][9,209s][info ][gc] GC(272) Pause Young (Normal) (G1 Evacuation Pause) 250M->248M(256M) 6,978ms
[2021-10-31T13:58:56.621+0300][9,219s][info ][gc] GC(273) To-space exhausted
[2021-10-31T13:58:56.621+0300][9,219s][info ][gc] GC(273) Pause Young (Normal) (G1 Evacuation Pause) 252M->252M(256M) 6,770ms
[2021-10-31T13:58:56.622+0300][9,219s][debug][gc] GC(274) Clear Next Bitmap 0,266ms
[2021-10-31T13:58:56.639+0300][9,236s][info ][gc] GC(274) Pause Full (G1 Evacuation Pause) 252M->43M(256M) 17,155ms
[2021-10-31T13:58:56.639+0300][9,236s][info ][gc] GC(265) Concurrent Cycle 162,988ms
[2021-10-31T13:58:56.759+0300][9,356s][info ][gc] GC(275) Pause Young (Normal) (G1 Evacuation Pause) 169M->68M(256M) 27,593ms
[2021-10-31T13:58:56.869+0300][9,467s][info ][gc] GC(276) Pause Young (Normal) (G1 Evacuation Pause) 176M->91M(256M) 32,806ms
[2021-10-31T13:58:56.966+0300][9,564s][info ][gc] GC(277) Pause Young (Normal) (G1 Evacuation Pause) 183M->111M(256M) 28,239ms
[2021-10-31T13:58:57.046+0300][9,643s][info ][gc] GC(278) Pause Young (Normal) (G1 Evacuation Pause) 189M->128M(256M) 22,584ms
[2021-10-31T13:58:57.117+0300][9,715s][info ][gc] GC(279) Pause Young (Concurrent Start) (G1 Evacuation Pause) 195M->143M(256M) 21,489ms
[2021-10-31T13:58:57.117+0300][9,715s][info ][gc] GC(280) Concurrent Cycle
[2021-10-31T13:58:57.199+0300][9,796s][info ][gc] GC(281) Pause Young (Normal) (G1 Evacuation Pause) 199M->156M(256M) 17,112ms
[2021-10-31T13:58:57.254+0300][9,852s][info ][gc] GC(282) Pause Young (Normal) (G1 Evacuation Pause) 203M->166M(256M) 15,415ms
[2021-10-31T13:58:57.270+0300][9,867s][info ][gc] GC(280) Pause Remark 184M->184M(256M) 0,543ms
[2021-10-31T13:58:57.298+0300][9,896s][info ][gc] GC(283) Pause Young (Normal) (G1 Evacuation Pause) 206M->175M(256M) 11,644ms
[2021-10-31T13:58:57.333+0300][9,930s][info ][gc] GC(284) Pause Young (Normal) (G1 Evacuation Pause) 209M->182M(256M) 9,829ms
[2021-10-31T13:58:57.364+0300][9,962s][info ][gc] GC(285) Pause Young (Normal) (G1 Evacuation Pause) 211M->189M(256M) 10,219ms
[2021-10-31T13:58:57.373+0300][9,971s][info ][gc] GC(280) Pause Cleanup 201M->201M(256M) 0,085ms
[2021-10-31T13:58:57.374+0300][9,971s][info ][gc] GC(280) Concurrent Cycle 256,696ms
[2021-10-31T13:58:57.390+0300][9,988s][info ][gc] GC(286) Pause Young (Normal) (G1 Evacuation Pause) 213M->194M(256M) 8,391ms
[2021-10-31T13:58:57.414+0300][10,012s][info ][gc] GC(287) Pause Young (Concurrent Start) (G1 Evacuation Pause) 215M->199M(256M) 8,137ms
[2021-10-31T13:58:57.414+0300][10,012s][info ][gc] GC(288) Concurrent Cycle
[2021-10-31T13:58:57.435+0300][10,033s][info ][gc] GC(289) Pause Young (Normal) (G1 Evacuation Pause) 216M->203M(256M) 6,957ms
[2021-10-31T13:58:57.454+0300][10,052s][info ][gc] GC(290) Pause Young (Normal) (G1 Evacuation Pause) 217M->206M(256M) 6,571ms
[2021-10-31T13:58:57.470+0300][10,067s][info ][gc] GC(291) Pause Young (Normal) (G1 Evacuation Pause) 218M->209M(256M) 5,140ms
[2021-10-31T13:58:57.482+0300][10,080s][info ][gc] GC(292) Pause Young (Normal) (G1 Evacuation Pause) 219M->211M(256M) 3,745ms
[2021-10-31T13:58:57.495+0300][10,092s][info ][gc] GC(293) Pause Young (Normal) (G1 Evacuation Pause) 221M->213M(256M) 4,124ms
[2021-10-31T13:58:57.508+0300][10,106s][info ][gc] GC(294) Pause Young (Normal) (G1 Evacuation Pause) 223M->216M(256M) 4,825ms
[2021-10-31T13:58:57.522+0300][10,119s][info ][gc] GC(295) Pause Young (Normal) (G1 Evacuation Pause) 226M->218M(256M) 4,708ms
[2021-10-31T13:58:57.535+0300][10,133s][info ][gc] GC(296) Pause Young (Normal) (G1 Evacuation Pause) 228M->220M(256M) 4,666ms
[2021-10-31T13:58:57.548+0300][10,146s][info ][gc] GC(297) Pause Young (Normal) (G1 Evacuation Pause) 230M->222M(256M) 4,510ms
[2021-10-31T13:58:57.561+0300][10,159s][info ][gc] GC(298) Pause Young (Normal) (G1 Evacuation Pause) 232M->224M(256M) 4,524ms
[2021-10-31T13:58:57.575+0300][10,173s][info ][gc] GC(299) Pause Young (Normal) (G1 Evacuation Pause) 234M->227M(256M) 4,490ms
[2021-10-31T13:58:57.588+0300][10,185s][info ][gc] GC(300) Pause Young (Normal) (G1 Evacuation Pause) 237M->229M(256M) 4,211ms
[2021-10-31T13:58:57.606+0300][10,204s][info ][gc] GC(301) Pause Young (Normal) (G1 Evacuation Pause) 239M->231M(256M) 4,282ms
[2021-10-31T13:58:57.625+0300][10,223s][info ][gc] GC(302) Pause Young (Normal) (G1 Evacuation Pause) 241M->233M(256M) 5,010ms
[2021-10-31T13:58:57.643+0300][10,241s][info ][gc] GC(303) Pause Young (Normal) (G1 Evacuation Pause) 243M->235M(256M) 4,225ms
[2021-10-31T13:58:57.662+0300][10,259s][info ][gc] GC(304) Pause Young (Normal) (G1 Evacuation Pause) 245M->238M(256M) 4,748ms
[2021-10-31T13:58:57.682+0300][10,279s][info ][gc] GC(305) To-space exhausted
[2021-10-31T13:58:57.682+0300][10,279s][info ][gc] GC(305) Pause Young (Normal) (G1 Evacuation Pause) 248M->243M(256M) 5,939ms
[2021-10-31T13:58:57.704+0300][10,302s][info ][gc] GC(306) To-space exhausted
[2021-10-31T13:58:57.705+0300][10,302s][info ][gc] GC(306) Pause Young (Normal) (G1 Evacuation Pause) 251M->251M(256M) 11,524ms
[2021-10-31T13:58:57.705+0300][10,302s][debug][gc] GC(307) Clear Next Bitmap 0,282ms
[2021-10-31T13:58:57.896+0300][10,493s][info ][gc] GC(307) Pause Full (G1 Evacuation Pause) 251M->225M(256M) 191,202ms
[2021-10-31T13:58:57.896+0300][10,494s][info ][gc] GC(288) Concurrent Cycle 481,959ms
[2021-10-31T13:58:57.909+0300][10,506s][info ][gc] GC(308) Pause Young (Normal) (G1 Evacuation Pause) 237M->228M(256M) 4,162ms
[2021-10-31T13:58:57.920+0300][10,518s][info ][gc] GC(309) Pause Young (Concurrent Start) (G1 Evacuation Pause) 238M->230M(256M) 4,306ms
[2021-10-31T13:58:57.920+0300][10,518s][info ][gc] GC(310) Concurrent Cycle
[2021-10-31T13:58:57.933+0300][10,531s][info ][gc] GC(311) Pause Young (Normal) (G1 Evacuation Pause) 240M->232M(256M) 4,183ms
[2021-10-31T13:58:57.946+0300][10,544s][info ][gc] GC(312) Pause Young (Normal) (G1 Evacuation Pause) 242M->234M(256M) 4,367ms
[2021-10-31T13:58:57.959+0300][10,556s][info ][gc] GC(313) Pause Young (Normal) (G1 Evacuation Pause) 244M->236M(256M) 4,016ms
[2021-10-31T13:58:57.972+0300][10,569s][info ][gc] GC(314) Pause Young (Normal) (G1 Evacuation Pause) 246M->239M(256M) 4,023ms
[2021-10-31T13:58:58.014+0300][10,611s][info ][gc] GC(315) Pause Young (Normal) (G1 Evacuation Pause) 249M->238M(256M) 3,396ms
[2021-10-31T13:58:58.030+0300][10,627s][info ][gc] GC(316) To-space exhausted
[2021-10-31T13:58:58.030+0300][10,627s][info ][gc] GC(316) Pause Young (Normal) (G1 Evacuation Pause) 248M->243M(256M) 5,773ms
[2021-10-31T13:58:58.048+0300][10,646s][info ][gc] GC(317) To-space exhausted
[2021-10-31T13:58:58.049+0300][10,646s][info ][gc] GC(317) Pause Young (Normal) (G1 Evacuation Pause) 251M->251M(256M) 10,098ms
[2021-10-31T13:58:58.049+0300][10,647s][debug][gc] GC(318) Clear Next Bitmap 0,328ms
[2021-10-31T13:58:58.064+0300][10,662s][info ][gc] GC(318) Pause Full (G1 Evacuation Pause) 251M->42M(256M) 15,875ms
[2021-10-31T13:58:58.065+0300][10,662s][info ][gc] GC(310) Concurrent Cycle 144,207ms
[2021-10-31T13:58:58.185+0300][10,783s][info ][gc] GC(319) Pause Young (Normal) (G1 Evacuation Pause) 169M->67M(256M) 28,502ms
[2021-10-31T13:58:58.296+0300][10,894s][info ][gc] GC(320) Pause Young (Normal) (G1 Evacuation Pause) 175M->90M(256M) 31,436ms
[2021-10-31T13:58:58.392+0300][10,990s][info ][gc] GC(321) Pause Young (Normal) (G1 Evacuation Pause) 183M->110M(256M) 29,280ms
[2021-10-31T13:58:58.474+0300][11,071s][info ][gc] GC(322) Pause Young (Normal) (G1 Evacuation Pause) 188M->127M(256M) 24,422ms
[2021-10-31T13:58:58.545+0300][11,143s][info ][gc] GC(323) Pause Young (Concurrent Start) (G1 Evacuation Pause) 194M->142M(256M) 21,211ms
[2021-10-31T13:58:58.545+0300][11,143s][info ][gc] GC(324) Concurrent Cycle
[2021-10-31T13:58:58.612+0300][11,210s][info ][gc] GC(325) Pause Young (Normal) (G1 Evacuation Pause) 199M->155M(256M) 18,557ms
[2021-10-31T13:58:58.669+0300][11,267s][info ][gc] GC(326) Pause Young (Normal) (G1 Evacuation Pause) 202M->166M(256M) 16,717ms
[2021-10-31T13:58:58.715+0300][11,313s][info ][gc] GC(327) Pause Young (Normal) (G1 Evacuation Pause) 205M->175M(256M) 12,374ms
[2021-10-31T13:58:58.727+0300][11,325s][info ][gc] GC(324) Pause Remark 189M->189M(256M) 0,377ms
[2021-10-31T13:58:58.752+0300][11,350s][info ][gc] GC(328) Pause Young (Normal) (G1 Evacuation Pause) 208M->183M(256M) 10,627ms
[2021-10-31T13:58:58.784+0300][11,381s][info ][gc] GC(329) Pause Young (Normal) (G1 Evacuation Pause) 211M->189M(256M) 10,677ms
[2021-10-31T13:58:58.809+0300][11,407s][info ][gc] GC(330) Pause Young (Normal) (G1 Evacuation Pause) 212M->194M(256M) 8,596ms
[2021-10-31T13:58:58.831+0300][11,429s][info ][gc] GC(331) Pause Young (Normal) (G1 Evacuation Pause) 214M->199M(256M) 6,984ms
[2021-10-31T13:58:58.849+0300][11,447s][info ][gc] GC(332) Pause Young (Normal) (G1 Evacuation Pause) 216M->203M(256M) 5,739ms
[2021-10-31T13:58:58.865+0300][11,462s][info ][gc] GC(333) Pause Young (Normal) (G1 Evacuation Pause) 217M->206M(256M) 4,980ms
[2021-10-31T13:58:58.878+0300][11,476s][info ][gc] GC(334) Pause Young (Normal) (G1 Evacuation Pause) 218M->208M(256M) 4,690ms
[2021-10-31T13:58:58.890+0300][11,488s][info ][gc] GC(335) Pause Young (Normal) (G1 Evacuation Pause) 218M->211M(256M) 3,657ms
[2021-10-31T13:58:58.902+0300][11,499s][info ][gc] GC(336) Pause Young (Normal) (G1 Evacuation Pause) 221M->213M(256M) 4,116ms
[2021-10-31T13:58:58.913+0300][11,511s][info ][gc] GC(337) Pause Young (Normal) (G1 Evacuation Pause) 223M->215M(256M) 3,826ms
[2021-10-31T13:58:58.917+0300][11,515s][info ][gc] GC(324) Pause Cleanup 220M->220M(256M) 0,087ms
[2021-10-31T13:58:58.917+0300][11,515s][info ][gc] GC(324) Concurrent Cycle 372,179ms
[2021-10-31T13:58:58.925+0300][11,523s][info ][gc] GC(338) Pause Young (Normal) (G1 Evacuation Pause) 225M->217M(256M) 4,407ms
[2021-10-31T13:58:58.936+0300][11,534s][info ][gc] GC(339) Pause Young (Concurrent Start) (G1 Evacuation Pause) 227M->220M(256M) 4,025ms
[2021-10-31T13:58:58.936+0300][11,534s][info ][gc] GC(340) Concurrent Cycle
[2021-10-31T13:58:58.949+0300][11,547s][info ][gc] GC(341) Pause Young (Normal) (G1 Evacuation Pause) 230M->222M(256M) 4,064ms
[2021-10-31T13:58:58.962+0300][11,560s][info ][gc] GC(342) Pause Young (Normal) (G1 Evacuation Pause) 232M->224M(256M) 4,722ms
[2021-10-31T13:58:58.975+0300][11,573s][info ][gc] GC(343) Pause Young (Normal) (G1 Evacuation Pause) 234M->226M(256M) 4,230ms
[2021-10-31T13:58:58.988+0300][11,586s][info ][gc] GC(344) Pause Young (Normal) (G1 Evacuation Pause) 236M->228M(256M) 4,154ms
[2021-10-31T13:58:59.000+0300][11,598s][info ][gc] GC(345) Pause Young (Normal) (G1 Evacuation Pause) 238M->230M(256M) 3,905ms
[2021-10-31T13:58:59.013+0300][11,611s][info ][gc] GC(346) Pause Young (Normal) (G1 Evacuation Pause) 240M->233M(256M) 3,931ms
[2021-10-31T13:58:59.026+0300][11,624s][info ][gc] GC(347) Pause Young (Normal) (G1 Evacuation Pause) 243M->235M(256M) 4,487ms
[2021-10-31T13:58:59.040+0300][11,637s][info ][gc] GC(348) Pause Young (Normal) (G1 Evacuation Pause) 245M->237M(256M) 4,528ms
[2021-10-31T13:58:59.054+0300][11,651s][info ][gc] GC(349) To-space exhausted
[2021-10-31T13:58:59.054+0300][11,652s][info ][gc] GC(349) Pause Young (Normal) (G1 Evacuation Pause) 247M->242M(256M) 5,753ms
[2021-10-31T13:58:59.074+0300][11,671s][info ][gc] GC(350) To-space exhausted
[2021-10-31T13:58:59.074+0300][11,671s][info ][gc] GC(350) Pause Young (Normal) (G1 Evacuation Pause) 251M->251M(256M) 11,998ms
[2021-10-31T13:58:59.074+0300][11,672s][debug][gc] GC(351) Clear Next Bitmap 0,292ms
[2021-10-31T13:58:59.264+0300][11,861s][info ][gc] GC(351) Pause Full (G1 Evacuation Pause) 251M->224M(256M) 189,973ms
[2021-10-31T13:58:59.264+0300][11,862s][info ][gc] GC(340) Concurrent Cycle 327,428ms
[2021-10-31T13:58:59.276+0300][11,874s][info ][gc] GC(352) Pause Young (Normal) (G1 Evacuation Pause) 236M->226M(256M) 3,864ms
[2021-10-31T13:58:59.288+0300][11,885s][info ][gc] GC(353) Pause Young (Concurrent Start) (G1 Evacuation Pause) 236M->228M(256M) 3,828ms
[2021-10-31T13:58:59.288+0300][11,885s][info ][gc] GC(354) Concurrent Cycle
[2021-10-31T13:58:59.300+0300][11,898s][info ][gc] GC(355) Pause Young (Normal) (G1 Evacuation Pause) 238M->231M(256M) 4,129ms
[2021-10-31T13:58:59.313+0300][11,911s][info ][gc] GC(356) Pause Young (Normal) (G1 Evacuation Pause) 241M->233M(256M) 4,283ms
[2021-10-31T13:58:59.326+0300][11,924s][info ][gc] GC(357) Pause Young (Normal) (G1 Evacuation Pause) 243M->235M(256M) 4,079ms
[2021-10-31T13:58:59.339+0300][11,937s][info ][gc] GC(358) Pause Young (Normal) (G1 Evacuation Pause) 245M->237M(256M) 4,217ms
[2021-10-31T13:58:59.352+0300][11,950s][info ][gc] GC(359) Pause Young (Normal) (G1 Evacuation Pause) 247M->239M(256M) 4,485ms
[2021-10-31T13:58:59.392+0300][11,989s][info ][gc] GC(360) Pause Young (Normal) (G1 Evacuation Pause) 249M->239M(256M) 3,550ms
[2021-10-31T13:58:59.407+0300][12,005s][info ][gc] GC(361) To-space exhausted
[2021-10-31T13:58:59.407+0300][12,005s][info ][gc] GC(361) Pause Young (Normal) (G1 Evacuation Pause) 249M->245M(256M) 7,267ms
[2021-10-31T13:58:59.421+0300][12,019s][info ][gc] GC(362) To-space exhausted
[2021-10-31T13:58:59.421+0300][12,019s][info ][gc] GC(362) Pause Young (Normal) (G1 Evacuation Pause) 252M->252M(256M) 7,646ms
[2021-10-31T13:58:59.421+0300][12,019s][debug][gc] GC(363) Clear Next Bitmap 0,322ms
[2021-10-31T13:58:59.438+0300][12,035s][info ][gc] GC(363) Pause Full (G1 Evacuation Pause) 252M->42M(256M) 16,436ms
[2021-10-31T13:58:59.438+0300][12,035s][info ][gc] GC(354) Concurrent Cycle 150,017ms
[2021-10-31T13:58:59.561+0300][12,158s][info ][gc] GC(364) Pause Young (Normal) (G1 Evacuation Pause) 169M->68M(256M) 24,146ms
[2021-10-31T13:58:59.671+0300][12,269s][info ][gc] GC(365) Pause Young (Normal) (G1 Evacuation Pause) 176M->90M(256M) 30,686ms
[2021-10-31T13:58:59.768+0300][12,365s][info ][gc] GC(366) Pause Young (Normal) (G1 Evacuation Pause) 183M->110M(256M) 28,387ms
[2021-10-31T13:58:59.847+0300][12,445s][info ][gc] GC(367) Pause Young (Normal) (G1 Evacuation Pause) 189M->128M(256M) 22,878ms
[2021-10-31T13:58:59.917+0300][12,515s][info ][gc] GC(368) Pause Young (Concurrent Start) (G1 Evacuation Pause) 195M->143M(256M) 20,954ms
[2021-10-31T13:58:59.917+0300][12,515s][info ][gc] GC(369) Concurrent Cycle
[2021-10-31T13:59:00.012+0300][12,610s][info ][gc] GC(370) Pause Young (Normal) (G1 Evacuation Pause) 199M->155M(256M) 17,825ms
[2021-10-31T13:59:00.070+0300][12,668s][info ][gc] GC(371) Pause Young (Normal) (G1 Evacuation Pause) 203M->166M(256M) 16,476ms
[2021-10-31T13:59:00.076+0300][12,674s][info ][gc] GC(369) Pause Remark 173M->173M(256M) 0,325ms
[2021-10-31T13:59:00.126+0300][12,724s][info ][gc] GC(372) Pause Young (Normal) (G1 Evacuation Pause) 206M->175M(256M) 12,917ms
[2021-10-31T13:59:00.162+0300][12,759s][info ][gc] GC(373) Pause Young (Normal) (G1 Evacuation Pause) 209M->183M(256M) 10,318ms
[2021-10-31T13:59:00.191+0300][12,789s][info ][gc] GC(374) Pause Young (Normal) (G1 Evacuation Pause) 211M->189M(256M) 9,255ms
[2021-10-31T13:59:00.193+0300][12,790s][info ][gc] GC(369) Pause Cleanup 191M->191M(256M) 0,073ms
[2021-10-31T13:59:00.193+0300][12,791s][info ][gc] GC(369) Concurrent Cycle 275,584ms
[2021-10-31T13:59:00.219+0300][12,817s][info ][gc] GC(375) Pause Young (Normal) (G1 Evacuation Pause) 213M->195M(256M) 9,709ms
[2021-10-31T13:59:00.241+0300][12,839s][info ][gc] GC(376) Pause Young (Concurrent Start) (G1 Evacuation Pause) 215M->199M(256M) 7,850ms
[2021-10-31T13:59:00.241+0300][12,839s][info ][gc] GC(377) Concurrent Cycle
[2021-10-31T13:59:00.262+0300][12,860s][info ][gc] GC(378) Pause Young (Normal) (G1 Evacuation Pause) 216M->203M(256M) 6,177ms
[2021-10-31T13:59:00.280+0300][12,878s][info ][gc] GC(379) Pause Young (Normal) (G1 Evacuation Pause) 217M->206M(256M) 6,082ms
[2021-10-31T13:59:00.295+0300][12,893s][info ][gc] GC(380) Pause Young (Normal) (G1 Evacuation Pause) 218M->209M(256M) 4,722ms
[2021-10-31T13:59:00.308+0300][12,906s][info ][gc] GC(381) Pause Young (Normal) (G1 Evacuation Pause) 219M->211M(256M) 3,869ms
[2021-10-31T13:59:00.321+0300][12,918s][info ][gc] GC(382) Pause Young (Normal) (G1 Evacuation Pause) 221M->214M(256M) 4,185ms
[2021-10-31T13:59:00.333+0300][12,931s][info ][gc] GC(383) Pause Young (Normal) (G1 Evacuation Pause) 224M->216M(256M) 4,126ms
[2021-10-31T13:59:00.346+0300][12,944s][info ][gc] GC(384) Pause Young (Normal) (G1 Evacuation Pause) 226M->218M(256M) 4,456ms
[2021-10-31T13:59:00.360+0300][12,958s][info ][gc] GC(385) Pause Young (Normal) (G1 Evacuation Pause) 228M->220M(256M) 4,660ms
[2021-10-31T13:59:00.373+0300][12,970s][info ][gc] GC(386) Pause Young (Normal) (G1 Evacuation Pause) 230M->222M(256M) 4,283ms
[2021-10-31T13:59:00.386+0300][12,983s][info ][gc] GC(387) Pause Young (Normal) (G1 Evacuation Pause) 232M->225M(256M) 4,371ms
[2021-10-31T13:59:00.399+0300][12,996s][info ][gc] GC(388) Pause Young (Normal) (G1 Evacuation Pause) 235M->227M(256M) 4,347ms
[2021-10-31T13:59:00.412+0300][13,009s][info ][gc] GC(389) Pause Young (Normal) (G1 Evacuation Pause) 237M->229M(256M) 4,517ms
[2021-10-31T13:59:00.425+0300][13,022s][info ][gc] GC(390) Pause Young (Normal) (G1 Evacuation Pause) 239M->231M(256M) 4,194ms
[2021-10-31T13:59:00.437+0300][13,035s][info ][gc] GC(391) Pause Young (Normal) (G1 Evacuation Pause) 241M->233M(256M) 3,918ms
[2021-10-31T13:59:00.450+0300][13,048s][info ][gc] GC(392) Pause Young (Normal) (G1 Evacuation Pause) 243M->235M(256M) 4,198ms
[2021-10-31T13:59:00.463+0300][13,060s][info ][gc] GC(393) Pause Young (Normal) (G1 Evacuation Pause) 245M->238M(256M) 4,109ms
[2021-10-31T13:59:00.478+0300][13,075s][info ][gc] GC(394) To-space exhausted
[2021-10-31T13:59:00.478+0300][13,075s][info ][gc] GC(394) Pause Young (Normal) (G1 Evacuation Pause) 248M->245M(256M) 6,365ms
[2021-10-31T13:59:00.490+0300][13,087s][info ][gc] GC(395) To-space exhausted
[2021-10-31T13:59:00.490+0300][13,088s][info ][gc] GC(395) Pause Young (Normal) (G1 Evacuation Pause) 251M->251M(256M) 6,964ms
[2021-10-31T13:59:00.490+0300][13,088s][debug][gc] GC(396) Clear Next Bitmap 0,321ms
[2021-10-31T13:59:00.676+0300][13,273s][info ][gc] GC(396) Pause Full (G1 Evacuation Pause) 251M->224M(256M) 185,807ms
[2021-10-31T13:59:00.676+0300][13,273s][info ][gc] GC(377) Concurrent Cycle 434,360ms
[2021-10-31T13:59:00.688+0300][13,286s][info ][gc] GC(397) Pause Young (Normal) (G1 Evacuation Pause) 236M->227M(256M) 3,641ms
[2021-10-31T13:59:00.700+0300][13,298s][info ][gc] GC(398) Pause Young (Concurrent Start) (G1 Evacuation Pause) 237M->229M(256M) 4,332ms
[2021-10-31T13:59:00.700+0300][13,298s][info ][gc] GC(399) Concurrent Cycle
[2021-10-31T13:59:00.713+0300][13,311s][info ][gc] GC(400) Pause Young (Normal) (G1 Evacuation Pause) 239M->231M(256M) 4,453ms
[2021-10-31T13:59:00.726+0300][13,324s][info ][gc] GC(401) Pause Young (Normal) (G1 Evacuation Pause) 241M->233M(256M) 4,111ms
[2021-10-31T13:59:00.738+0300][13,336s][info ][gc] GC(402) Pause Young (Normal) (G1 Evacuation Pause) 243M->235M(256M) 3,863ms
[2021-10-31T13:59:00.751+0300][13,349s][info ][gc] GC(403) Pause Young (Normal) (G1 Evacuation Pause) 245M->238M(256M) 4,244ms
[2021-10-31T13:59:00.788+0300][13,386s][info ][gc] GC(404) Pause Young (Normal) (G1 Evacuation Pause) 248M->236M(256M) 1,046ms
[2021-10-31T13:59:00.801+0300][13,399s][info ][gc] GC(405) Pause Young (Normal) (G1 Evacuation Pause) 247M->238M(256M) 3,563ms
[2021-10-31T13:59:00.817+0300][13,414s][info ][gc] GC(406) To-space exhausted
[2021-10-31T13:59:00.817+0300][13,414s][info ][gc] GC(406) Pause Young (Normal) (G1 Evacuation Pause) 248M->242M(256M) 6,384ms
[2021-10-31T13:59:00.835+0300][13,433s][info ][gc] GC(407) To-space exhausted
[2021-10-31T13:59:00.835+0300][13,433s][info ][gc] GC(407) Pause Young (Normal) (G1 Evacuation Pause) 251M->251M(256M) 10,446ms
[2021-10-31T13:59:00.835+0300][13,433s][debug][gc] GC(408) Clear Next Bitmap 0,325ms
[2021-10-31T13:59:00.852+0300][13,450s][info ][gc] GC(408) Pause Full (G1 Evacuation Pause) 251M->43M(256M) 17,164ms
[2021-10-31T13:59:00.852+0300][13,450s][info ][gc] GC(399) Concurrent Cycle 152,090ms
[2021-10-31T13:59:00.971+0300][13,569s][info ][gc] GC(409) Pause Young (Normal) (G1 Evacuation Pause) 169M->69M(256M) 26,241ms
[2021-10-31T13:59:01.083+0300][13,681s][info ][gc] GC(410) Pause Young (Normal) (G1 Evacuation Pause) 177M->91M(256M) 33,293ms
[2021-10-31T13:59:01.179+0300][13,777s][info ][gc] GC(411) Pause Young (Normal) (G1 Evacuation Pause) 183M->111M(256M) 28,156ms
[2021-10-31T13:59:01.265+0300][13,862s][info ][gc] GC(412) Pause Young (Normal) (G1 Evacuation Pause) 189M->129M(256M) 27,532ms
[2021-10-31T13:59:01.334+0300][13,932s][info ][gc] GC(413) Pause Young (Concurrent Start) (G1 Evacuation Pause) 195M->144M(256M) 21,410ms
[2021-10-31T13:59:01.334+0300][13,932s][info ][gc] GC(414) Concurrent Cycle
[2021-10-31T13:59:01.399+0300][13,996s][info ][gc] GC(415) Pause Young (Normal) (G1 Evacuation Pause) 199M->157M(256M) 18,024ms
[2021-10-31T13:59:01.454+0300][14,051s][info ][gc] GC(416) Pause Young (Normal) (G1 Evacuation Pause) 203M->167M(256M) 15,102ms
[2021-10-31T13:59:01.479+0300][14,077s][info ][gc] GC(414) Pause Remark 196M->196M(256M) 0,506ms
[2021-10-31T13:59:01.500+0300][14,097s][info ][gc] GC(417) Pause Young (Normal) (G1 Evacuation Pause) 206M->176M(256M) 12,970ms
[2021-10-31T13:59:01.535+0300][14,133s][info ][gc] GC(418) Pause Young (Normal) (G1 Evacuation Pause) 209M->183M(256M) 10,963ms
[2021-10-31T13:59:01.565+0300][14,163s][info ][gc] GC(419) Pause Young (Normal) (G1 Evacuation Pause) 211M->189M(256M) 9,937ms
[2021-10-31T13:59:01.592+0300][14,190s][info ][gc] GC(420) Pause Young (Normal) (G1 Evacuation Pause) 213M->194M(256M) 8,726ms
[2021-10-31T13:59:01.594+0300][14,192s][info ][gc] GC(414) Pause Cleanup 197M->197M(256M) 0,082ms
[2021-10-31T13:59:01.594+0300][14,192s][info ][gc] GC(414) Concurrent Cycle 260,496ms
[2021-10-31T13:59:01.614+0300][14,211s][info ][gc] GC(421) Pause Young (Normal) (G1 Evacuation Pause) 214M->199M(256M) 6,895ms
[2021-10-31T13:59:01.633+0300][14,231s][info ][gc] GC(422) Pause Young (Concurrent Start) (G1 Evacuation Pause) 216M->203M(256M) 7,099ms
[2021-10-31T13:59:01.633+0300][14,231s][info ][gc] GC(423) Concurrent Cycle
[2021-10-31T13:59:01.651+0300][14,249s][info ][gc] GC(424) Pause Young (Normal) (G1 Evacuation Pause) 217M->206M(256M) 5,604ms
[2021-10-31T13:59:01.666+0300][14,263s][info ][gc] GC(425) Pause Young (Normal) (G1 Evacuation Pause) 218M->209M(256M) 4,564ms
[2021-10-31T13:59:01.678+0300][14,276s][info ][gc] GC(426) Pause Young (Normal) (G1 Evacuation Pause) 219M->211M(256M) 3,588ms
[2021-10-31T13:59:01.690+0300][14,288s][info ][gc] GC(427) Pause Young (Normal) (G1 Evacuation Pause) 221M->214M(256M) 3,797ms
[2021-10-31T13:59:01.703+0300][14,301s][info ][gc] GC(428) Pause Young (Normal) (G1 Evacuation Pause) 224M->216M(256M) 4,000ms
[2021-10-31T13:59:01.716+0300][14,313s][info ][gc] GC(429) Pause Young (Normal) (G1 Evacuation Pause) 226M->218M(256M) 4,155ms
[2021-10-31T13:59:01.729+0300][14,326s][info ][gc] GC(430) Pause Young (Normal) (G1 Evacuation Pause) 228M->220M(256M) 4,399ms
[2021-10-31T13:59:01.742+0300][14,339s][info ][gc] GC(431) Pause Young (Normal) (G1 Evacuation Pause) 230M->222M(256M) 4,113ms
[2021-10-31T13:59:01.754+0300][14,352s][info ][gc] GC(432) Pause Young (Normal) (G1 Evacuation Pause) 232M->224M(256M) 3,936ms
[2021-10-31T13:59:01.767+0300][14,365s][info ][gc] GC(433) Pause Young (Normal) (G1 Evacuation Pause) 234M->227M(256M) 4,220ms
[2021-10-31T13:59:01.780+0300][14,378s][info ][gc] GC(434) Pause Young (Normal) (G1 Evacuation Pause) 237M->229M(256M) 4,117ms
[2021-10-31T13:59:01.793+0300][14,390s][info ][gc] GC(435) Pause Young (Normal) (G1 Evacuation Pause) 239M->231M(256M) 4,234ms
[2021-10-31T13:59:01.805+0300][14,402s][info ][gc] GC(436) Pause Young (Normal) (G1 Evacuation Pause) 241M->233M(256M) 3,497ms
[2021-10-31T13:59:01.818+0300][14,415s][info ][gc] GC(437) Pause Young (Normal) (G1 Evacuation Pause) 243M->235M(256M) 4,182ms
[2021-10-31T13:59:01.830+0300][14,428s][info ][gc] GC(438) Pause Young (Normal) (G1 Evacuation Pause) 245M->237M(256M) 4,103ms
[2021-10-31T13:59:01.844+0300][14,442s][info ][gc] GC(439) To-space exhausted
[2021-10-31T13:59:01.844+0300][14,442s][info ][gc] GC(439) Pause Young (Normal) (G1 Evacuation Pause) 247M->243M(256M) 5,119ms
[2021-10-31T13:59:01.861+0300][14,459s][info ][gc] GC(440) To-space exhausted
[2021-10-31T13:59:01.861+0300][14,459s][info ][gc] GC(440) Pause Young (Normal) (G1 Evacuation Pause) 251M->251M(256M) 10,101ms
[2021-10-31T13:59:01.861+0300][14,459s][debug][gc] GC(441) Clear Next Bitmap 0,357ms
[2021-10-31T13:59:02.049+0300][14,646s][info ][gc] GC(441) Pause Full (G1 Evacuation Pause) 251M->224M(256M) 187,802ms
[2021-10-31T13:59:02.049+0300][14,647s][info ][gc] GC(423) Concurrent Cycle 415,686ms
[2021-10-31T13:59:02.061+0300][14,659s][info ][gc] GC(442) Pause Young (Normal) (G1 Evacuation Pause) 236M->227M(256M) 3,772ms
[2021-10-31T13:59:02.073+0300][14,671s][info ][gc] GC(443) Pause Young (Concurrent Start) (G1 Evacuation Pause) 237M->229M(256M) 4,309ms
[2021-10-31T13:59:02.073+0300][14,671s][info ][gc] GC(444) Concurrent Cycle
[2021-10-31T13:59:02.092+0300][14,689s][info ][gc] GC(445) Pause Young (Normal) (G1 Evacuation Pause) 239M->231M(256M) 4,879ms
[2021-10-31T13:59:02.110+0300][14,708s][info ][gc] GC(446) Pause Young (Normal) (G1 Evacuation Pause) 241M->233M(256M) 4,826ms
[2021-10-31T13:59:02.129+0300][14,727s][info ][gc] GC(447) Pause Young (Normal) (G1 Evacuation Pause) 243M->235M(256M) 4,953ms
[2021-10-31T13:59:02.142+0300][14,739s][info ][gc] GC(448) Pause Young (Normal) (G1 Evacuation Pause) 245M->237M(256M) 4,078ms
[2021-10-31T13:59:02.156+0300][14,754s][info ][gc] GC(449) To-space exhausted
[2021-10-31T13:59:02.156+0300][14,754s][info ][gc] GC(449) Pause Young (Normal) (G1 Evacuation Pause) 247M->243M(256M) 5,791ms
[2021-10-31T13:59:02.197+0300][14,795s][info ][gc] GC(450) To-space exhausted
[2021-10-31T13:59:02.197+0300][14,795s][info ][gc] GC(450) Pause Young (Normal) (G1 Evacuation Pause) 251M->249M(256M) 6,420ms
[2021-10-31T13:59:02.203+0300][14,800s][info ][gc] GC(451) To-space exhausted
[2021-10-31T13:59:02.203+0300][14,800s][info ][gc] GC(451) Pause Young (Normal) (G1 Evacuation Pause) 251M->251M(256M) 3,751ms
[2021-10-31T13:59:02.203+0300][14,801s][debug][gc] GC(452) Clear Next Bitmap 0,213ms
[2021-10-31T13:59:02.216+0300][14,814s][info ][gc] GC(452) Pause Full (G1 Evacuation Pause) 251M->39M(256M) 13,700ms
[2021-10-31T13:59:02.217+0300][14,814s][info ][gc] GC(444) Concurrent Cycle 143,387ms
[2021-10-31T13:59:02.335+0300][14,933s][info ][gc] GC(453) Pause Young (Normal) (G1 Evacuation Pause) 168M->65M(256M) 24,374ms
[2021-10-31T13:59:02.446+0300][15,043s][info ][gc] GC(454) Pause Young (Normal) (G1 Evacuation Pause) 176M->88M(256M) 30,035ms
[2021-10-31T13:59:02.544+0300][15,141s][info ][gc] GC(455) Pause Young (Normal) (G1 Evacuation Pause) 182M->109M(256M) 29,443ms
[2021-10-31T13:59:02.625+0300][15,223s][info ][gc] GC(456) Pause Young (Normal) (G1 Evacuation Pause) 189M->127M(256M) 22,734ms
[2021-10-31T13:59:02.694+0300][15,292s][info ][gc] GC(457) Pause Young (Concurrent Start) (G1 Evacuation Pause) 194M->141M(256M) 19,962ms
[2021-10-31T13:59:02.695+0300][15,292s][info ][gc] GC(458) Concurrent Cycle
[2021-10-31T13:59:02.760+0300][15,358s][info ][gc] GC(459) Pause Young (Normal) (G1 Evacuation Pause) 198M->154M(256M) 16,660ms
[2021-10-31T13:59:02.817+0300][15,414s][info ][gc] GC(460) Pause Young (Normal) (G1 Evacuation Pause) 202M->165M(256M) 15,020ms
[2021-10-31T13:59:02.865+0300][15,463s][info ][gc] GC(461) Pause Young (Normal) (G1 Evacuation Pause) 206M->174M(256M) 13,381ms
[2021-10-31T13:59:02.876+0300][15,474s][info ][gc] GC(458) Pause Remark 187M->187M(256M) 0,315ms
[2021-10-31T13:59:02.904+0300][15,502s][info ][gc] GC(462) Pause Young (Normal) (G1 Evacuation Pause) 209M->182M(256M) 11,519ms
[2021-10-31T13:59:02.937+0300][15,535s][info ][gc] GC(463) Pause Young (Normal) (G1 Evacuation Pause) 211M->189M(256M) 10,438ms
[2021-10-31T13:59:02.969+0300][15,566s][info ][gc] GC(464) Pause Young (Normal) (G1 Evacuation Pause) 213M->194M(256M) 8,315ms
[2021-10-31T13:59:02.992+0300][15,590s][info ][gc] GC(465) Pause Young (Normal) (G1 Evacuation Pause) 215M->199M(256M) 7,474ms
[2021-10-31T13:59:03.012+0300][15,610s][info ][gc] GC(466) Pause Young (Normal) (G1 Evacuation Pause) 216M->202M(256M) 7,340ms
[2021-10-31T13:59:03.028+0300][15,625s][info ][gc] GC(467) Pause Young (Normal) (G1 Evacuation Pause) 216M->206M(256M) 5,266ms
[2021-10-31T13:59:03.042+0300][15,639s][info ][gc] GC(468) Pause Young (Normal) (G1 Evacuation Pause) 218M->208M(256M) 4,839ms
[2021-10-31T13:59:03.053+0300][15,651s][info ][gc] GC(469) Pause Young (Normal) (G1 Evacuation Pause) 218M->211M(256M) 4,225ms
[2021-10-31T13:59:03.059+0300][15,657s][info ][gc] GC(458) Pause Cleanup 219M->219M(256M) 0,090ms
[2021-10-31T13:59:03.059+0300][15,657s][info ][gc] GC(458) Concurrent Cycle 364,807ms
[2021-10-31T13:59:03.065+0300][15,663s][info ][gc] GC(470) Pause Young (Normal) (G1 Evacuation Pause) 221M->213M(256M) 4,503ms
[2021-10-31T13:59:03.077+0300][15,675s][info ][gc] GC(471) Pause Young (Concurrent Start) (G1 Evacuation Pause) 223M->215M(256M) 4,611ms
[2021-10-31T13:59:03.077+0300][15,675s][info ][gc] GC(472) Concurrent Cycle
[2021-10-31T13:59:03.091+0300][15,689s][info ][gc] GC(473) Pause Young (Normal) (G1 Evacuation Pause) 225M->217M(256M) 4,319ms
[2021-10-31T13:59:03.104+0300][15,702s][info ][gc] GC(474) Pause Young (Normal) (G1 Evacuation Pause) 227M->220M(256M) 4,182ms
[2021-10-31T13:59:03.117+0300][15,714s][info ][gc] GC(475) Pause Young (Normal) (G1 Evacuation Pause) 230M->222M(256M) 3,944ms
[2021-10-31T13:59:03.129+0300][15,727s][info ][gc] GC(476) Pause Young (Normal) (G1 Evacuation Pause) 232M->224M(256M) 4,007ms
[2021-10-31T13:59:03.142+0300][15,740s][info ][gc] GC(477) Pause Young (Normal) (G1 Evacuation Pause) 234M->226M(256M) 4,219ms
[2021-10-31T13:59:03.155+0300][15,753s][info ][gc] GC(478) Pause Young (Normal) (G1 Evacuation Pause) 236M->228M(256M) 4,535ms
[2021-10-31T13:59:03.168+0300][15,765s][info ][gc] GC(479) Pause Young (Normal) (G1 Evacuation Pause) 238M->230M(256M) 3,926ms
[2021-10-31T13:59:03.180+0300][15,778s][info ][gc] GC(480) Pause Young (Normal) (G1 Evacuation Pause) 240M->233M(256M) 4,250ms
[2021-10-31T13:59:03.193+0300][15,791s][info ][gc] GC(481) Pause Young (Normal) (G1 Evacuation Pause) 243M->235M(256M) 4,445ms
[2021-10-31T13:59:03.207+0300][15,804s][info ][gc] GC(482) Pause Young (Normal) (G1 Evacuation Pause) 245M->237M(256M) 4,455ms
[2021-10-31T13:59:03.220+0300][15,817s][info ][gc] GC(483) Pause Young (Normal) (G1 Evacuation Pause) 247M->239M(256M) 4,120ms
[2021-10-31T13:59:03.236+0300][15,834s][info ][gc] GC(484) To-space exhausted
[2021-10-31T13:59:03.236+0300][15,834s][info ][gc] GC(484) Pause Young (Normal) (G1 Evacuation Pause) 249M->248M(256M) 8,203ms
[2021-10-31T13:59:03.245+0300][15,842s][info ][gc] GC(485) To-space exhausted
[2021-10-31T13:59:03.245+0300][15,842s][info ][gc] GC(485) Pause Young (Normal) (G1 Evacuation Pause) 251M->251M(256M) 5,914ms
[2021-10-31T13:59:03.245+0300][15,843s][debug][gc] GC(486) Clear Next Bitmap 0,245ms
[2021-10-31T13:59:03.441+0300][16,038s][info ][gc] GC(486) Pause Full (G1 Evacuation Pause) 251M->225M(256M) 195,639ms
[2021-10-31T13:59:03.441+0300][16,038s][info ][gc] GC(472) Concurrent Cycle 363,327ms
[2021-10-31T13:59:03.454+0300][16,051s][info ][gc] GC(487) Pause Young (Normal) (G1 Evacuation Pause) 237M->227M(256M) 4,140ms
[2021-10-31T13:59:03.466+0300][16,063s][info ][gc] GC(488) Pause Young (Concurrent Start) (G1 Evacuation Pause) 237M->229M(256M) 4,598ms
[2021-10-31T13:59:03.466+0300][16,063s][info ][gc] GC(489) Concurrent Cycle
[2021-10-31T13:59:03.479+0300][16,076s][info ][gc] GC(490) Pause Young (Normal) (G1 Evacuation Pause) 239M->232M(256M) 4,666ms
[2021-10-31T13:59:03.492+0300][16,090s][info ][gc] GC(491) Pause Young (Normal) (G1 Evacuation Pause) 242M->234M(256M) 4,695ms
[2021-10-31T13:59:03.506+0300][16,103s][info ][gc] GC(492) Pause Young (Normal) (G1 Evacuation Pause) 244M->236M(256M) 4,719ms
[2021-10-31T13:59:03.519+0300][16,116s][info ][gc] GC(493) Pause Young (Normal) (G1 Evacuation Pause) 246M->238M(256M) 4,512ms
[2021-10-31T13:59:03.559+0300][16,156s][info ][gc] GC(494) Pause Young (Normal) (G1 Evacuation Pause) 248M->237M(256M) 3,098ms
[2021-10-31T13:59:03.574+0300][16,172s][info ][gc] GC(495) To-space exhausted
[2021-10-31T13:59:03.574+0300][16,172s][info ][gc] GC(495) Pause Young (Normal) (G1 Evacuation Pause) 248M->243M(256M) 6,124ms
[2021-10-31T13:59:03.592+0300][16,190s][info ][gc] GC(496) To-space exhausted
[2021-10-31T13:59:03.592+0300][16,190s][info ][gc] GC(496) Pause Young (Normal) (G1 Evacuation Pause) 251M->251M(256M) 10,608ms
[2021-10-31T13:59:03.593+0300][16,190s][debug][gc] GC(497) Clear Next Bitmap 0,261ms
[2021-10-31T13:59:03.609+0300][16,206s][info ][gc] GC(497) Pause Full (G1 Evacuation Pause) 251M->42M(256M) 16,285ms
[2021-10-31T13:59:03.609+0300][16,206s][info ][gc] GC(489) Concurrent Cycle 143,154ms
[2021-10-31T13:59:03.731+0300][16,328s][info ][gc] GC(498) Pause Young (Normal) (G1 Evacuation Pause) 169M->67M(256M) 29,303ms
[2021-10-31T13:59:03.841+0300][16,439s][info ][gc] GC(499) Pause Young (Normal) (G1 Evacuation Pause) 176M->90M(256M) 31,698ms
[2021-10-31T13:59:03.937+0300][16,535s][info ][gc] GC(500) Pause Young (Normal) (G1 Evacuation Pause) 183M->110M(256M) 28,843ms
[2021-10-31T13:59:04.019+0300][16,616s][info ][gc] GC(501) Pause Young (Normal) (G1 Evacuation Pause) 188M->127M(256M) 24,220ms
[2021-10-31T13:59:04.090+0300][16,688s][info ][gc] GC(502) Pause Young (Concurrent Start) (G1 Evacuation Pause) 194M->142M(256M) 22,244ms
[2021-10-31T13:59:04.090+0300][16,688s][info ][gc] GC(503) Concurrent Cycle
[2021-10-31T13:59:04.158+0300][16,756s][info ][gc] GC(504) Pause Young (Normal) (G1 Evacuation Pause) 199M->154M(256M) 18,860ms
[2021-10-31T13:59:04.215+0300][16,813s][info ][gc] GC(505) Pause Young (Normal) (G1 Evacuation Pause) 202M->165M(256M) 16,168ms
[2021-10-31T13:59:04.235+0300][16,833s][info ][gc] GC(503) Pause Remark 188M->188M(256M) 0,254ms
[2021-10-31T13:59:04.262+0300][16,859s][info ][gc] GC(506) Pause Young (Normal) (G1 Evacuation Pause) 206M->174M(256M) 13,329ms
[2021-10-31T13:59:04.298+0300][16,895s][info ][gc] GC(507) Pause Young (Normal) (G1 Evacuation Pause) 208M->182M(256M) 10,698ms
[2021-10-31T13:59:04.327+0300][16,925s][info ][gc] GC(508) Pause Young (Normal) (G1 Evacuation Pause) 210M->189M(256M) 9,384ms
[2021-10-31T13:59:04.339+0300][16,937s][info ][gc] GC(503) Pause Cleanup 205M->205M(256M) 0,082ms
[2021-10-31T13:59:04.340+0300][16,937s][info ][gc] GC(503) Concurrent Cycle 249,576ms
[2021-10-31T13:59:04.353+0300][16,951s][info ][gc] GC(509) Pause Young (Normal) (G1 Evacuation Pause) 213M->194M(256M) 8,103ms
[2021-10-31T13:59:04.376+0300][16,974s][info ][gc] GC(510) Pause Young (Concurrent Start) (G1 Evacuation Pause) 214M->199M(256M) 8,366ms
[2021-10-31T13:59:04.376+0300][16,974s][info ][gc] GC(511) Concurrent Cycle
[2021-10-31T13:59:04.396+0300][16,994s][info ][gc] GC(512) Pause Young (Normal) (G1 Evacuation Pause) 216M->203M(256M) 5,799ms
[2021-10-31T13:59:04.414+0300][17,011s][info ][gc] GC(513) Pause Young (Normal) (G1 Evacuation Pause) 217M->206M(256M) 5,093ms
[2021-10-31T13:59:04.429+0300][17,026s][info ][gc] GC(514) Pause Young (Normal) (G1 Evacuation Pause) 218M->208M(256M) 4,893ms
[2021-10-31T13:59:04.441+0300][17,039s][info ][gc] GC(515) Pause Young (Normal) (G1 Evacuation Pause) 218M->211M(256M) 3,753ms
[2021-10-31T13:59:04.454+0300][17,052s][info ][gc] GC(516) Pause Young (Normal) (G1 Evacuation Pause) 221M->213M(256M) 4,350ms
[2021-10-31T13:59:04.467+0300][17,064s][info ][gc] GC(517) Pause Young (Normal) (G1 Evacuation Pause) 223M->215M(256M) 4,199ms
[2021-10-31T13:59:04.479+0300][17,077s][info ][gc] GC(518) Pause Young (Normal) (G1 Evacuation Pause) 225M->217M(256M) 4,028ms
[2021-10-31T13:59:04.492+0300][17,090s][info ][gc] GC(519) Pause Young (Normal) (G1 Evacuation Pause) 227M->220M(256M) 4,287ms
[2021-10-31T13:59:04.505+0300][17,103s][info ][gc] GC(520) Pause Young (Normal) (G1 Evacuation Pause) 230M->222M(256M) 4,359ms
[2021-10-31T13:59:04.518+0300][17,116s][info ][gc] GC(521) Pause Young (Normal) (G1 Evacuation Pause) 232M->224M(256M) 4,136ms
[2021-10-31T13:59:04.534+0300][17,131s][info ][gc] GC(522) Pause Young (Normal) (G1 Evacuation Pause) 234M->226M(256M) 5,627ms
[2021-10-31T13:59:04.547+0300][17,145s][info ][gc] GC(523) Pause Young (Normal) (G1 Evacuation Pause) 236M->228M(256M) 4,590ms
[2021-10-31T13:59:04.560+0300][17,158s][info ][gc] GC(524) Pause Young (Normal) (G1 Evacuation Pause) 238M->231M(256M) 4,281ms
[2021-10-31T13:59:04.573+0300][17,171s][info ][gc] GC(525) Pause Young (Normal) (G1 Evacuation Pause) 241M->233M(256M) 4,507ms
[2021-10-31T13:59:04.586+0300][17,184s][info ][gc] GC(526) Pause Young (Normal) (G1 Evacuation Pause) 243M->235M(256M) 4,575ms
[2021-10-31T13:59:04.599+0300][17,197s][info ][gc] GC(527) Pause Young (Normal) (G1 Evacuation Pause) 245M->237M(256M) 4,422ms
[2021-10-31T13:59:04.613+0300][17,211s][info ][gc] GC(528) To-space exhausted
[2021-10-31T13:59:04.613+0300][17,211s][info ][gc] GC(528) Pause Young (Normal) (G1 Evacuation Pause) 247M->241M(256M) 5,394ms
[2021-10-31T13:59:04.634+0300][17,231s][info ][gc] GC(529) To-space exhausted
[2021-10-31T13:59:04.634+0300][17,231s][info ][gc] GC(529) Pause Young (Normal) (G1 Evacuation Pause) 251M->251M(256M) 11,904ms
[2021-10-31T13:59:04.634+0300][17,232s][debug][gc] GC(530) Clear Next Bitmap 0,325ms
[2021-10-31T13:59:04.821+0300][17,418s][info ][gc] GC(530) Pause Full (G1 Evacuation Pause) 251M->225M(256M) 186,851ms
[2021-10-31T13:59:04.821+0300][17,418s][info ][gc] GC(511) Concurrent Cycle 444,744ms
[2021-10-31T13:59:04.834+0300][17,431s][info ][gc] GC(531) Pause Young (Normal) (G1 Evacuation Pause) 237M->228M(256M) 4,082ms
[2021-10-31T13:59:04.846+0300][17,443s][info ][gc] GC(532) Pause Young (Concurrent Start) (G1 Evacuation Pause) 238M->230M(256M) 4,598ms
[2021-10-31T13:59:04.846+0300][17,443s][info ][gc] GC(533) Concurrent Cycle
[2021-10-31T13:59:04.859+0300][17,456s][info ][gc] GC(534) Pause Young (Normal) (G1 Evacuation Pause) 240M->232M(256M) 4,510ms
[2021-10-31T13:59:04.872+0300][17,470s][info ][gc] GC(535) Pause Young (Normal) (G1 Evacuation Pause) 242M->234M(256M) 4,782ms
[2021-10-31T13:59:04.885+0300][17,483s][info ][gc] GC(536) Pause Young (Normal) (G1 Evacuation Pause) 244M->236M(256M) 4,366ms
[2021-10-31T13:59:04.898+0300][17,496s][info ][gc] GC(537) Pause Young (Normal) (G1 Evacuation Pause) 246M->238M(256M) 4,430ms
[2021-10-31T13:59:04.939+0300][17,536s][info ][gc] GC(538) Pause Young (Normal) (G1 Evacuation Pause) 248M->237M(256M) 3,576ms
[2021-10-31T13:59:04.952+0300][17,550s][info ][gc] GC(539) Pause Young (Normal) (G1 Evacuation Pause) 247M->239M(256M) 3,966ms
[2021-10-31T13:59:04.968+0300][17,565s][info ][gc] GC(540) To-space exhausted
[2021-10-31T13:59:04.968+0300][17,565s][info ][gc] GC(540) Pause Young (Normal) (G1 Evacuation Pause) 249M->245M(256M) 6,141ms
[2021-10-31T13:59:04.986+0300][17,584s][info ][gc] GC(541) To-space exhausted
[2021-10-31T13:59:04.986+0300][17,584s][info ][gc] GC(541) Pause Young (Normal) (G1 Evacuation Pause) 253M->253M(256M) 10,942ms
[2021-10-31T13:59:04.986+0300][17,584s][debug][gc] GC(542) Clear Next Bitmap 0,265ms
[2021-10-31T13:59:05.004+0300][17,601s][info ][gc] GC(542) Pause Full (G1 Evacuation Pause) 253M->44M(256M) 17,439ms
[2021-10-31T13:59:05.004+0300][17,601s][info ][gc] GC(533) Concurrent Cycle 158,062ms
[2021-10-31T13:59:05.122+0300][17,720s][info ][gc] GC(543) Pause Young (Normal) (G1 Evacuation Pause) 169M->69M(256M) 27,420ms
[2021-10-31T13:59:05.232+0300][17,830s][info ][gc] GC(544) Pause Young (Normal) (G1 Evacuation Pause) 176M->91M(256M) 32,187ms
[2021-10-31T13:59:05.328+0300][17,925s][info ][gc] GC(545) Pause Young (Normal) (G1 Evacuation Pause) 183M->110M(256M) 28,744ms
[2021-10-31T13:59:05.409+0300][18,006s][info ][gc] GC(546) Pause Young (Normal) (G1 Evacuation Pause) 188M->127M(256M) 24,505ms
[2021-10-31T13:59:05.481+0300][18,078s][info ][gc] GC(547) Pause Young (Concurrent Start) (G1 Evacuation Pause) 194M->142M(256M) 22,778ms
[2021-10-31T13:59:05.481+0300][18,078s][info ][gc] GC(548) Concurrent Cycle
[2021-10-31T13:59:05.558+0300][18,156s][info ][gc] GC(549) Pause Young (Normal) (G1 Evacuation Pause) 199M->154M(256M) 18,034ms
[2021-10-31T13:59:05.616+0300][18,214s][info ][gc] GC(550) Pause Young (Normal) (G1 Evacuation Pause) 202M->166M(256M) 16,412ms
[2021-10-31T13:59:05.633+0300][18,230s][info ][gc] GC(548) Pause Remark 184M->184M(256M) 0,437ms
[2021-10-31T13:59:05.662+0300][18,260s][info ][gc] GC(551) Pause Young (Normal) (G1 Evacuation Pause) 206M->175M(256M) 13,702ms
[2021-10-31T13:59:05.699+0300][18,297s][info ][gc] GC(552) Pause Young (Normal) (G1 Evacuation Pause) 209M->182M(256M) 12,219ms
[2021-10-31T13:59:05.730+0300][18,327s][info ][gc] GC(553) Pause Young (Normal) (G1 Evacuation Pause) 210M->189M(256M) 10,031ms
[2021-10-31T13:59:05.740+0300][18,338s][info ][gc] GC(548) Pause Cleanup 203M->203M(256M) 0,092ms
[2021-10-31T13:59:05.740+0300][18,338s][info ][gc] GC(548) Concurrent Cycle 259,324ms
[2021-10-31T13:59:05.756+0300][18,353s][info ][gc] GC(554) Pause Young (Normal) (G1 Evacuation Pause) 212M->194M(256M) 8,860ms
[2021-10-31T13:59:05.778+0300][18,375s][info ][gc] GC(555) Pause Young (Concurrent Start) (G1 Evacuation Pause) 214M->199M(256M) 7,481ms
[2021-10-31T13:59:05.778+0300][18,375s][info ][gc] GC(556) Concurrent Cycle
[2021-10-31T13:59:05.799+0300][18,397s][info ][gc] GC(557) Pause Young (Normal) (G1 Evacuation Pause) 216M->203M(256M) 6,606ms
[2021-10-31T13:59:05.818+0300][18,415s][info ][gc] GC(558) Pause Young (Normal) (G1 Evacuation Pause) 217M->206M(256M) 6,563ms
[2021-10-31T13:59:05.833+0300][18,431s][info ][gc] GC(559) Pause Young (Normal) (G1 Evacuation Pause) 218M->208M(256M) 5,255ms
[2021-10-31T13:59:05.846+0300][18,444s][info ][gc] GC(560) Pause Young (Normal) (G1 Evacuation Pause) 218M->211M(256M) 4,157ms
[2021-10-31T13:59:05.859+0300][18,457s][info ][gc] GC(561) Pause Young (Normal) (G1 Evacuation Pause) 221M->213M(256M) 4,511ms
[2021-10-31T13:59:05.873+0300][18,470s][info ][gc] GC(562) Pause Young (Normal) (G1 Evacuation Pause) 223M->215M(256M) 4,639ms
[2021-10-31T13:59:05.886+0300][18,484s][info ][gc] GC(563) Pause Young (Normal) (G1 Evacuation Pause) 225M->217M(256M) 4,612ms
[2021-10-31T13:59:05.899+0300][18,497s][info ][gc] GC(564) Pause Young (Normal) (G1 Evacuation Pause) 227M->219M(256M) 4,300ms
[2021-10-31T13:59:05.912+0300][18,510s][info ][gc] GC(565) Pause Young (Normal) (G1 Evacuation Pause) 229M->221M(256M) 4,536ms
[2021-10-31T13:59:05.925+0300][18,523s][info ][gc] GC(566) Pause Young (Normal) (G1 Evacuation Pause) 231M->224M(256M) 4,574ms
[2021-10-31T13:59:05.939+0300][18,536s][info ][gc] GC(567) Pause Young (Normal) (G1 Evacuation Pause) 234M->226M(256M) 4,522ms
[2021-10-31T13:59:05.952+0300][18,549s][info ][gc] GC(568) Pause Young (Normal) (G1 Evacuation Pause) 236M->228M(256M) 4,482ms
[2021-10-31T13:59:05.965+0300][18,563s][info ][gc] GC(569) Pause Young (Normal) (G1 Evacuation Pause) 238M->230M(256M) 4,686ms
[2021-10-31T13:59:05.978+0300][18,576s][info ][gc] GC(570) Pause Young (Normal) (G1 Evacuation Pause) 240M->232M(256M) 4,677ms
[2021-10-31T13:59:05.992+0300][18,589s][info ][gc] GC(571) Pause Young (Normal) (G1 Evacuation Pause) 242M->235M(256M) 4,502ms
[2021-10-31T13:59:06.005+0300][18,602s][info ][gc] GC(572) Pause Young (Normal) (G1 Evacuation Pause) 245M->237M(256M) 4,490ms
[2021-10-31T13:59:06.020+0300][18,617s][info ][gc] GC(573) To-space exhausted
[2021-10-31T13:59:06.020+0300][18,617s][info ][gc] GC(573) Pause Young (Normal) (G1 Evacuation Pause) 247M->243M(256M) 6,095ms
[2021-10-31T13:59:06.037+0300][18,634s][info ][gc] GC(574) To-space exhausted
[2021-10-31T13:59:06.037+0300][18,634s][info ][gc] GC(574) Pause Young (Normal) (G1 Evacuation Pause) 251M->251M(256M) 10,120ms
[2021-10-31T13:59:06.037+0300][18,635s][debug][gc] GC(575) Clear Next Bitmap 0,276ms
[2021-10-31T13:59:06.222+0300][18,819s][info ][gc] GC(575) Pause Full (G1 Evacuation Pause) 251M->225M(256M) 185,098ms
[2021-10-31T13:59:06.222+0300][18,820s][info ][gc] GC(556) Concurrent Cycle 444,134ms
[2021-10-31T13:59:06.235+0300][18,833s][info ][gc] GC(576) Pause Young (Normal) (G1 Evacuation Pause) 237M->228M(256M) 4,313ms
[2021-10-31T13:59:06.247+0300][18,845s][info ][gc] GC(577) Pause Young (Concurrent Start) (G1 Evacuation Pause) 238M->230M(256M) 4,508ms
[2021-10-31T13:59:06.247+0300][18,845s][info ][gc] GC(578) Concurrent Cycle
[2021-10-31T13:59:06.260+0300][18,858s][info ][gc] GC(579) Pause Young (Normal) (G1 Evacuation Pause) 240M->232M(256M) 4,705ms
[2021-10-31T13:59:06.274+0300][18,872s][info ][gc] GC(580) Pause Young (Normal) (G1 Evacuation Pause) 242M->234M(256M) 4,759ms
[2021-10-31T13:59:06.287+0300][18,885s][info ][gc] GC(581) Pause Young (Normal) (G1 Evacuation Pause) 244M->236M(256M) 4,564ms
[2021-10-31T13:59:06.301+0300][18,898s][info ][gc] GC(582) Pause Young (Normal) (G1 Evacuation Pause) 246M->239M(256M) 4,676ms
[2021-10-31T13:59:06.340+0300][18,938s][info ][gc] GC(583) Pause Young (Normal) (G1 Evacuation Pause) 249M->238M(256M) 3,521ms
[2021-10-31T13:59:06.355+0300][18,953s][info ][gc] GC(584) To-space exhausted
[2021-10-31T13:59:06.355+0300][18,953s][info ][gc] GC(584) Pause Young (Normal) (G1 Evacuation Pause) 248M->244M(256M) 6,326ms
[2021-10-31T13:59:06.371+0300][18,968s][info ][gc] GC(585) To-space exhausted
[2021-10-31T13:59:06.371+0300][18,968s][info ][gc] GC(585) Pause Young (Normal) (G1 Evacuation Pause) 251M->251M(256M) 8,755ms
[2021-10-31T13:59:06.371+0300][18,969s][debug][gc] GC(586) Clear Next Bitmap 0,282ms
[2021-10-31T13:59:06.387+0300][18,985s][info ][gc] GC(586) Pause Full (G1 Evacuation Pause) 251M->42M(256M) 16,423ms
[2021-10-31T13:59:06.387+0300][18,985s][info ][gc] GC(578) Concurrent Cycle 140,083ms
[2021-10-31T13:59:06.509+0300][19,107s][info ][gc] GC(587) Pause Young (Normal) (G1 Evacuation Pause) 169M->67M(256M) 30,099ms
[2021-10-31T13:59:06.623+0300][19,220s][info ][gc] GC(588) Pause Young (Normal) (G1 Evacuation Pause) 176M->90M(256M) 33,699ms
[2021-10-31T13:59:06.720+0300][19,318s][info ][gc] GC(589) Pause Young (Normal) (G1 Evacuation Pause) 183M->110M(256M) 29,598ms
[2021-10-31T13:59:06.803+0300][19,401s][info ][gc] GC(590) Pause Young (Normal) (G1 Evacuation Pause) 188M->127M(256M) 26,380ms
[2021-10-31T13:59:06.874+0300][19,472s][info ][gc] GC(591) Pause Young (Concurrent Start) (G1 Evacuation Pause) 194M->142M(256M) 22,450ms
[2021-10-31T13:59:06.874+0300][19,472s][info ][gc] GC(592) Concurrent Cycle
[2021-10-31T13:59:06.940+0300][19,538s][info ][gc] GC(593) Pause Young (Normal) (G1 Evacuation Pause) 198M->155M(256M) 17,801ms
[2021-10-31T13:59:06.997+0300][19,595s][info ][gc] GC(594) Pause Young (Normal) (G1 Evacuation Pause) 203M->165M(256M) 15,670ms
[2021-10-31T13:59:07.018+0300][19,616s][info ][gc] GC(592) Pause Remark 189M->189M(256M) 0,394ms
[2021-10-31T13:59:07.044+0300][19,642s][info ][gc] GC(595) Pause Young (Normal) (G1 Evacuation Pause) 205M->174M(256M) 14,324ms
[2021-10-31T13:59:07.083+0300][19,681s][info ][gc] GC(596) Pause Young (Normal) (G1 Evacuation Pause) 209M->182M(256M) 12,532ms
[2021-10-31T13:59:07.115+0300][19,713s][info ][gc] GC(597) Pause Young (Normal) (G1 Evacuation Pause) 211M->188M(256M) 11,254ms
[2021-10-31T13:59:07.127+0300][19,725s][info ][gc] GC(592) Pause Cleanup 204M->204M(256M) 0,121ms
[2021-10-31T13:59:07.127+0300][19,725s][info ][gc] GC(592) Concurrent Cycle 253,227ms
[2021-10-31T13:59:07.143+0300][19,741s][info ][gc] GC(598) Pause Young (Normal) (G1 Evacuation Pause) 212M->193M(256M) 9,799ms
[2021-10-31T13:59:07.167+0300][19,765s][info ][gc] GC(599) Pause Young (Concurrent Start) (G1 Evacuation Pause) 214M->199M(256M) 8,538ms
[2021-10-31T13:59:07.167+0300][19,765s][info ][gc] GC(600) Concurrent Cycle
[2021-10-31T13:59:07.189+0300][19,787s][info ][gc] GC(601) Pause Young (Normal) (G1 Evacuation Pause) 216M->202M(256M) 7,471ms
[2021-10-31T13:59:07.207+0300][19,804s][info ][gc] GC(602) Pause Young (Normal) (G1 Evacuation Pause) 216M->206M(256M) 5,430ms
[2021-10-31T13:59:07.222+0300][19,820s][info ][gc] GC(603) Pause Young (Normal) (G1 Evacuation Pause) 218M->208M(256M) 5,200ms
[2021-10-31T13:59:07.235+0300][19,833s][info ][gc] GC(604) Pause Young (Normal) (G1 Evacuation Pause) 218M->211M(256M) 4,428ms
[2021-10-31T13:59:07.248+0300][19,846s][info ][gc] GC(605) Pause Young (Normal) (G1 Evacuation Pause) 221M->213M(256M) 4,173ms
[2021-10-31T13:59:07.260+0300][19,858s][info ][gc] GC(606) Pause Young (Normal) (G1 Evacuation Pause) 223M->215M(256M) 3,646ms
[2021-10-31T13:59:07.273+0300][19,871s][info ][gc] GC(607) Pause Young (Normal) (G1 Evacuation Pause) 225M->217M(256M) 4,246ms
[2021-10-31T13:59:07.287+0300][19,885s][info ][gc] GC(608) Pause Young (Normal) (G1 Evacuation Pause) 227M->220M(256M) 4,713ms
[2021-10-31T13:59:07.300+0300][19,898s][info ][gc] GC(609) Pause Young (Normal) (G1 Evacuation Pause) 230M->222M(256M) 4,385ms
[2021-10-31T13:59:07.313+0300][19,911s][info ][gc] GC(610) Pause Young (Normal) (G1 Evacuation Pause) 232M->224M(256M) 4,244ms
[2021-10-31T13:59:07.326+0300][19,924s][info ][gc] GC(611) Pause Young (Normal) (G1 Evacuation Pause) 234M->226M(256M) 4,440ms
[2021-10-31T13:59:07.339+0300][19,936s][info ][gc] GC(612) Pause Young (Normal) (G1 Evacuation Pause) 236M->228M(256M) 3,905ms
[2021-10-31T13:59:07.352+0300][19,950s][info ][gc] GC(613) Pause Young (Normal) (G1 Evacuation Pause) 238M->231M(256M) 4,572ms
[2021-10-31T13:59:07.365+0300][19,963s][info ][gc] GC(614) Pause Young (Normal) (G1 Evacuation Pause) 241M->233M(256M) 4,378ms
[2021-10-31T13:59:07.378+0300][19,975s][info ][gc] GC(615) Pause Young (Normal) (G1 Evacuation Pause) 243M->235M(256M) 4,152ms
[2021-10-31T13:59:07.390+0300][19,988s][info ][gc] GC(616) Pause Young (Normal) (G1 Evacuation Pause) 245M->237M(256M) 4,118ms
[2021-10-31T13:59:07.405+0300][20,003s][info ][gc] GC(617) To-space exhausted
[2021-10-31T13:59:07.405+0300][20,003s][info ][gc] GC(617) Pause Young (Normal) (G1 Evacuation Pause) 247M->243M(256M) 6,060ms
[2021-10-31T13:59:07.422+0300][20,019s][info ][gc] GC(618) To-space exhausted
[2021-10-31T13:59:07.422+0300][20,019s][info ][gc] GC(618) Pause Young (Normal) (G1 Evacuation Pause) 251M->251M(256M) 9,724ms
[2021-10-31T13:59:07.422+0300][20,020s][debug][gc] GC(619) Clear Next Bitmap 0,256ms
[2021-10-31T13:59:07.608+0300][20,206s][info ][gc] GC(619) Pause Full (G1 Evacuation Pause) 251M->225M(256M) 186,480ms
[2021-10-31T13:59:07.608+0300][20,206s][info ][gc] GC(600) Concurrent Cycle 441,426ms
[2021-10-31T13:59:07.621+0300][20,219s][info ][gc] GC(620) Pause Young (Normal) (G1 Evacuation Pause) 237M->227M(256M) 3,918ms
[2021-10-31T13:59:07.633+0300][20,230s][info ][gc] GC(621) Pause Young (Concurrent Start) (G1 Evacuation Pause) 237M->229M(256M) 4,214ms
[2021-10-31T13:59:07.633+0300][20,230s][info ][gc] GC(622) Concurrent Cycle
[2021-10-31T13:59:07.645+0300][20,243s][info ][gc] GC(623) Pause Young (Normal) (G1 Evacuation Pause) 239M->232M(256M) 4,023ms
[2021-10-31T13:59:07.658+0300][20,255s][info ][gc] GC(624) Pause Young (Normal) (G1 Evacuation Pause) 242M->234M(256M) 3,872ms
[2021-10-31T13:59:07.670+0300][20,268s][info ][gc] GC(625) Pause Young (Normal) (G1 Evacuation Pause) 244M->236M(256M) 3,745ms
[2021-10-31T13:59:07.683+0300][20,280s][info ][gc] GC(626) Pause Young (Normal) (G1 Evacuation Pause) 246M->238M(256M) 3,769ms
[2021-10-31T13:59:07.723+0300][20,321s][info ][gc] GC(627) Pause Young (Normal) (G1 Evacuation Pause) 248M->237M(256M) 2,257ms
[2021-10-31T13:59:07.739+0300][20,336s][info ][gc] GC(628) Pause Young (Normal) (G1 Evacuation Pause) 248M->239M(256M) 3,585ms
[2021-10-31T13:59:07.756+0300][20,354s][info ][gc] GC(629) To-space exhausted
[2021-10-31T13:59:07.756+0300][20,354s][info ][gc] GC(629) Pause Young (Normal) (G1 Evacuation Pause) 249M->248M(256M) 7,103ms
[2021-10-31T13:59:07.766+0300][20,364s][info ][gc] GC(630) To-space exhausted
[2021-10-31T13:59:07.766+0300][20,364s][info ][gc] GC(630) Pause Young (Normal) (G1 Evacuation Pause) 252M->252M(256M) 5,806ms
[2021-10-31T13:59:07.767+0300][20,364s][debug][gc] GC(631) Clear Next Bitmap 0,236ms
[2021-10-31T13:59:07.783+0300][20,381s][info ][gc] GC(631) Pause Full (G1 Evacuation Pause) 252M->43M(256M) 16,503ms
[2021-10-31T13:59:07.783+0300][20,381s][info ][gc] GC(622) Concurrent Cycle 150,435ms
[2021-10-31T13:59:07.899+0300][20,497s][info ][gc] GC(632) Pause Young (Normal) (G1 Evacuation Pause) 169M->68M(256M) 24,315ms
[2021-10-31T13:59:08.007+0300][20,605s][info ][gc] GC(633) Pause Young (Normal) (G1 Evacuation Pause) 176M->90M(256M) 29,353ms
[2021-10-31T13:59:08.099+0300][20,697s][info ][gc] GC(634) Pause Young (Normal) (G1 Evacuation Pause) 182M->110M(256M) 25,371ms
[2021-10-31T13:59:08.180+0300][20,778s][info ][gc] GC(635) Pause Young (Normal) (G1 Evacuation Pause) 189M->127M(256M) 23,050ms
[2021-10-31T13:59:08.249+0300][20,846s][info ][gc] GC(636) Pause Young (Concurrent Start) (G1 Evacuation Pause) 194M->141M(256M) 20,002ms
[2021-10-31T13:59:08.249+0300][20,846s][info ][gc] GC(637) Concurrent Cycle
[2021-10-31T13:59:08.315+0300][20,912s][info ][gc] GC(638) Pause Young (Normal) (G1 Evacuation Pause) 198M->154M(256M) 17,225ms
[2021-10-31T13:59:08.372+0300][20,969s][info ][gc] GC(639) Pause Young (Normal) (G1 Evacuation Pause) 202M->165M(256M) 16,094ms
[2021-10-31T13:59:08.395+0300][20,993s][info ][gc] GC(637) Pause Remark 191M->191M(256M) 0,443ms
[2021-10-31T13:59:08.419+0300][21,017s][info ][gc] GC(640) Pause Young (Normal) (G1 Evacuation Pause) 206M->174M(256M) 13,286ms
[2021-10-31T13:59:08.455+0300][21,053s][info ][gc] GC(641) Pause Young (Normal) (G1 Evacuation Pause) 208M->182M(256M) 10,846ms
[2021-10-31T13:59:08.487+0300][21,084s][info ][gc] GC(642) Pause Young (Normal) (G1 Evacuation Pause) 211M->188M(256M) 10,187ms
[2021-10-31T13:59:08.501+0300][21,099s][info ][gc] GC(637) Pause Cleanup 209M->209M(256M) 0,085ms
[2021-10-31T13:59:08.502+0300][21,099s][info ][gc] GC(637) Concurrent Cycle 252,996ms
[2021-10-31T13:59:08.514+0300][21,111s][info ][gc] GC(643) Pause Young (Normal) (G1 Evacuation Pause) 212M->194M(256M) 9,290ms
[2021-10-31T13:59:08.536+0300][21,134s][info ][gc] GC(644) Pause Young (Concurrent Start) (G1 Evacuation Pause) 214M->199M(256M) 7,780ms
[2021-10-31T13:59:08.536+0300][21,134s][info ][gc] GC(645) Concurrent Cycle
[2021-10-31T13:59:08.558+0300][21,156s][info ][gc] GC(646) Pause Young (Normal) (G1 Evacuation Pause) 216M->202M(256M) 7,173ms
[2021-10-31T13:59:08.576+0300][21,174s][info ][gc] GC(647) Pause Young (Normal) (G1 Evacuation Pause) 216M->206M(256M) 5,162ms
[2021-10-31T13:59:08.591+0300][21,189s][info ][gc] GC(648) Pause Young (Normal) (G1 Evacuation Pause) 218M->208M(256M) 4,863ms
[2021-10-31T13:59:08.605+0300][21,202s][info ][gc] GC(649) Pause Young (Normal) (G1 Evacuation Pause) 218M->211M(256M) 4,326ms
[2021-10-31T13:59:08.617+0300][21,215s][info ][gc] GC(650) Pause Young (Normal) (G1 Evacuation Pause) 221M->213M(256M) 4,387ms
[2021-10-31T13:59:08.631+0300][21,228s][info ][gc] GC(651) Pause Young (Normal) (G1 Evacuation Pause) 223M->215M(256M) 4,542ms
[2021-10-31T13:59:08.644+0300][21,241s][info ][gc] GC(652) Pause Young (Normal) (G1 Evacuation Pause) 225M->217M(256M) 4,433ms
[2021-10-31T13:59:08.657+0300][21,255s][info ][gc] GC(653) Pause Young (Normal) (G1 Evacuation Pause) 227M->219M(256M) 4,414ms
[2021-10-31T13:59:08.670+0300][21,267s][info ][gc] GC(654) Pause Young (Normal) (G1 Evacuation Pause) 229M->222M(256M) 4,076ms
[2021-10-31T13:59:08.682+0300][21,280s][info ][gc] GC(655) Pause Young (Normal) (G1 Evacuation Pause) 232M->224M(256M) 4,073ms
[2021-10-31T13:59:08.695+0300][21,293s][info ][gc] GC(656) Pause Young (Normal) (G1 Evacuation Pause) 234M->226M(256M) 4,295ms
[2021-10-31T13:59:08.708+0300][21,306s][info ][gc] GC(657) Pause Young (Normal) (G1 Evacuation Pause) 236M->228M(256M) 3,985ms
[2021-10-31T13:59:08.721+0300][21,318s][info ][gc] GC(658) Pause Young (Normal) (G1 Evacuation Pause) 238M->230M(256M) 4,160ms
[2021-10-31T13:59:08.733+0300][21,331s][info ][gc] GC(659) Pause Young (Normal) (G1 Evacuation Pause) 240M->233M(256M) 3,911ms
[2021-10-31T13:59:08.746+0300][21,343s][info ][gc] GC(660) Pause Young (Normal) (G1 Evacuation Pause) 243M->235M(256M) 3,911ms
[2021-10-31T13:59:08.758+0300][21,356s][info ][gc] GC(661) Pause Young (Normal) (G1 Evacuation Pause) 245M->237M(256M) 3,844ms
[2021-10-31T13:59:08.773+0300][21,370s][info ][gc] GC(662) To-space exhausted
[2021-10-31T13:59:08.773+0300][21,370s][info ][gc] GC(662) Pause Young (Normal) (G1 Evacuation Pause) 247M->242M(256M) 5,861ms
[2021-10-31T13:59:08.791+0300][21,389s][info ][gc] GC(663) To-space exhausted
[2021-10-31T13:59:08.791+0300][21,389s][info ][gc] GC(663) Pause Young (Normal) (G1 Evacuation Pause) 251M->251M(256M) 10,689ms
[2021-10-31T13:59:08.792+0300][21,389s][debug][gc] GC(664) Clear Next Bitmap 0,285ms
[2021-10-31T13:59:08.978+0300][21,576s][info ][gc] GC(664) Pause Full (G1 Evacuation Pause) 251M->226M(256M) 186,852ms
[2021-10-31T13:59:08.978+0300][21,576s][info ][gc] GC(645) Concurrent Cycle 442,177ms
[2021-10-31T13:59:08.991+0300][21,589s][info ][gc] GC(665) Pause Young (Normal) (G1 Evacuation Pause) 238M->228M(256M) 4,288ms
[2021-10-31T13:59:09.003+0300][21,601s][info ][gc] GC(666) Pause Young (Concurrent Start) (G1 Evacuation Pause) 238M->230M(256M) 4,504ms
[2021-10-31T13:59:09.003+0300][21,601s][info ][gc] GC(667) Concurrent Cycle
[2021-10-31T13:59:09.016+0300][21,613s][info ][gc] GC(668) Pause Young (Normal) (G1 Evacuation Pause) 240M->232M(256M) 3,964ms
[2021-10-31T13:59:09.029+0300][21,627s][info ][gc] GC(669) Pause Young (Normal) (G1 Evacuation Pause) 242M->235M(256M) 4,613ms
[2021-10-31T13:59:09.042+0300][21,640s][info ][gc] GC(670) Pause Young (Normal) (G1 Evacuation Pause) 245M->237M(256M) 4,491ms
[2021-10-31T13:59:09.055+0300][21,653s][info ][gc] GC(671) Pause Young (Normal) (G1 Evacuation Pause) 247M->239M(256M) 4,438ms
[2021-10-31T13:59:09.095+0300][21,692s][info ][gc] GC(672) Pause Young (Normal) (G1 Evacuation Pause) 249M->239M(256M) 3,520ms
[2021-10-31T13:59:09.110+0300][21,707s][info ][gc] GC(673) To-space exhausted
[2021-10-31T13:59:09.110+0300][21,708s][info ][gc] GC(673) Pause Young (Normal) (G1 Evacuation Pause) 249M->245M(256M) 6,447ms
[2021-10-31T13:59:09.122+0300][21,720s][info ][gc] GC(674) To-space exhausted
[2021-10-31T13:59:09.122+0300][21,720s][info ][gc] GC(674) Pause Young (Normal) (G1 Evacuation Pause) 251M->251M(256M) 7,037ms
[2021-10-31T13:59:09.123+0300][21,720s][debug][gc] GC(675) Clear Next Bitmap 0,268ms
[2021-10-31T13:59:09.139+0300][21,736s][info ][gc] GC(675) Pause Full (G1 Evacuation Pause) 251M->42M(256M) 16,366ms
[2021-10-31T13:59:09.139+0300][21,736s][info ][gc] GC(667) Concurrent Cycle 135,585ms
[2021-10-31T13:59:09.257+0300][21,855s][info ][gc] GC(676) Pause Young (Normal) (G1 Evacuation Pause) 169M->67M(256M) 26,399ms
