[2021-10-31T14:12:51.078+0300][0.004s][debug][gc] ConcGCThreads: 2 offset 16
[2021-10-31T14:12:51.078+0300][0.004s][debug][gc] ParallelGCThreads: 8
[2021-10-31T14:12:51.078+0300][0.005s][debug][gc] Initialize mark stack with 4096 chunks, maximum 16384
[2021-10-31T14:12:51.085+0300][0.011s][info ][gc] Using G1
[2021-10-31T14:12:51.097+0300][0,023s][info ][gc] Periodic GC disabled
[2021-10-31T14:12:51.217+0300][0,143s][info ][gc] GC(0) Pause Young (Normal) (G1 Evacuation Pause) 26M->7M(500M) 10,591ms
[2021-10-31T14:12:51.255+0300][0,182s][info ][gc] GC(1) Pause Young (Normal) (G1 Evacuation Pause) 39M->15M(500M) 16,043ms
[2021-10-31T14:12:51.336+0300][0,263s][info ][gc] GC(2) Pause Young (Normal) (G1 Evacuation Pause) 70M->32M(500M) 26,385ms
[2021-10-31T14:12:51.424+0300][0,351s][info ][gc] GC(3) Pause Young (Normal) (G1 Evacuation Pause) 105M->52M(500M) 27,109ms
[2021-10-31T14:12:51.535+0300][0,461s][info ][gc] GC(4) Pause Young (Normal) (G1 Evacuation Pause) 148M->78M(500M) 32,102ms
[2021-10-31T14:12:51.671+0300][0,597s][info ][gc] GC(5) Pause Young (Normal) (G1 Evacuation Pause) 197M->112M(500M) 38,961ms
[2021-10-31T14:12:51.842+0300][0,768s][info ][gc] GC(6) Pause Young (Normal) (G1 Evacuation Pause) 257M->155M(500M) 49,739ms
[2021-10-31T14:12:52.038+0300][0,965s][info ][gc] GC(7) Pause Young (Normal) (G1 Evacuation Pause) 332M->211M(500M) 60,254ms
[2021-10-31T14:12:52.202+0300][1,128s][info ][gc] GC(8) Pause Young (Normal) (G1 Evacuation Pause) 359M->243M(500M) 46,455ms
[2021-10-31T14:12:52.354+0300][1,280s][info ][gc] GC(9) Pause Young (Normal) (G1 Evacuation Pause) 378M->271M(500M) 39,621ms
[2021-10-31T14:12:52.378+0300][1,304s][info ][gc] GC(10) Pause Young (Concurrent Start) (G1 Humongous Allocation) 283M->278M(500M) 14,960ms
[2021-10-31T14:12:52.378+0300][1,304s][info ][gc] GC(11) Concurrent Cycle
[2021-10-31T14:12:52.573+0300][1,500s][info ][gc] GC(12) Pause Young (Normal) (G1 Evacuation Pause) 431M->323M(500M) 11,655ms
[2021-10-31T14:12:52.657+0300][1,583s][debug][gc] GC(11) Reclaimed 50 empty regions
[2021-10-31T14:12:52.657+0300][1,583s][info ][gc] GC(11) Pause Remark 395M->345M(500M) 0,454ms
[2021-10-31T14:12:52.695+0300][1,621s][info ][gc] GC(13) Pause Young (Normal) (G1 Evacuation Pause) 360M->290M(500M) 22,736ms
[2021-10-31T14:12:52.827+0300][1,754s][info ][gc] GC(14) Pause Young (Normal) (G1 Evacuation Pause) 400M->313M(500M) 26,438ms
[2021-10-31T14:12:52.861+0300][1,787s][info ][gc] GC(11) Pause Cleanup 347M->347M(500M) 0,166ms
[2021-10-31T14:12:52.862+0300][1,789s][info ][gc] GC(11) Concurrent Cycle 484,552ms
[2021-10-31T14:12:52.945+0300][1,871s][info ][gc] GC(15) Pause Young (Normal) (G1 Evacuation Pause) 406M->333M(500M) 26,125ms
[2021-10-31T14:12:53.044+0300][1,970s][info ][gc] GC(16) Pause Young (Concurrent Start) (G1 Evacuation Pause) 412M->352M(500M) 22,786ms
[2021-10-31T14:12:53.044+0300][1,970s][info ][gc] GC(17) Concurrent Cycle
[2021-10-31T14:12:53.139+0300][2,065s][info ][gc] GC(18) Pause Young (Normal) (G1 Evacuation Pause) 418M->366M(500M) 20,469ms
[2021-10-31T14:12:53.151+0300][2,078s][debug][gc] GC(17) Reclaimed 221 empty regions
[2021-10-31T14:12:53.151+0300][2,078s][info ][gc] GC(17) Pause Remark 377M->156M(500M) 0,755ms
[2021-10-31T14:12:53.209+0300][2,135s][info ][gc] GC(19) Pause Young (Normal) (G1 Evacuation Pause) 201M->158M(500M) 16,537ms
[2021-10-31T14:12:53.231+0300][2,158s][info ][gc] GC(17) Pause Cleanup 181M->181M(500M) 0,097ms
[2021-10-31T14:12:53.233+0300][2,159s][info ][gc] GC(17) Concurrent Cycle 188,654ms
[2021-10-31T14:12:53.411+0300][2,337s][info ][gc] GC(20) Pause Young (Normal) (G1 Evacuation Pause) 358M->199M(500M) 43,332ms
[2021-10-31T14:12:53.577+0300][2,503s][info ][gc] GC(21) Pause Young (Normal) (G1 Evacuation Pause) 366M->235M(500M) 44,330ms
[2021-10-31T14:12:53.699+0300][2,626s][info ][gc] GC(22) Pause Young (Normal) (G1 Evacuation Pause) 381M->221M(500M) 10,351ms
[2021-10-31T14:12:53.851+0300][2,777s][info ][gc] GC(23) Pause Young (Normal) (G1 Evacuation Pause) 381M->251M(500M) 34,692ms
[2021-10-31T14:12:53.988+0300][2,915s][info ][gc] GC(24) Pause Young (Concurrent Start) (G1 Evacuation Pause) 389M->280M(500M) 36,761ms
[2021-10-31T14:12:53.989+0300][2,915s][info ][gc] GC(25) Concurrent Cycle
[2021-10-31T14:12:54.035+0300][2,962s][debug][gc] GC(25) Reclaimed 170 empty regions
[2021-10-31T14:12:54.035+0300][2,962s][info ][gc] GC(25) Pause Remark 334M->164M(500M) 0,527ms
[2021-10-31T14:12:54.072+0300][2,999s][info ][gc] GC(25) Pause Cleanup 214M->214M(500M) 0,079ms
[2021-10-31T14:12:54.073+0300][2,999s][info ][gc] GC(25) Concurrent Cycle 84,285ms
[2021-10-31T14:12:54.113+0300][3,039s][info ][gc] GC(26) Pause Young (Normal) (G1 Evacuation Pause) 226M->135M(500M) 31,204ms
[2021-10-31T14:12:54.318+0300][3,244s][info ][gc] GC(27) Pause Young (Normal) (G1 Evacuation Pause) 350M->180M(500M) 47,573ms
[2021-10-31T14:12:54.500+0300][3,426s][info ][gc] GC(28) Pause Young (Normal) (G1 Evacuation Pause) 364M->219M(500M) 47,474ms
[2021-10-31T14:12:54.623+0300][3,549s][info ][gc] GC(29) Pause Young (Normal) (G1 Evacuation Pause) 376M->196M(500M) 4,430ms
[2021-10-31T14:12:54.788+0300][3,715s][info ][gc] GC(30) Pause Young (Normal) (G1 Evacuation Pause) 377M->231M(500M) 32,277ms
[2021-10-31T14:12:54.943+0300][3,869s][info ][gc] GC(31) Pause Young (Normal) (G1 Evacuation Pause) 383M->262M(500M) 42,831ms
[2021-10-31T14:12:55.071+0300][3,997s][info ][gc] GC(32) Pause Young (Concurrent Start) (G1 Evacuation Pause) 391M->290M(500M) 33,848ms
[2021-10-31T14:12:55.071+0300][3,998s][info ][gc] GC(33) Concurrent Cycle
[2021-10-31T14:12:55.193+0300][4,119s][info ][gc] GC(34) Pause Young (Normal) (G1 Evacuation Pause) 398M->314M(500M) 29,586ms
[2021-10-31T14:12:55.194+0300][4,120s][debug][gc] GC(33) Reclaimed 153 empty regions
[2021-10-31T14:12:55.194+0300][4,120s][info ][gc] GC(33) Pause Remark 315M->162M(500M) 0,330ms
[2021-10-31T14:12:55.258+0300][4,184s][info ][gc] GC(33) Pause Cleanup 249M->249M(500M) 0,134ms
[2021-10-31T14:12:55.258+0300][4,185s][info ][gc] GC(33) Concurrent Cycle 187,064ms
[2021-10-31T14:12:55.286+0300][4,213s][info ][gc] GC(35) Pause Young (Normal) (G1 Evacuation Pause) 252M->181M(500M) 25,977ms
[2021-10-31T14:12:55.460+0300][4,386s][info ][gc] GC(36) Pause Young (Normal) (G1 Evacuation Pause) 364M->220M(500M) 39,653ms
[2021-10-31T14:12:55.614+0300][4,541s][info ][gc] GC(37) Pause Young (Normal) (G1 Evacuation Pause) 376M->253M(500M) 41,293ms
[2021-10-31T14:12:55.743+0300][4,670s][info ][gc] GC(38) Pause Young (Concurrent Start) (G1 Evacuation Pause) 386M->257M(500M) 28,998ms
[2021-10-31T14:12:55.743+0300][4,670s][info ][gc] GC(39) Concurrent Cycle
[2021-10-31T14:12:55.760+0300][4,687s][debug][gc] GC(39) Reclaimed 190 empty regions
[2021-10-31T14:12:55.760+0300][4,687s][info ][gc] GC(39) Pause Remark 276M->86M(500M) 0,521ms
[2021-10-31T14:12:55.772+0300][4,699s][info ][gc] GC(39) Pause Cleanup 103M->103M(500M) 0,060ms
[2021-10-31T14:12:55.773+0300][4,699s][info ][gc] GC(39) Concurrent Cycle 29,451ms
[2021-10-31T14:12:55.879+0300][4,806s][info ][gc] GC(40) Pause Young (Normal) (G1 Evacuation Pause) 198M->94M(500M) 37,570ms
[2021-10-31T14:12:56.119+0300][5,045s][info ][gc] GC(41) Pause Young (Normal) (G1 Evacuation Pause) 340M->145M(500M) 61,489ms
[2021-10-31T14:12:56.333+0300][5,260s][info ][gc] GC(42) Pause Young (Normal) (G1 Evacuation Pause) 354M->189M(500M) 61,444ms
[2021-10-31T14:12:56.521+0300][5,447s][info ][gc] GC(43) Pause Young (Normal) (G1 Evacuation Pause) 367M->227M(500M) 55,276ms
[2021-10-31T14:12:56.644+0300][5,570s][info ][gc] GC(44) Pause Young (Normal) (G1 Evacuation Pause) 379M->210M(500M) 8,578ms
[2021-10-31T14:12:56.805+0300][5,731s][info ][gc] GC(45) Pause Young (Normal) (G1 Evacuation Pause) 379M->243M(500M) 38,797ms
[2021-10-31T14:12:56.947+0300][5,873s][info ][gc] GC(46) Pause Young (Normal) (G1 Evacuation Pause) 386M->273M(500M) 37,780ms
[2021-10-31T14:12:57.068+0300][5,994s][info ][gc] GC(47) Pause Young (Concurrent Start) (G1 Evacuation Pause) 394M->299M(500M) 33,127ms
[2021-10-31T14:12:57.068+0300][5,994s][info ][gc] GC(48) Concurrent Cycle
[2021-10-31T14:12:57.182+0300][6,108s][info ][gc] GC(49) Pause Young (Normal) (G1 Evacuation Pause) 401M->321M(500M) 27,522ms
[2021-10-31T14:12:57.198+0300][6,124s][debug][gc] GC(48) Reclaimed 161 empty regions
[2021-10-31T14:12:57.198+0300][6,124s][info ][gc] GC(48) Pause Remark 339M->178M(500M) 1,207ms
[2021-10-31T14:12:57.272+0300][6,199s][info ][gc] GC(50) Pause Young (Normal) (G1 Evacuation Pause) 247M->180M(500M) 23,436ms
[2021-10-31T14:12:57.292+0300][6,218s][info ][gc] GC(48) Pause Cleanup 199M->199M(500M) 0,108ms
[2021-10-31T14:12:57.292+0300][6,218s][info ][gc] GC(48) Concurrent Cycle 224,009ms
[2021-10-31T14:12:57.451+0300][6,377s][info ][gc] GC(51) Pause Young (Normal) (G1 Evacuation Pause) 364M->218M(500M) 39,696ms
[2021-10-31T14:12:57.607+0300][6,533s][info ][gc] GC(52) Pause Young (Normal) (G1 Evacuation Pause) 376M->252M(500M) 40,767ms
[2021-10-31T14:12:57.733+0300][6,659s][info ][gc] GC(53) Pause Young (Concurrent Start) (G1 Evacuation Pause) 386M->257M(500M) 25,368ms
[2021-10-31T14:12:57.733+0300][6,660s][info ][gc] GC(54) Concurrent Cycle
[2021-10-31T14:12:57.750+0300][6,676s][debug][gc] GC(54) Reclaimed 190 empty regions
[2021-10-31T14:12:57.750+0300][6,676s][info ][gc] GC(54) Pause Remark 276M->86M(500M) 0,554ms
[2021-10-31T14:12:57.762+0300][6,688s][info ][gc] GC(54) Pause Cleanup 102M->102M(500M) 0,058ms
[2021-10-31T14:12:57.762+0300][6,688s][info ][gc] GC(54) Concurrent Cycle 28,914ms
[2021-10-31T14:12:57.866+0300][6,792s][info ][gc] GC(55) Pause Young (Normal) (G1 Evacuation Pause) 198M->94M(500M) 33,835ms
[2021-10-31T14:12:58.100+0300][7,026s][info ][gc] GC(56) Pause Young (Normal) (G1 Evacuation Pause) 340M->146M(500M) 55,569ms
[2021-10-31T14:12:58.307+0300][7,234s][info ][gc] GC(57) Pause Young (Normal) (G1 Evacuation Pause) 354M->189M(500M) 54,763ms
[2021-10-31T14:12:58.484+0300][7,411s][info ][gc] GC(58) Pause Young (Normal) (G1 Evacuation Pause) 367M->227M(500M) 47,948ms
[2021-10-31T14:12:58.606+0300][7,532s][info ][gc] GC(59) Pause Young (Normal) (G1 Evacuation Pause) 379M->209M(500M) 7,226ms
[2021-10-31T14:12:58.764+0300][7,691s][info ][gc] GC(60) Pause Young (Normal) (G1 Evacuation Pause) 380M->242M(500M) 33,792ms
[2021-10-31T14:12:58.908+0300][7,834s][info ][gc] GC(61) Pause Young (Normal) (G1 Evacuation Pause) 386M->272M(500M) 38,674ms
[2021-10-31T14:12:59.029+0300][7,955s][info ][gc] GC(62) Pause Young (Concurrent Start) (G1 Evacuation Pause) 393M->298M(500M) 33,009ms
[2021-10-31T14:12:59.029+0300][7,955s][info ][gc] GC(63) Concurrent Cycle
[2021-10-31T14:12:59.113+0300][8,039s][debug][gc] GC(63) Reclaimed 161 empty regions
[2021-10-31T14:12:59.113+0300][8,039s][info ][gc] GC(63) Pause Remark 395M->234M(500M) 1,211ms
[2021-10-31T14:12:59.147+0300][8,073s][info ][gc] GC(64) Pause Young (Normal) (G1 Evacuation Pause) 240M->160M(500M) 29,185ms
[2021-10-31T14:12:59.197+0300][8,124s][info ][gc] GC(63) Pause Cleanup 229M->229M(500M) 0,094ms
[2021-10-31T14:12:59.198+0300][8,124s][info ][gc] GC(63) Concurrent Cycle 168,976ms
[2021-10-31T14:12:59.335+0300][8,262s][info ][gc] GC(65) Pause Young (Normal) (G1 Evacuation Pause) 358M->202M(500M) 43,973ms
[2021-10-31T14:12:59.503+0300][8,429s][info ][gc] GC(66) Pause Young (Normal) (G1 Evacuation Pause) 371M->238M(500M) 44,443ms
[2021-10-31T14:12:59.626+0300][8,553s][info ][gc] GC(67) Pause Young (Normal) (G1 Evacuation Pause) 382M->229M(500M) 14,479ms
[2021-10-31T14:12:59.775+0300][8,701s][info ][gc] GC(68) Pause Young (Normal) (G1 Evacuation Pause) 383M->259M(500M) 35,869ms
[2021-10-31T14:12:59.905+0300][8,832s][info ][gc] GC(69) Pause Young (Concurrent Start) (G1 Evacuation Pause) 390M->288M(500M) 35,060ms
[2021-10-31T14:12:59.905+0300][8,832s][info ][gc] GC(70) Concurrent Cycle
[2021-10-31T14:12:59.958+0300][8,884s][debug][gc] GC(70) Reclaimed 173 empty regions
[2021-10-31T14:12:59.958+0300][8,884s][info ][gc] GC(70) Pause Remark 349M->176M(500M) 0,476ms
[2021-10-31T14:13:00.025+0300][8,951s][info ][gc] GC(71) Pause Young (Normal) (G1 Evacuation Pause) 225M->139M(500M) 31,112ms
[2021-10-31T14:13:00.026+0300][8,952s][info ][gc] GC(70) Pause Cleanup 140M->140M(500M) 0,071ms
[2021-10-31T14:13:00.026+0300][8,953s][info ][gc] GC(70) Concurrent Cycle 120,886ms
[2021-10-31T14:13:00.228+0300][9,154s][info ][gc] GC(72) Pause Young (Normal) (G1 Evacuation Pause) 353M->183M(500M) 47,169ms
[2021-10-31T14:13:00.407+0300][9,333s][info ][gc] GC(73) Pause Young (Normal) (G1 Evacuation Pause) 365M->221M(500M) 47,659ms
[2021-10-31T14:13:00.530+0300][9,456s][info ][gc] GC(74) Pause Young (Normal) (G1 Evacuation Pause) 377M->199M(500M) 4,675ms
[2021-10-31T14:13:00.697+0300][9,624s][info ][gc] GC(75) Pause Young (Normal) (G1 Evacuation Pause) 378M->233M(500M) 36,104ms
[2021-10-31T14:13:00.849+0300][9,776s][info ][gc] GC(76) Pause Young (Normal) (G1 Evacuation Pause) 384M->265M(500M) 42,505ms
[2021-10-31T14:13:00.976+0300][9,903s][info ][gc] GC(77) Pause Young (Concurrent Start) (G1 Evacuation Pause) 392M->292M(500M) 34,643ms
[2021-10-31T14:13:00.976+0300][9,903s][info ][gc] GC(78) Concurrent Cycle
[2021-10-31T14:13:01.097+0300][10,024s][info ][gc] GC(79) Pause Young (Normal) (G1 Evacuation Pause) 399M->316M(500M) 29,623ms
[2021-10-31T14:13:01.101+0300][10,027s][debug][gc] GC(78) Reclaimed 155 empty regions
[2021-10-31T14:13:01.101+0300][10,027s][info ][gc] GC(78) Pause Remark 320M->165M(500M) 0,426ms
[2021-10-31T14:13:01.189+0300][10,115s][info ][gc] GC(80) Pause Young (Normal) (G1 Evacuation Pause) 251M->181M(500M) 25,223ms
[2021-10-31T14:13:01.189+0300][10,116s][info ][gc] GC(78) Pause Cleanup 181M->181M(500M) 0,093ms
[2021-10-31T14:13:01.190+0300][10,116s][info ][gc] GC(78) Concurrent Cycle 213,440ms
[2021-10-31T14:13:01.363+0300][10,289s][info ][gc] GC(81) Pause Young (Normal) (G1 Evacuation Pause) 364M->219M(500M) 40,487ms
[2021-10-31T14:13:01.522+0300][10,449s][info ][gc] GC(82) Pause Young (Normal) (G1 Evacuation Pause) 376M->252M(500M) 46,207ms
[2021-10-31T14:13:01.651+0300][10,577s][info ][gc] GC(83) Pause Young (Concurrent Start) (G1 Evacuation Pause) 386M->257M(500M) 28,204ms
[2021-10-31T14:13:01.651+0300][10,577s][info ][gc] GC(84) Concurrent Cycle
[2021-10-31T14:13:01.672+0300][10,598s][debug][gc] GC(84) Reclaimed 189 empty regions
[2021-10-31T14:13:01.672+0300][10,598s][info ][gc] GC(84) Pause Remark 272M->83M(500M) 0,667ms
[2021-10-31T14:13:01.685+0300][10,612s][info ][gc] GC(84) Pause Cleanup 101M->101M(500M) 0,054ms
[2021-10-31T14:13:01.686+0300][10,612s][info ][gc] GC(84) Concurrent Cycle 35,395ms
[2021-10-31T14:13:01.794+0300][10,720s][info ][gc] GC(85) Pause Young (Normal) (G1 Evacuation Pause) 199M->95M(500M) 36,799ms
[2021-10-31T14:13:02.033+0300][10,959s][info ][gc] GC(86) Pause Young (Normal) (G1 Evacuation Pause) 340M->146M(500M) 60,641ms
[2021-10-31T14:13:02.246+0300][11,172s][info ][gc] GC(87) Pause Young (Normal) (G1 Evacuation Pause) 354M->190M(500M) 60,042ms
[2021-10-31T14:13:02.432+0300][11,359s][info ][gc] GC(88) Pause Young (Normal) (G1 Evacuation Pause) 367M->228M(500M) 51,994ms
[2021-10-31T14:13:02.556+0300][11,482s][info ][gc] GC(89) Pause Young (Normal) (G1 Evacuation Pause) 379M->210M(500M) 8,025ms
[2021-10-31T14:13:02.718+0300][11,644s][info ][gc] GC(90) Pause Young (Normal) (G1 Evacuation Pause) 380M->244M(500M) 38,594ms
[2021-10-31T14:13:02.863+0300][11,790s][info ][gc] GC(91) Pause Young (Normal) (G1 Evacuation Pause) 386M->273M(500M) 42,759ms
[2021-10-31T14:13:02.987+0300][11,913s][info ][gc] GC(92) Pause Young (Concurrent Start) (G1 Evacuation Pause) 394M->300M(500M) 35,614ms
[2021-10-31T14:13:02.987+0300][11,913s][info ][gc] GC(93) Concurrent Cycle
[2021-10-31T14:13:03.070+0300][11,997s][debug][gc] GC(93) Reclaimed 162 empty regions
[2021-10-31T14:13:03.070+0300][11,997s][info ][gc] GC(93) Pause Remark 398M->236M(500M) 0,390ms
[2021-10-31T14:13:03.103+0300][12,029s][info ][gc] GC(94) Pause Young (Normal) (G1 Evacuation Pause) 239M->160M(500M) 29,516ms
[2021-10-31T14:13:03.155+0300][12,082s][info ][gc] GC(93) Pause Cleanup 233M->233M(500M) 0,087ms
[2021-10-31T14:13:03.156+0300][12,082s][info ][gc] GC(93) Concurrent Cycle 169,047ms
[2021-10-31T14:13:03.293+0300][12,219s][info ][gc] GC(95) Pause Young (Normal) (G1 Evacuation Pause) 358M->202M(500M) 45,688ms
[2021-10-31T14:13:03.463+0300][12,389s][info ][gc] GC(96) Pause Young (Normal) (G1 Evacuation Pause) 371M->238M(500M) 46,771ms
[2021-10-31T14:13:03.587+0300][12,513s][info ][gc] GC(97) Pause Young (Normal) (G1 Evacuation Pause) 382M->229M(500M) 15,655ms
[2021-10-31T14:13:03.740+0300][12,667s][info ][gc] GC(98) Pause Young (Normal) (G1 Evacuation Pause) 383M->259M(500M) 40,630ms
[2021-10-31T14:13:03.876+0300][12,803s][info ][gc] GC(99) Pause Young (Concurrent Start) (G1 Evacuation Pause) 390M->286M(500M) 39,587ms
[2021-10-31T14:13:03.876+0300][12,803s][info ][gc] GC(100) Concurrent Cycle
[2021-10-31T14:13:03.929+0300][12,856s][debug][gc] GC(100) Reclaimed 173 empty regions
[2021-10-31T14:13:03.930+0300][12,856s][info ][gc] GC(100) Pause Remark 347M->174M(500M) 0,611ms
[2021-10-31T14:13:03.974+0300][12,900s][info ][gc] GC(100) Pause Cleanup 221M->221M(500M) 0,069ms
[2021-10-31T14:13:03.974+0300][12,900s][info ][gc] GC(100) Concurrent Cycle 97,835ms
[2021-10-31T14:13:04.010+0300][12,937s][info ][gc] GC(101) Pause Young (Normal) (G1 Evacuation Pause) 224M->138M(500M) 33,489ms
[2021-10-31T14:13:04.220+0300][13,147s][info ][gc] GC(102) Pause Young (Normal) (G1 Evacuation Pause) 351M->182M(500M) 55,352ms
[2021-10-31T14:13:04.406+0300][13,332s][info ][gc] GC(103) Pause Young (Normal) (G1 Evacuation Pause) 365M->221M(500M) 50,810ms
[2021-10-31T14:13:04.528+0300][13,454s][info ][gc] GC(104) Pause Young (Normal) (G1 Evacuation Pause) 377M->198M(500M) 4,307ms
[2021-10-31T14:13:04.693+0300][13,620s][info ][gc] GC(105) Pause Young (Normal) (G1 Evacuation Pause) 378M->233M(500M) 33,108ms
[2021-10-31T14:13:04.846+0300][13,773s][info ][gc] GC(106) Pause Young (Normal) (G1 Evacuation Pause) 384M->265M(500M) 42,216ms
[2021-10-31T14:13:04.974+0300][13,901s][info ][gc] GC(107) Pause Young (Concurrent Start) (G1 Evacuation Pause) 392M->292M(500M) 35,740ms
[2021-10-31T14:13:04.974+0300][13,901s][info ][gc] GC(108) Concurrent Cycle
[2021-10-31T14:13:05.095+0300][14,021s][info ][gc] GC(109) Pause Young (Normal) (G1 Evacuation Pause) 399M->316M(500M) 29,801ms
[2021-10-31T14:13:05.099+0300][14,026s][debug][gc] GC(108) Reclaimed 154 empty regions
[2021-10-31T14:13:05.099+0300][14,026s][info ][gc] GC(108) Pause Remark 321M->167M(500M) 0,470ms
[2021-10-31T14:13:05.187+0300][14,113s][info ][gc] GC(110) Pause Young (Normal) (G1 Evacuation Pause) 252M->182M(500M) 25,165ms
[2021-10-31T14:13:05.197+0300][14,124s][info ][gc] GC(108) Pause Cleanup 196M->196M(500M) 0,097ms
[2021-10-31T14:13:05.198+0300][14,124s][info ][gc] GC(108) Concurrent Cycle 223,350ms
[2021-10-31T14:13:05.360+0300][14,286s][info ][gc] GC(111) Pause Young (Normal) (G1 Evacuation Pause) 364M->221M(500M) 39,408ms
[2021-10-31T14:13:05.514+0300][14,440s][info ][gc] GC(112) Pause Young (Normal) (G1 Evacuation Pause) 376M->253M(500M) 39,877ms
[2021-10-31T14:13:05.638+0300][14,565s][info ][gc] GC(113) Pause Young (Concurrent Start) (G1 Evacuation Pause) 386M->258M(500M) 24,455ms
[2021-10-31T14:13:05.638+0300][14,565s][info ][gc] GC(114) Concurrent Cycle
[2021-10-31T14:13:05.666+0300][14,592s][debug][gc] GC(114) Reclaimed 191 empty regions
[2021-10-31T14:13:05.666+0300][14,592s][info ][gc] GC(114) Pause Remark 290M->99M(500M) 0,514ms
[2021-10-31T14:13:05.685+0300][14,611s][info ][gc] GC(114) Pause Cleanup 125M->125M(500M) 0,059ms
[2021-10-31T14:13:05.685+0300][14,612s][info ][gc] GC(114) Concurrent Cycle 46,949ms
[2021-10-31T14:13:05.772+0300][14,698s][info ][gc] GC(115) Pause Young (Normal) (G1 Evacuation Pause) 197M->94M(500M) 34,163ms
[2021-10-31T14:13:06.006+0300][14,933s][info ][gc] GC(116) Pause Young (Normal) (G1 Evacuation Pause) 340M->145M(500M) 55,227ms
[2021-10-31T14:13:06.212+0300][15,139s][info ][gc] GC(117) Pause Young (Normal) (G1 Evacuation Pause) 354M->189M(500M) 55,159ms
[2021-10-31T14:13:06.390+0300][15,316s][info ][gc] GC(118) Pause Young (Normal) (G1 Evacuation Pause) 367M->227M(500M) 47,861ms
[2021-10-31T14:13:06.512+0300][15,438s][info ][gc] GC(119) Pause Young (Normal) (G1 Evacuation Pause) 379M->208M(500M) 7,064ms
