[2021-10-31T14:13:41.108+0300][0.004s][debug][gc] ConcGCThreads: 2 offset 16
[2021-10-31T14:13:41.108+0300][0.004s][debug][gc] ParallelGCThreads: 8
[2021-10-31T14:13:41.109+0300][0.004s][debug][gc] Initialize mark stack with 4096 chunks, maximum 16384
[2021-10-31T14:13:41.113+0300][0.009s][info ][gc] Using G1
[2021-10-31T14:13:41.126+0300][0,021s][info ][gc] Periodic GC disabled
[2021-10-31T14:13:41.247+0300][0,143s][info ][gc] GC(0) Pause Young (Normal) (G1 Evacuation Pause) 24M->6M(400M) 7,143ms
[2021-10-31T14:13:41.282+0300][0,177s][info ][gc] GC(1) Pause Young (Normal) (G1 Evacuation Pause) 37M->15M(400M) 15,009ms
[2021-10-31T14:13:41.366+0300][0,261s][info ][gc] GC(2) Pause Young (Normal) (G1 Evacuation Pause) 74M->33M(400M) 26,511ms
[2021-10-31T14:13:41.459+0300][0,354s][info ][gc] GC(3) Pause Young (Normal) (G1 Evacuation Pause) 109M->53M(400M) 27,554ms
[2021-10-31T14:13:41.567+0300][0,463s][info ][gc] GC(4) Pause Young (Normal) (G1 Evacuation Pause) 149M->79M(400M) 30,832ms
[2021-10-31T14:13:41.705+0300][0,600s][info ][gc] GC(5) Pause Young (Normal) (G1 Evacuation Pause) 200M->113M(400M) 40,597ms
[2021-10-31T14:13:41.876+0300][0,771s][info ][gc] GC(6) Pause Young (Normal) (G1 Evacuation Pause) 262M->157M(400M) 53,035ms
[2021-10-31T14:13:42.042+0300][0,937s][info ][gc] GC(7) Pause Young (Normal) (G1 Evacuation Pause) 306M->208M(400M) 54,045ms
[2021-10-31T14:13:42.154+0300][1,049s][info ][gc] GC(8) Pause Young (Concurrent Start) (G1 Evacuation Pause) 308M->230M(400M) 33,225ms
[2021-10-31T14:13:42.154+0300][1,049s][info ][gc] GC(9) Concurrent Cycle
[2021-10-31T14:13:42.262+0300][1,158s][info ][gc] GC(10) Pause Young (Normal) (G1 Evacuation Pause) 318M->250M(400M) 26,615ms
[2021-10-31T14:13:42.353+0300][1,248s][info ][gc] GC(11) Pause Young (Normal) (G1 Evacuation Pause) 324M->266M(400M) 21,802ms
[2021-10-31T14:13:42.357+0300][1,252s][debug][gc] GC(9) Reclaimed 50 empty regions
[2021-10-31T14:13:42.357+0300][1,252s][info ][gc] GC(9) Pause Remark 270M->220M(400M) 0,430ms
[2021-10-31T14:13:42.445+0300][1,340s][info ][gc] GC(12) Pause Young (Normal) (G1 Evacuation Pause) 315M->266M(400M) 26,262ms
[2021-10-31T14:13:42.491+0300][1,387s][info ][gc] GC(9) Pause Cleanup 322M->322M(400M) 0,136ms
[2021-10-31T14:13:42.493+0300][1,388s][info ][gc] GC(9) Concurrent Cycle 338,893ms
[2021-10-31T14:13:42.513+0300][1,409s][info ][gc] GC(13) Pause Young (Normal) (G1 Evacuation Pause) 329M->267M(400M) 7,379ms
[2021-10-31T14:13:42.591+0300][1,486s][info ][gc] GC(14) Pause Young (Concurrent Start) (G1 Evacuation Pause) 331M->279M(400M) 15,188ms
[2021-10-31T14:13:42.591+0300][1,486s][info ][gc] GC(15) Concurrent Cycle
[2021-10-31T14:13:42.613+0300][1,508s][debug][gc] GC(15) Reclaimed 224 empty regions
[2021-10-31T14:13:42.613+0300][1,508s][info ][gc] GC(15) Pause Remark 298M->74M(400M) 0,580ms
[2021-10-31T14:13:42.629+0300][1,525s][info ][gc] GC(15) Pause Cleanup 92M->92M(400M) 0,050ms
[2021-10-31T14:13:42.631+0300][1,526s][info ][gc] GC(15) Concurrent Cycle 39,613ms
[2021-10-31T14:13:42.666+0300][1,562s][info ][gc] GC(16) Pause Young (Normal) (G1 Evacuation Pause) 110M->67M(400M) 18,691ms
[2021-10-31T14:13:42.907+0300][1,802s][info ][gc] GC(17) Pause Young (Normal) (G1 Evacuation Pause) 268M->108M(400M) 46,247ms
[2021-10-31T14:13:43.108+0300][2,003s][info ][gc] GC(18) Pause Young (Normal) (G1 Evacuation Pause) 270M->142M(400M) 46,325ms
[2021-10-31T14:13:43.263+0300][2,159s][info ][gc] GC(19) Pause Young (Normal) (G1 Evacuation Pause) 287M->173M(400M) 38,833ms
[2021-10-31T14:13:43.394+0300][2,290s][info ][gc] GC(20) Pause Young (Normal) (G1 Evacuation Pause) 299M->201M(400M) 38,621ms
[2021-10-31T14:13:43.506+0300][2,401s][info ][gc] GC(21) Pause Young (Concurrent Start) (G1 Evacuation Pause) 308M->225M(400M) 33,383ms
[2021-10-31T14:13:43.506+0300][2,401s][info ][gc] GC(22) Concurrent Cycle
[2021-10-31T14:13:43.611+0300][2,506s][info ][gc] GC(23) Pause Young (Normal) (G1 Evacuation Pause) 316M->245M(400M) 27,415ms
[2021-10-31T14:13:43.719+0300][2,615s][info ][gc] GC(24) Pause Young (Normal) (G1 Evacuation Pause) 322M->239M(400M) 6,074ms
[2021-10-31T14:13:43.760+0300][2,655s][info ][gc] GC(22) Pause Remark 269M->269M(400M) 0,485ms
[2021-10-31T14:13:43.819+0300][2,714s][info ][gc] GC(25) Pause Young (Normal) (G1 Evacuation Pause) 322M->255M(400M) 19,878ms
[2021-10-31T14:13:43.891+0300][2,787s][info ][gc] GC(26) Pause Young (Normal) (G1 Evacuation Pause) 326M->270M(400M) 20,867ms
[2021-10-31T14:13:43.908+0300][2,804s][info ][gc] GC(22) Pause Cleanup 293M->293M(400M) 0,108ms
[2021-10-31T14:13:43.909+0300][2,804s][info ][gc] GC(22) Concurrent Cycle 402,852ms
[2021-10-31T14:13:43.954+0300][2,849s][info ][gc] GC(27) Pause Young (Normal) (G1 Evacuation Pause) 330M->283M(400M) 18,551ms
[2021-10-31T14:13:44.008+0300][2,903s][info ][gc] GC(28) Pause Young (Concurrent Start) (G1 Evacuation Pause) 334M->296M(400M) 16,802ms
[2021-10-31T14:13:44.008+0300][2,903s][info ][gc] GC(29) Concurrent Cycle
[2021-10-31T14:13:44.057+0300][2,952s][info ][gc] GC(30) Pause Young (Normal) (G1 Evacuation Pause) 338M->305M(400M) 13,273ms
[2021-10-31T14:13:44.085+0300][2,981s][debug][gc] GC(29) Reclaimed 192 empty regions
[2021-10-31T14:13:44.085+0300][2,981s][info ][gc] GC(29) Pause Remark 338M->146M(400M) 0,495ms
[2021-10-31T14:13:44.100+0300][2,995s][info ][gc] GC(31) Pause Young (Normal) (G1 Evacuation Pause) 149M->121M(400M) 11,753ms
[2021-10-31T14:13:44.140+0300][3,035s][info ][gc] GC(29) Pause Cleanup 176M->176M(400M) 0,102ms
[2021-10-31T14:13:44.140+0300][3,036s][info ][gc] GC(29) Concurrent Cycle 132,445ms
[2021-10-31T14:13:44.255+0300][3,150s][info ][gc] GC(32) Pause Young (Normal) (G1 Evacuation Pause) 284M->154M(400M) 37,890ms
[2021-10-31T14:13:44.398+0300][3,294s][info ][gc] GC(33) Pause Young (Normal) (G1 Evacuation Pause) 294M->184M(400M) 41,488ms
[2021-10-31T14:13:44.523+0300][3,418s][info ][gc] GC(34) Pause Young (Normal) (G1 Evacuation Pause) 303M->209M(400M) 37,407ms
[2021-10-31T14:13:44.629+0300][3,524s][info ][gc] GC(35) Pause Young (Concurrent Start) (G1 Evacuation Pause) 311M->232M(400M) 31,191ms
[2021-10-31T14:13:44.629+0300][3,524s][info ][gc] GC(36) Concurrent Cycle
[2021-10-31T14:13:44.729+0300][3,624s][info ][gc] GC(37) Pause Young (Normal) (G1 Evacuation Pause) 318M->251M(400M) 25,559ms
[2021-10-31T14:13:44.843+0300][3,738s][info ][gc] GC(38) Pause Young (Normal) (G1 Evacuation Pause) 324M->249M(400M) 11,021ms
[2021-10-31T14:13:44.879+0300][3,774s][info ][gc] GC(36) Pause Remark 282M->282M(400M) 0,485ms
[2021-10-31T14:13:44.930+0300][3,826s][info ][gc] GC(39) Pause Young (Normal) (G1 Evacuation Pause) 325M->262M(400M) 20,452ms
[2021-10-31T14:13:44.999+0300][3,894s][info ][gc] GC(40) Pause Young (Normal) (G1 Evacuation Pause) 328M->276M(400M) 20,516ms
[2021-10-31T14:13:45.023+0300][3,919s][info ][gc] GC(36) Pause Cleanup 310M->310M(400M) 0,122ms
[2021-10-31T14:13:45.024+0300][3,919s][info ][gc] GC(36) Concurrent Cycle 394,691ms
[2021-10-31T14:13:45.058+0300][3,953s][info ][gc] GC(41) Pause Young (Normal) (G1 Evacuation Pause) 332M->289M(400M) 18,062ms
[2021-10-31T14:13:45.108+0300][4,003s][info ][gc] GC(42) Pause Young (Concurrent Start) (G1 Evacuation Pause) 336M->300M(400M) 15,293ms
[2021-10-31T14:13:45.108+0300][4,003s][info ][gc] GC(43) Concurrent Cycle
[2021-10-31T14:13:45.155+0300][4,051s][info ][gc] GC(44) Pause Young (Normal) (G1 Evacuation Pause) 339M->309M(400M) 13,017ms
[2021-10-31T14:13:45.194+0300][4,090s][info ][gc] GC(45) Pause Young (Normal) (G1 Evacuation Pause) 342M->317M(400M) 10,362ms
[2021-10-31T14:13:45.206+0300][4,102s][debug][gc] GC(43) Reclaimed 197 empty regions
[2021-10-31T14:13:45.207+0300][4,102s][info ][gc] GC(43) Pause Remark 331M->134M(400M) 0,433ms
[2021-10-31T14:13:45.226+0300][4,121s][info ][gc] GC(46) Pause Young (Normal) (G1 Evacuation Pause) 148M->126M(400M) 8,902ms
[2021-10-31T14:13:45.263+0300][4,158s][info ][gc] GC(43) Pause Cleanup 176M->176M(400M) 0,090ms
[2021-10-31T14:13:45.263+0300][4,158s][info ][gc] GC(43) Concurrent Cycle 155,045ms
[2021-10-31T14:13:45.380+0300][4,275s][info ][gc] GC(47) Pause Young (Normal) (G1 Evacuation Pause) 286M->158M(400M) 37,705ms
[2021-10-31T14:13:45.522+0300][4,417s][info ][gc] GC(48) Pause Young (Normal) (G1 Evacuation Pause) 296M->187M(400M) 39,985ms
[2021-10-31T14:13:45.643+0300][4,538s][info ][gc] GC(49) Pause Young (Normal) (G1 Evacuation Pause) 304M->212M(400M) 35,731ms
[2021-10-31T14:13:45.746+0300][4,641s][info ][gc] GC(50) Pause Young (Concurrent Start) (G1 Evacuation Pause) 312M->234M(400M) 30,561ms
[2021-10-31T14:13:45.746+0300][4,641s][info ][gc] GC(51) Concurrent Cycle
[2021-10-31T14:13:45.861+0300][4,756s][info ][gc] GC(52) Pause Young (Normal) (G1 Evacuation Pause) 319M->253M(400M) 27,152ms
[2021-10-31T14:13:45.963+0300][4,858s][info ][gc] GC(53) Pause Young (Normal) (G1 Evacuation Pause) 325M->252M(400M) 10,888ms
[2021-10-31T14:13:46.010+0300][4,905s][info ][gc] GC(51) Pause Remark 307M->307M(400M) 0,353ms
[2021-10-31T14:13:46.042+0300][4,938s][info ][gc] GC(54) Pause Young (Normal) (G1 Evacuation Pause) 325M->267M(400M) 18,302ms
[2021-10-31T14:13:46.105+0300][5,000s][info ][gc] GC(55) Pause Young (Normal) (G1 Evacuation Pause) 329M->280M(400M) 17,366ms
[2021-10-31T14:13:46.160+0300][5,055s][info ][gc] GC(56) Pause Young (Normal) (G1 Evacuation Pause) 333M->292M(400M) 15,847ms
[2021-10-31T14:13:46.170+0300][5,065s][info ][gc] GC(51) Pause Cleanup 306M->306M(400M) 0,106ms
[2021-10-31T14:13:46.170+0300][5,066s][info ][gc] GC(51) Concurrent Cycle 424,286ms
[2021-10-31T14:13:46.206+0300][5,101s][info ][gc] GC(57) Pause Young (Normal) (G1 Evacuation Pause) 337M->303M(400M) 13,021ms
[2021-10-31T14:13:46.245+0300][5,141s][info ][gc] GC(58) Pause Young (Concurrent Start) (G1 Evacuation Pause) 340M->311M(400M) 12,220ms
[2021-10-31T14:13:46.245+0300][5,141s][info ][gc] GC(59) Concurrent Cycle
[2021-10-31T14:13:46.282+0300][5,177s][info ][gc] GC(60) Pause Young (Normal) (G1 Evacuation Pause) 343M->318M(400M) 9,344ms
[2021-10-31T14:13:46.325+0300][5,220s][info ][gc] GC(61) Pause Young (Normal) (G1 Evacuation Pause) 345M->324M(400M) 10,108ms
[2021-10-31T14:13:46.351+0300][5,246s][debug][gc] GC(59) Reclaimed 200 empty regions
[2021-10-31T14:13:46.351+0300][5,246s][info ][gc] GC(59) Pause Remark 343M->143M(400M) 0,586ms
[2021-10-31T14:13:46.363+0300][5,259s][info ][gc] GC(62) Pause Young (Normal) (G1 Evacuation Pause) 147M->129M(400M) 7,708ms
[2021-10-31T14:13:46.417+0300][5,312s][info ][gc] GC(59) Pause Cleanup 192M->192M(400M) 0,084ms
[2021-10-31T14:13:46.417+0300][5,312s][info ][gc] GC(59) Concurrent Cycle 171,769ms
[2021-10-31T14:13:46.521+0300][5,416s][info ][gc] GC(63) Pause Young (Normal) (G1 Evacuation Pause) 286M->161M(400M) 36,350ms
[2021-10-31T14:13:46.668+0300][5,563s][info ][gc] GC(64) Pause Young (Normal) (G1 Evacuation Pause) 296M->189M(400M) 44,010ms
[2021-10-31T14:13:46.787+0300][5,683s][info ][gc] GC(65) Pause Young (Normal) (G1 Evacuation Pause) 305M->214M(400M) 35,350ms
[2021-10-31T14:13:46.889+0300][5,784s][info ][gc] GC(66) Pause Young (Concurrent Start) (G1 Evacuation Pause) 313M->236M(400M) 29,963ms
[2021-10-31T14:13:46.889+0300][5,784s][info ][gc] GC(67) Concurrent Cycle
[2021-10-31T14:13:46.988+0300][5,884s][info ][gc] GC(68) Pause Young (Normal) (G1 Evacuation Pause) 320M->255M(400M) 25,997ms
[2021-10-31T14:13:47.090+0300][5,986s][info ][gc] GC(69) Pause Young (Normal) (G1 Evacuation Pause) 326M->256M(400M) 13,004ms
[2021-10-31T14:13:47.159+0300][6,055s][info ][gc] GC(67) Pause Remark 316M->316M(400M) 0,370ms
[2021-10-31T14:13:47.188+0300][6,084s][info ][gc] GC(70) Pause Young (Normal) (G1 Evacuation Pause) 326M->270M(400M) 21,256ms
[2021-10-31T14:13:47.249+0300][6,145s][info ][gc] GC(71) Pause Young (Normal) (G1 Evacuation Pause) 330M->283M(400M) 17,245ms
[2021-10-31T14:13:47.301+0300][6,196s][info ][gc] GC(72) Pause Young (Normal) (G1 Evacuation Pause) 334M->295M(400M) 13,874ms
[2021-10-31T14:13:47.320+0300][6,216s][info ][gc] GC(67) Pause Cleanup 322M->322M(400M) 0,115ms
[2021-10-31T14:13:47.321+0300][6,216s][info ][gc] GC(67) Concurrent Cycle 431,781ms
[2021-10-31T14:13:47.346+0300][6,241s][info ][gc] GC(73) Pause Young (Normal) (G1 Evacuation Pause) 338M->305M(400M) 13,359ms
[2021-10-31T14:13:47.384+0300][6,279s][info ][gc] GC(74) Pause Young (Concurrent Start) (G1 Evacuation Pause) 341M->313M(400M) 11,563ms
[2021-10-31T14:13:47.384+0300][6,279s][info ][gc] GC(75) Concurrent Cycle
[2021-10-31T14:13:47.420+0300][6,315s][info ][gc] GC(76) Pause Young (Normal) (G1 Evacuation Pause) 343M->320M(400M) 10,564ms
[2021-10-31T14:13:47.451+0300][6,346s][info ][gc] GC(77) Pause Young (Normal) (G1 Evacuation Pause) 346M->326M(400M) 8,383ms
[2021-10-31T14:13:47.477+0300][6,372s][info ][gc] GC(78) Pause Young (Normal) (G1 Evacuation Pause) 347M->330M(400M) 7,880ms
[2021-10-31T14:13:47.499+0300][6,394s][info ][gc] GC(79) Pause Young (Normal) (G1 Evacuation Pause) 348M->335M(400M) 6,248ms
[2021-10-31T14:13:47.503+0300][6,399s][debug][gc] GC(75) Reclaimed 201 empty regions
[2021-10-31T14:13:47.503+0300][6,399s][info ][gc] GC(75) Pause Remark 340M->139M(400M) 0,499ms
[2021-10-31T14:13:47.518+0300][6,414s][info ][gc] GC(80) Pause Young (Normal) (G1 Evacuation Pause) 151M->137M(400M) 5,758ms
[2021-10-31T14:13:47.562+0300][6,457s][info ][gc] GC(75) Pause Cleanup 197M->197M(400M) 0,092ms
[2021-10-31T14:13:47.562+0300][6,457s][info ][gc] GC(75) Concurrent Cycle 178,496ms
[2021-10-31T14:13:47.666+0300][6,561s][info ][gc] GC(81) Pause Young (Normal) (G1 Evacuation Pause) 290M->168M(400M) 36,032ms
[2021-10-31T14:13:47.800+0300][6,695s][info ][gc] GC(82) Pause Young (Normal) (G1 Evacuation Pause) 299M->195M(400M) 38,215ms
[2021-10-31T14:13:47.914+0300][6,809s][info ][gc] GC(83) Pause Young (Normal) (G1 Evacuation Pause) 307M->219M(400M) 32,775ms
[2021-10-31T14:13:48.019+0300][6,914s][info ][gc] GC(84) Pause Young (Concurrent Start) (G1 Evacuation Pause) 315M->240M(400M) 29,640ms
[2021-10-31T14:13:48.019+0300][6,914s][info ][gc] GC(85) Concurrent Cycle
[2021-10-31T14:13:48.113+0300][7,009s][info ][gc] GC(86) Pause Young (Normal) (G1 Evacuation Pause) 321M->259M(400M) 25,852ms
[2021-10-31T14:13:48.215+0300][7,110s][info ][gc] GC(87) Pause Young (Normal) (G1 Evacuation Pause) 327M->262M(400M) 13,870ms
[2021-10-31T14:13:48.293+0300][7,188s][info ][gc] GC(88) Pause Young (Normal) (G1 Evacuation Pause) 328M->275M(400M) 19,060ms
[2021-10-31T14:13:48.309+0300][7,204s][info ][gc] GC(85) Pause Remark 293M->293M(400M) 0,428ms
[2021-10-31T14:13:48.354+0300][7,250s][info ][gc] GC(89) Pause Young (Normal) (G1 Evacuation Pause) 331M->288M(400M) 17,025ms
[2021-10-31T14:13:48.410+0300][7,306s][info ][gc] GC(90) Pause Young (Normal) (G1 Evacuation Pause) 336M->299M(400M) 14,496ms
[2021-10-31T14:13:48.453+0300][7,349s][info ][gc] GC(91) Pause Young (Normal) (G1 Evacuation Pause) 339M->308M(400M) 13,384ms
[2021-10-31T14:13:48.475+0300][7,370s][info ][gc] GC(85) Pause Cleanup 337M->337M(400M) 0,131ms
[2021-10-31T14:13:48.475+0300][7,371s][info ][gc] GC(85) Concurrent Cycle 456,675ms
[2021-10-31T14:13:48.491+0300][7,386s][info ][gc] GC(92) Pause Young (Normal) (G1 Evacuation Pause) 342M->315M(400M) 12,230ms
[2021-10-31T14:13:48.522+0300][7,417s][info ][gc] GC(93) Pause Young (Concurrent Start) (G1 Evacuation Pause) 344M->322M(400M) 9,975ms
[2021-10-31T14:13:48.522+0300][7,417s][info ][gc] GC(94) Concurrent Cycle
[2021-10-31T14:13:48.551+0300][7,446s][info ][gc] GC(95) Pause Young (Normal) (G1 Evacuation Pause) 346M->328M(400M) 8,408ms
[2021-10-31T14:13:48.576+0300][7,472s][info ][gc] GC(96) Pause Young (Normal) (G1 Evacuation Pause) 348M->332M(400M) 8,220ms
[2021-10-31T14:13:48.597+0300][7,492s][info ][gc] GC(97) Pause Young (Normal) (G1 Evacuation Pause) 349M->336M(400M) 5,753ms
[2021-10-31T14:13:48.617+0300][7,513s][info ][gc] GC(98) Pause Young (Normal) (G1 Evacuation Pause) 353M->340M(400M) 5,446ms
[2021-10-31T14:13:48.637+0300][7,533s][info ][gc] GC(99) Pause Young (Normal) (G1 Evacuation Pause) 357M->344M(400M) 5,419ms
[2021-10-31T14:13:48.639+0300][7,535s][debug][gc] GC(94) Reclaimed 206 empty regions
[2021-10-31T14:13:48.639+0300][7,535s][info ][gc] GC(94) Pause Remark 345M->139M(400M) 0,443ms
[2021-10-31T14:13:48.657+0300][7,552s][info ][gc] GC(100) Pause Young (Normal) (G1 Evacuation Pause) 155M->141M(400M) 5,896ms
[2021-10-31T14:13:48.701+0300][7,596s][info ][gc] GC(94) Pause Cleanup 202M->202M(400M) 0,094ms
[2021-10-31T14:13:48.701+0300][7,596s][info ][gc] GC(94) Concurrent Cycle 178,912ms
[2021-10-31T14:13:48.799+0300][7,694s][info ][gc] GC(101) Pause Young (Normal) (G1 Evacuation Pause) 290M->172M(400M) 33,877ms
[2021-10-31T14:13:48.930+0300][7,825s][info ][gc] GC(102) Pause Young (Normal) (G1 Evacuation Pause) 300M->199M(400M) 37,093ms
[2021-10-31T14:13:49.043+0300][7,938s][info ][gc] GC(103) Pause Young (Concurrent Start) (G1 Evacuation Pause) 309M->223M(400M) 32,868ms
[2021-10-31T14:13:49.043+0300][7,938s][info ][gc] GC(104) Concurrent Cycle
[2021-10-31T14:13:49.149+0300][8,045s][info ][gc] GC(105) Pause Young (Normal) (G1 Evacuation Pause) 316M->243M(400M) 27,419ms
[2021-10-31T14:13:49.248+0300][8,143s][info ][gc] GC(106) Pause Young (Normal) (G1 Evacuation Pause) 322M->261M(400M) 24,572ms
[2021-10-31T14:13:49.302+0300][8,197s][info ][gc] GC(104) Pause Remark 264M->264M(400M) 0,987ms
[2021-10-31T14:13:49.363+0300][8,258s][info ][gc] GC(107) Pause Young (Normal) (G1 Evacuation Pause) 328M->264M(400M) 13,666ms
[2021-10-31T14:13:49.430+0300][8,325s][info ][gc] GC(108) Pause Young (Normal) (G1 Evacuation Pause) 329M->277M(400M) 19,551ms
[2021-10-31T14:13:49.442+0300][8,337s][info ][gc] GC(104) Pause Cleanup 293M->293M(400M) 0,124ms
[2021-10-31T14:13:49.442+0300][8,337s][info ][gc] GC(104) Concurrent Cycle 399,292ms
[2021-10-31T14:13:49.488+0300][8,383s][info ][gc] GC(109) Pause Young (Normal) (G1 Evacuation Pause) 332M->289M(400M) 17,451ms
[2021-10-31T14:13:49.537+0300][8,433s][info ][gc] GC(110) Pause Young (Concurrent Start) (G1 Evacuation Pause) 336M->300M(400M) 15,525ms
[2021-10-31T14:13:49.537+0300][8,433s][info ][gc] GC(111) Concurrent Cycle
[2021-10-31T14:13:49.584+0300][8,480s][info ][gc] GC(112) Pause Young (Normal) (G1 Evacuation Pause) 339M->309M(400M) 13,398ms
[2021-10-31T14:13:49.623+0300][8,518s][info ][gc] GC(113) Pause Young (Normal) (G1 Evacuation Pause) 342M->317M(400M) 10,625ms
[2021-10-31T14:13:49.625+0300][8,520s][debug][gc] GC(111) Reclaimed 208 empty regions
[2021-10-31T14:13:49.625+0300][8,520s][info ][gc] GC(111) Pause Remark 318M->110M(400M) 0,430ms
[2021-10-31T14:13:49.653+0300][8,549s][info ][gc] GC(114) Pause Young (Normal) (G1 Evacuation Pause) 137M->115M(400M) 9,307ms
[2021-10-31T14:13:49.673+0300][8,569s][info ][gc] GC(111) Pause Cleanup 142M->142M(400M) 0,077ms
[2021-10-31T14:13:49.674+0300][8,569s][info ][gc] GC(111) Concurrent Cycle 136,205ms
[2021-10-31T14:13:49.812+0300][8,707s][info ][gc] GC(115) Pause Young (Normal) (G1 Evacuation Pause) 283M->149M(400M) 37,537ms
[2021-10-31T14:13:49.960+0300][8,855s][info ][gc] GC(116) Pause Young (Normal) (G1 Evacuation Pause) 293M->180M(400M) 42,276ms
[2021-10-31T14:13:50.085+0300][8,981s][info ][gc] GC(117) Pause Young (Normal) (G1 Evacuation Pause) 303M->206M(400M) 36,673ms
[2021-10-31T14:13:50.194+0300][9,090s][info ][gc] GC(118) Pause Young (Concurrent Start) (G1 Evacuation Pause) 311M->229M(400M) 31,807ms
[2021-10-31T14:13:50.194+0300][9,090s][info ][gc] GC(119) Concurrent Cycle
[2021-10-31T14:13:50.299+0300][9,194s][info ][gc] GC(120) Pause Young (Normal) (G1 Evacuation Pause) 318M->249M(400M) 27,474ms
[2021-10-31T14:13:50.407+0300][9,302s][info ][gc] GC(121) Pause Young (Normal) (G1 Evacuation Pause) 324M->242M(400M) 7,090ms
[2021-10-31T14:13:50.428+0300][9,324s][info ][gc] GC(119) Pause Remark 263M->263M(400M) 0,338ms
[2021-10-31T14:13:50.493+0300][9,388s][info ][gc] GC(122) Pause Young (Normal) (G1 Evacuation Pause) 323M->257M(400M) 20,530ms
[2021-10-31T14:13:50.565+0300][9,460s][info ][gc] GC(123) Pause Young (Normal) (G1 Evacuation Pause) 327M->272M(400M) 20,581ms
[2021-10-31T14:13:50.590+0300][9,485s][info ][gc] GC(119) Pause Cleanup 298M->298M(400M) 0,110ms
[2021-10-31T14:13:50.590+0300][9,486s][info ][gc] GC(119) Concurrent Cycle 396,156ms
[2021-10-31T14:13:50.634+0300][9,529s][info ][gc] GC(124) Pause Young (Normal) (G1 Evacuation Pause) 331M->285M(400M) 19,271ms
[2021-10-31T14:13:50.686+0300][9,581s][info ][gc] GC(125) Pause Young (Concurrent Start) (G1 Evacuation Pause) 335M->295M(400M) 15,925ms
[2021-10-31T14:13:50.686+0300][9,581s][info ][gc] GC(126) Concurrent Cycle
[2021-10-31T14:13:50.743+0300][9,639s][info ][gc] GC(127) Pause Young (Normal) (G1 Evacuation Pause) 338M->305M(400M) 13,731ms
[2021-10-31T14:13:50.772+0300][9,667s][debug][gc] GC(126) Reclaimed 194 empty regions
[2021-10-31T14:13:50.772+0300][9,667s][info ][gc] GC(126) Pause Remark 325M->131M(400M) 0,647ms
[2021-10-31T14:13:50.799+0300][9,695s][info ][gc] GC(128) Pause Young (Normal) (G1 Evacuation Pause) 147M->119M(400M) 12,021ms
[2021-10-31T14:13:50.829+0300][9,724s][info ][gc] GC(126) Pause Cleanup 160M->160M(400M) 0,091ms
[2021-10-31T14:13:50.829+0300][9,725s][info ][gc] GC(126) Concurrent Cycle 143,424ms
[2021-10-31T14:13:50.958+0300][9,854s][info ][gc] GC(129) Pause Young (Normal) (G1 Evacuation Pause) 284M->153M(400M) 38,328ms
[2021-10-31T14:13:51.102+0300][9,998s][info ][gc] GC(130) Pause Young (Normal) (G1 Evacuation Pause) 294M->183M(400M) 41,332ms
[2021-10-31T14:13:51.226+0300][10,122s][info ][gc] GC(131) Pause Young (Normal) (G1 Evacuation Pause) 303M->209M(400M) 36,233ms
[2021-10-31T14:13:51.332+0300][10,227s][info ][gc] GC(132) Pause Young (Concurrent Start) (G1 Evacuation Pause) 311M->231M(400M) 31,259ms
[2021-10-31T14:13:51.332+0300][10,227s][info ][gc] GC(133) Concurrent Cycle
[2021-10-31T14:13:51.433+0300][10,328s][info ][gc] GC(134) Pause Young (Normal) (G1 Evacuation Pause) 318M->250M(400M) 27,143ms
[2021-10-31T14:13:51.536+0300][10,431s][info ][gc] GC(135) Pause Young (Normal) (G1 Evacuation Pause) 324M->248M(400M) 11,938ms
[2021-10-31T14:13:51.582+0300][10,478s][info ][gc] GC(133) Pause Remark 302M->302M(400M) 0,398ms
[2021-10-31T14:13:51.620+0300][10,515s][info ][gc] GC(136) Pause Young (Normal) (G1 Evacuation Pause) 324M->262M(400M) 21,093ms
[2021-10-31T14:13:51.688+0300][10,583s][info ][gc] GC(137) Pause Young (Normal) (G1 Evacuation Pause) 328M->276M(400M) 20,172ms
[2021-10-31T14:13:51.746+0300][10,641s][info ][gc] GC(138) Pause Young (Normal) (G1 Evacuation Pause) 332M->288M(400M) 17,097ms
[2021-10-31T14:13:51.747+0300][10,642s][info ][gc] GC(133) Pause Cleanup 290M->290M(400M) 0,101ms
[2021-10-31T14:13:51.747+0300][10,643s][info ][gc] GC(133) Concurrent Cycle 415,615ms
[2021-10-31T14:13:51.796+0300][10,692s][info ][gc] GC(139) Pause Young (Normal) (G1 Evacuation Pause) 336M->299M(400M) 15,315ms
[2021-10-31T14:13:51.839+0300][10,735s][info ][gc] GC(140) Pause Young (Concurrent Start) (G1 Evacuation Pause) 339M->308M(400M) 13,398ms
[2021-10-31T14:13:51.839+0300][10,735s][info ][gc] GC(141) Concurrent Cycle
[2021-10-31T14:13:51.880+0300][10,775s][info ][gc] GC(142) Pause Young (Normal) (G1 Evacuation Pause) 342M->316M(400M) 11,540ms
[2021-10-31T14:13:51.913+0300][10,808s][info ][gc] GC(143) Pause Young (Normal) (G1 Evacuation Pause) 344M->322M(400M) 8,946ms
[2021-10-31T14:13:51.944+0300][10,839s][info ][gc] GC(144) Pause Young (Normal) (G1 Evacuation Pause) 346M->328M(400M) 9,869ms
[2021-10-31T14:13:51.968+0300][10,864s][info ][gc] GC(145) Pause Young (Normal) (G1 Evacuation Pause) 348M->332M(400M) 7,346ms
[2021-10-31T14:13:51.970+0300][10,865s][debug][gc] GC(141) Reclaimed 196 empty regions
[2021-10-31T14:13:51.970+0300][10,865s][info ][gc] GC(141) Pause Remark 333M->137M(400M) 0,595ms
[2021-10-31T14:13:51.988+0300][10,883s][info ][gc] GC(146) Pause Young (Normal) (G1 Evacuation Pause) 153M->140M(400M) 6,021ms
[2021-10-31T14:13:52.048+0300][10,944s][info ][gc] GC(141) Pause Cleanup 223M->223M(400M) 0,096ms
[2021-10-31T14:13:52.049+0300][10,944s][info ][gc] GC(141) Concurrent Cycle 209,460ms
[2021-10-31T14:13:52.130+0300][11,026s][info ][gc] GC(147) Pause Young (Normal) (G1 Evacuation Pause) 290M->170M(400M) 33,585ms
[2021-10-31T14:13:52.262+0300][11,157s][info ][gc] GC(148) Pause Young (Normal) (G1 Evacuation Pause) 299M->197M(400M) 37,463ms
[2021-10-31T14:13:52.376+0300][11,272s][info ][gc] GC(149) Pause Young (Normal) (G1 Evacuation Pause) 308M->221M(400M) 33,424ms
[2021-10-31T14:13:52.472+0300][11,367s][info ][gc] GC(150) Pause Young (Concurrent Start) (G1 Evacuation Pause) 315M->241M(400M) 26,478ms
[2021-10-31T14:13:52.472+0300][11,367s][info ][gc] GC(151) Concurrent Cycle
[2021-10-31T14:13:52.576+0300][11,472s][info ][gc] GC(152) Pause Young (Normal) (G1 Evacuation Pause) 321M->230M(400M) 4,167ms
[2021-10-31T14:13:52.691+0300][11,586s][info ][gc] GC(153) Pause Young (Normal) (G1 Evacuation Pause) 321M->247M(400M) 17,604ms
[2021-10-31T14:13:52.763+0300][11,659s][info ][gc] GC(151) Pause Remark 322M->322M(400M) 0,352ms
[2021-10-31T14:13:52.785+0300][11,681s][info ][gc] GC(154) Pause Young (Normal) (G1 Evacuation Pause) 324M->263M(400M) 19,574ms
[2021-10-31T14:13:52.851+0300][11,747s][info ][gc] GC(155) Pause Young (Normal) (G1 Evacuation Pause) 328M->278M(400M) 18,358ms
[2021-10-31T14:13:52.906+0300][11,801s][info ][gc] GC(156) Pause Young (Normal) (G1 Evacuation Pause) 332M->290M(400M) 15,102ms
[2021-10-31T14:13:52.934+0300][11,829s][info ][gc] GC(151) Pause Cleanup 329M->329M(400M) 0,156ms
[2021-10-31T14:13:52.934+0300][11,830s][info ][gc] GC(151) Concurrent Cycle 462,790ms
[2021-10-31T14:13:52.953+0300][11,848s][info ][gc] GC(157) Pause Young (Normal) (G1 Evacuation Pause) 336M->301M(400M) 13,035ms
[2021-10-31T14:13:52.992+0300][11,888s][info ][gc] GC(158) Pause Young (Concurrent Start) (G1 Evacuation Pause) 339M->310M(400M) 11,520ms
[2021-10-31T14:13:52.992+0300][11,888s][info ][gc] GC(159) Concurrent Cycle
[2021-10-31T14:13:53.030+0300][11,925s][info ][gc] GC(160) Pause Young (Normal) (G1 Evacuation Pause) 342M->317M(400M) 10,144ms
[2021-10-31T14:13:53.062+0300][11,957s][info ][gc] GC(161) Pause Young (Normal) (G1 Evacuation Pause) 344M->323M(400M) 8,479ms
[2021-10-31T14:13:53.089+0300][11,984s][info ][gc] GC(162) Pause Young (Normal) (G1 Evacuation Pause) 346M->328M(400M) 6,903ms
[2021-10-31T14:13:53.113+0300][12,008s][info ][gc] GC(163) Pause Young (Normal) (G1 Evacuation Pause) 348M->333M(400M) 7,080ms
[2021-10-31T14:13:53.117+0300][12,013s][debug][gc] GC(159) Reclaimed 186 empty regions
[2021-10-31T14:13:53.117+0300][12,013s][info ][gc] GC(159) Pause Remark 337M->151M(400M) 0,643ms
[2021-10-31T14:13:53.132+0300][12,028s][info ][gc] GC(164) Pause Young (Normal) (G1 Evacuation Pause) 164M->150M(400M) 5,572ms
[2021-10-31T14:13:53.183+0300][12,078s][info ][gc] GC(159) Pause Cleanup 219M->219M(400M) 0,093ms
[2021-10-31T14:13:53.183+0300][12,078s][info ][gc] GC(159) Concurrent Cycle 190,568ms
[2021-10-31T14:13:53.268+0300][12,163s][info ][gc] GC(165) Pause Young (Normal) (G1 Evacuation Pause) 292M->179M(400M) 31,668ms
[2021-10-31T14:13:53.394+0300][12,289s][info ][gc] GC(166) Pause Young (Normal) (G1 Evacuation Pause) 302M->205M(400M) 35,836ms
[2021-10-31T14:13:53.502+0300][12,397s][info ][gc] GC(167) Pause Young (Concurrent Start) (G1 Evacuation Pause) 310M->227M(400M) 31,042ms
[2021-10-31T14:13:53.502+0300][12,397s][info ][gc] GC(168) Concurrent Cycle
[2021-10-31T14:13:53.609+0300][12,505s][info ][gc] GC(169) Pause Young (Normal) (G1 Evacuation Pause) 317M->246M(400M) 29,511ms
[2021-10-31T14:13:53.742+0300][12,637s][info ][gc] GC(170) Pause Young (Normal) (G1 Evacuation Pause) 322M->239M(400M) 6,271ms
[2021-10-31T14:13:53.744+0300][12,639s][info ][gc] GC(168) Pause Remark 241M->241M(400M) 0,273ms
[2021-10-31T14:13:53.824+0300][12,719s][info ][gc] GC(171) Pause Young (Normal) (G1 Evacuation Pause) 322M->255M(400M) 20,693ms
[2021-10-31T14:13:53.865+0300][12,760s][info ][gc] GC(168) Pause Cleanup 312M->312M(400M) 0,110ms
[2021-10-31T14:13:53.866+0300][12,761s][info ][gc] GC(168) Concurrent Cycle 363,671ms
[2021-10-31T14:13:53.897+0300][12,792s][info ][gc] GC(172) Pause Young (Normal) (G1 Evacuation Pause) 326M->270M(400M) 21,087ms
[2021-10-31T14:13:53.960+0300][12,855s][info ][gc] GC(173) Pause Young (Concurrent Start) (G1 Evacuation Pause) 330M->283M(400M) 19,087ms
[2021-10-31T14:13:53.960+0300][12,855s][info ][gc] GC(174) Concurrent Cycle
[2021-10-31T14:13:54.019+0300][12,914s][info ][gc] GC(175) Pause Young (Normal) (G1 Evacuation Pause) 334M->294M(400M) 14,724ms
[2021-10-31T14:13:54.022+0300][12,918s][debug][gc] GC(174) Reclaimed 192 empty regions
[2021-10-31T14:13:54.022+0300][12,918s][info ][gc] GC(174) Pause Remark 297M->105M(400M) 0,712ms
[2021-10-31T14:13:54.065+0300][12,961s][info ][gc] GC(176) Pause Young (Normal) (G1 Evacuation Pause) 145M->111M(400M) 13,450ms
[2021-10-31T14:13:54.071+0300][12,967s][info ][gc] GC(174) Pause Cleanup 119M->119M(400M) 0,073ms
[2021-10-31T14:13:54.072+0300][12,967s][info ][gc] GC(174) Concurrent Cycle 112,151ms
[2021-10-31T14:13:54.229+0300][13,124s][info ][gc] GC(177) Pause Young (Normal) (G1 Evacuation Pause) 281M->146M(400M) 39,109ms
[2021-10-31T14:13:54.376+0300][13,272s][info ][gc] GC(178) Pause Young (Normal) (G1 Evacuation Pause) 292M->177M(400M) 41,169ms
[2021-10-31T14:13:54.500+0300][13,395s][info ][gc] GC(179) Pause Young (Normal) (G1 Evacuation Pause) 301M->204M(400M) 32,990ms
[2021-10-31T14:13:54.609+0300][13,504s][info ][gc] GC(180) Pause Young (Concurrent Start) (G1 Evacuation Pause) 310M->228M(400M) 31,378ms
[2021-10-31T14:13:54.609+0300][13,504s][info ][gc] GC(181) Concurrent Cycle
[2021-10-31T14:13:54.712+0300][13,608s][info ][gc] GC(182) Pause Young (Normal) (G1 Evacuation Pause) 317M->248M(400M) 28,041ms
[2021-10-31T14:13:54.829+0300][13,724s][info ][gc] GC(183) Pause Young (Normal) (G1 Evacuation Pause) 323M->243M(400M) 7,879ms
[2021-10-31T14:13:54.867+0300][13,762s][info ][gc] GC(181) Pause Remark 285M->285M(400M) 0,332ms
[2021-10-31T14:13:54.916+0300][13,811s][info ][gc] GC(184) Pause Young (Normal) (G1 Evacuation Pause) 323M->258M(400M) 20,943ms
[2021-10-31T14:13:54.987+0300][13,883s][info ][gc] GC(185) Pause Young (Normal) (G1 Evacuation Pause) 327M->272M(400M) 20,990ms
[2021-10-31T14:13:55.024+0300][13,920s][info ][gc] GC(181) Pause Cleanup 311M->311M(400M) 0,102ms
[2021-10-31T14:13:55.025+0300][13,920s][info ][gc] GC(181) Concurrent Cycle 415,519ms
[2021-10-31T14:13:55.058+0300][13,953s][info ][gc] GC(186) Pause Young (Normal) (G1 Evacuation Pause) 331M->285M(400M) 18,288ms
[2021-10-31T14:13:55.110+0300][14,006s][info ][gc] GC(187) Pause Young (Concurrent Start) (G1 Evacuation Pause) 335M->297M(400M) 15,955ms
[2021-10-31T14:13:55.110+0300][14,006s][info ][gc] GC(188) Concurrent Cycle
[2021-10-31T14:13:55.159+0300][14,054s][info ][gc] GC(189) Pause Young (Normal) (G1 Evacuation Pause) 338M->306M(400M) 13,248ms
[2021-10-31T14:13:55.189+0300][14,084s][debug][gc] GC(188) Reclaimed 194 empty regions
[2021-10-31T14:13:55.189+0300][14,084s][info ][gc] GC(188) Pause Remark 341M->147M(400M) 0,458ms
[2021-10-31T14:13:55.201+0300][14,096s][info ][gc] GC(190) Pause Young (Normal) (G1 Evacuation Pause) 147M->120M(400M) 11,199ms
[2021-10-31T14:13:55.243+0300][14,139s][info ][gc] GC(188) Pause Cleanup 177M->177M(400M) 0,092ms
[2021-10-31T14:13:55.244+0300][14,139s][info ][gc] GC(188) Concurrent Cycle 133,441ms
[2021-10-31T14:13:55.358+0300][14,253s][info ][gc] GC(191) Pause Young (Normal) (G1 Evacuation Pause) 284M->154M(400M) 37,315ms
[2021-10-31T14:13:55.502+0300][14,397s][info ][gc] GC(192) Pause Young (Normal) (G1 Evacuation Pause) 294M->183M(400M) 40,869ms
[2021-10-31T14:13:55.625+0300][14,521s][info ][gc] GC(193) Pause Young (Normal) (G1 Evacuation Pause) 303M->209M(400M) 36,034ms
[2021-10-31T14:13:55.729+0300][14,624s][info ][gc] GC(194) Pause Young (Concurrent Start) (G1 Evacuation Pause) 311M->231M(400M) 28,906ms
[2021-10-31T14:13:55.729+0300][14,624s][info ][gc] GC(195) Concurrent Cycle
[2021-10-31T14:13:55.828+0300][14,723s][info ][gc] GC(196) Pause Young (Normal) (G1 Evacuation Pause) 318M->250M(400M) 24,790ms
[2021-10-31T14:13:55.932+0300][14,828s][info ][gc] GC(197) Pause Young (Normal) (G1 Evacuation Pause) 324M->248M(400M) 10,968ms
[2021-10-31T14:13:55.978+0300][14,873s][info ][gc] GC(195) Pause Remark 299M->299M(400M) 0,466ms
[2021-10-31T14:13:56.018+0300][14,913s][info ][gc] GC(198) Pause Young (Normal) (G1 Evacuation Pause) 324M->263M(400M) 20,973ms
[2021-10-31T14:13:56.083+0300][14,979s][info ][gc] GC(199) Pause Young (Normal) (G1 Evacuation Pause) 328M->277M(400M) 17,770ms
[2021-10-31T14:13:56.122+0300][15,017s][info ][gc] GC(195) Pause Cleanup 330M->330M(400M) 0,106ms
[2021-10-31T14:13:56.122+0300][15,018s][info ][gc] GC(195) Concurrent Cycle 393,268ms
[2021-10-31T14:13:56.139+0300][15,034s][info ][gc] GC(200) Pause Young (Normal) (G1 Evacuation Pause) 332M->289M(400M) 15,539ms
[2021-10-31T14:13:56.189+0300][15,084s][info ][gc] GC(201) Pause Young (Concurrent Start) (G1 Evacuation Pause) 336M->300M(400M) 15,222ms
[2021-10-31T14:13:56.189+0300][15,084s][info ][gc] GC(202) Concurrent Cycle
[2021-10-31T14:13:56.234+0300][15,129s][info ][gc] GC(203) Pause Young (Normal) (G1 Evacuation Pause) 339M->309M(400M) 11,847ms
[2021-10-31T14:13:56.273+0300][15,168s][info ][gc] GC(204) Pause Young (Normal) (G1 Evacuation Pause) 342M->316M(400M) 10,572ms
[2021-10-31T14:13:56.277+0300][15,173s][debug][gc] GC(202) Reclaimed 197 empty regions
[2021-10-31T14:13:56.277+0300][15,173s][info ][gc] GC(202) Pause Remark 321M->124M(400M) 0,471ms
[2021-10-31T14:13:56.303+0300][15,199s][info ][gc] GC(205) Pause Young (Normal) (G1 Evacuation Pause) 147M->126M(400M) 8,282ms
[2021-10-31T14:13:56.349+0300][15,245s][info ][gc] GC(202) Pause Cleanup 189M->189M(400M) 0,090ms
[2021-10-31T14:13:56.350+0300][15,245s][info ][gc] GC(202) Concurrent Cycle 160,541ms
[2021-10-31T14:13:56.453+0300][15,348s][info ][gc] GC(206) Pause Young (Normal) (G1 Evacuation Pause) 286M->158M(400M) 32,917ms
[2021-10-31T14:13:56.591+0300][15,486s][info ][gc] GC(207) Pause Young (Normal) (G1 Evacuation Pause) 296M->187M(400M) 37,128ms
[2021-10-31T14:13:56.709+0300][15,605s][info ][gc] GC(208) Pause Young (Normal) (G1 Evacuation Pause) 305M->213M(400M) 32,473ms
[2021-10-31T14:13:56.812+0300][15,707s][info ][gc] GC(209) Pause Young (Concurrent Start) (G1 Evacuation Pause) 313M->235M(400M) 28,931ms
[2021-10-31T14:13:56.812+0300][15,707s][info ][gc] GC(210) Concurrent Cycle
[2021-10-31T14:13:56.907+0300][15,802s][info ][gc] GC(211) Pause Young (Normal) (G1 Evacuation Pause) 319M->253M(400M) 22,315ms
[2021-10-31T14:13:57.019+0300][15,914s][info ][gc] GC(212) Pause Young (Normal) (G1 Evacuation Pause) 325M->252M(400M) 11,744ms
[2021-10-31T14:13:57.104+0300][16,000s][info ][gc] GC(210) Pause Remark 321M->321M(400M) 0,262ms
[2021-10-31T14:13:57.128+0300][16,024s][info ][gc] GC(213) Pause Young (Normal) (G1 Evacuation Pause) 325M->267M(400M) 19,591ms
[2021-10-31T14:13:57.202+0300][16,097s][info ][gc] GC(214) Pause Young (Normal) (G1 Evacuation Pause) 329M->281M(400M) 17,221ms
[2021-10-31T14:13:57.263+0300][16,159s][info ][gc] GC(215) Pause Young (Normal) (G1 Evacuation Pause) 334M->293M(400M) 15,530ms
[2021-10-31T14:13:57.289+0300][16,184s][info ][gc] GC(210) Pause Cleanup 328M->328M(400M) 0,118ms
[2021-10-31T14:13:57.289+0300][16,185s][info ][gc] GC(210) Concurrent Cycle 477,307ms
[2021-10-31T14:13:57.308+0300][16,203s][info ][gc] GC(216) Pause Young (Normal) (G1 Evacuation Pause) 337M->303M(400M) 12,338ms
[2021-10-31T14:13:57.346+0300][16,242s][info ][gc] GC(217) Pause Young (Concurrent Start) (G1 Evacuation Pause) 340M->311M(400M) 11,171ms
[2021-10-31T14:13:57.346+0300][16,242s][info ][gc] GC(218) Concurrent Cycle
[2021-10-31T14:13:57.384+0300][16,279s][info ][gc] GC(219) Pause Young (Normal) (G1 Evacuation Pause) 343M->318M(400M) 9,889ms
[2021-10-31T14:13:57.416+0300][16,311s][info ][gc] GC(220) Pause Young (Normal) (G1 Evacuation Pause) 345M->324M(400M) 9,093ms
[2021-10-31T14:13:57.444+0300][16,339s][info ][gc] GC(221) Pause Young (Normal) (G1 Evacuation Pause) 347M->330M(400M) 7,915ms
[2021-10-31T14:13:57.451+0300][16,346s][debug][gc] GC(218) Reclaimed 199 empty regions
[2021-10-31T14:13:57.451+0300][16,346s][info ][gc] GC(218) Pause Remark 338M->139M(400M) 0,571ms
[2021-10-31T14:13:57.466+0300][16,362s][info ][gc] GC(222) Pause Young (Normal) (G1 Evacuation Pause) 150M->135M(400M) 6,962ms
[2021-10-31T14:13:57.511+0300][16,406s][info ][gc] GC(218) Pause Cleanup 196M->196M(400M) 0,090ms
[2021-10-31T14:13:57.511+0300][16,407s][info ][gc] GC(218) Concurrent Cycle 165,088ms
[2021-10-31T14:13:57.610+0300][16,505s][info ][gc] GC(223) Pause Young (Normal) (G1 Evacuation Pause) 289M->166M(400M) 30,702ms
[2021-10-31T14:13:57.740+0300][16,636s][info ][gc] GC(224) Pause Young (Normal) (G1 Evacuation Pause) 298M->194M(400M) 33,965ms
[2021-10-31T14:13:57.853+0300][16,749s][info ][gc] GC(225) Pause Young (Normal) (G1 Evacuation Pause) 307M->219M(400M) 30,744ms
[2021-10-31T14:13:57.952+0300][16,847s][info ][gc] GC(226) Pause Young (Concurrent Start) (G1 Evacuation Pause) 315M->240M(400M) 28,663ms
[2021-10-31T14:13:57.952+0300][16,847s][info ][gc] GC(227) Concurrent Cycle
[2021-10-31T14:13:58.044+0300][16,940s][info ][gc] GC(228) Pause Young (Normal) (G1 Evacuation Pause) 321M->258M(400M) 23,295ms
[2021-10-31T14:13:58.143+0300][17,038s][info ][gc] GC(229) Pause Young (Normal) (G1 Evacuation Pause) 326M->261M(400M) 11,988ms
[2021-10-31T14:13:58.219+0300][17,114s][info ][gc] GC(230) Pause Young (Normal) (G1 Evacuation Pause) 328M->275M(400M) 18,791ms
[2021-10-31T14:13:58.251+0300][17,146s][info ][gc] GC(227) Pause Remark 301M->301M(400M) 0,443ms
[2021-10-31T14:13:58.368+0300][17,264s][info ][gc] GC(227) Pause Cleanup 302M->302M(400M) 0,134ms
[2021-10-31T14:13:58.369+0300][17,264s][info ][gc] GC(227) Concurrent Cycle 417,126ms
