[2021-10-31T14:35:37.843+0300][0.003s][debug][gc] ConcGCThreads: 2 offset 16
[2021-10-31T14:35:37.843+0300][0.003s][debug][gc] ParallelGCThreads: 8
[2021-10-31T14:35:37.844+0300][0.003s][debug][gc] Initialize mark stack with 4096 chunks, maximum 16384
[2021-10-31T14:35:37.845+0300][0.004s][info ][gc] Using G1
[2021-10-31T14:35:37.852+0300][0,012s][info ][gc] Periodic GC disabled
[2021-10-31T14:35:38.080+0300][0,239s][info ][gc] GC(0) Pause Young (Concurrent Start) (G1 Humongous Allocation) 53M->51M(150M) 76,685ms
[2021-10-31T14:35:38.080+0300][0,239s][info ][gc] GC(1) Concurrent Cycle
[2021-10-31T14:35:38.113+0300][0,272s][debug][gc] GC(1) Reclaimed 34 empty regions
[2021-10-31T14:35:38.113+0300][0,272s][info ][gc] GC(1) Pause Remark 75M->41M(150M) 0,349ms
[2021-10-31T14:35:38.169+0300][0,328s][info ][gc] GC(1) Pause Cleanup 77M->77M(150M) 0,036ms
[2021-10-31T14:35:38.170+0300][0,329s][info ][gc] GC(1) Concurrent Cycle 90,191ms
