[2021-10-31T14:37:28.235+0300][0.003s][debug][gc] ConcGCThreads: 2 offset 16
[2021-10-31T14:37:28.235+0300][0.003s][debug][gc] ParallelGCThreads: 8
[2021-10-31T14:37:28.235+0300][0.003s][debug][gc] Initialize mark stack with 4096 chunks, maximum 16384
[2021-10-31T14:37:28.239+0300][0.007s][info ][gc] Using G1
[2021-10-31T14:37:28.246+0300][0,014s][info ][gc] Periodic GC disabled
[2021-10-31T14:37:28.338+0300][0,107s][info ][gc] GC(0) Pause Young (Normal) (G1 Evacuation Pause) 26M->7M(500M) 7,293ms
[2021-10-31T14:37:28.367+0300][0,136s][info ][gc] GC(1) Pause Young (Normal) (G1 Evacuation Pause) 39M->15M(500M) 15,695ms
[2021-10-31T14:37:28.436+0300][0,205s][info ][gc] GC(2) Pause Young (Normal) (G1 Evacuation Pause) 70M->32M(500M) 22,836ms
[2021-10-31T14:37:28.523+0300][0,291s][info ][gc] GC(3) Pause Young (Normal) (G1 Evacuation Pause) 105M->52M(500M) 25,333ms
[2021-10-31T14:37:28.629+0300][0,398s][info ][gc] GC(4) Pause Young (Normal) (G1 Evacuation Pause) 145M->77M(500M) 27,656ms
[2021-10-31T14:37:28.760+0300][0,529s][info ][gc] GC(5) Pause Young (Normal) (G1 Evacuation Pause) 198M->111M(500M) 34,314ms
[2021-10-31T14:37:28.923+0300][0,691s][info ][gc] GC(6) Pause Young (Normal) (G1 Evacuation Pause) 262M->156M(500M) 42,331ms
[2021-10-31T14:37:29.127+0300][0,895s][info ][gc] GC(7) Pause Young (Normal) (G1 Evacuation Pause) 343M->214M(500M) 56,825ms
[2021-10-31T14:37:29.287+0300][1,056s][info ][gc] GC(8) Pause Young (Normal) (G1 Evacuation Pause) 361M->246M(500M) 43,429ms
[2021-10-31T14:37:29.428+0300][1,197s][info ][gc] GC(9) Pause Young (Concurrent Start) (G1 Humongous Allocation) 378M->274M(500M) 35,576ms
[2021-10-31T14:37:29.428+0300][1,197s][info ][gc] GC(10) Concurrent Cycle
[2021-10-31T14:37:29.641+0300][1,409s][info ][gc] GC(11) Pause Young (Normal) (G1 Evacuation Pause) 429M->325M(500M) 20,280ms
[2021-10-31T14:37:29.684+0300][1,453s][debug][gc] GC(10) Reclaimed 50 empty regions
[2021-10-31T14:37:29.685+0300][1,453s][info ][gc] GC(10) Pause Remark 362M->312M(500M) 0,712ms
[2021-10-31T14:37:29.755+0300][1,523s][info ][gc] GC(12) Pause Young (Normal) (G1 Evacuation Pause) 361M->292M(500M) 21,463ms
[2021-10-31T14:37:29.847+0300][1,615s][info ][gc] GC(10) Pause Cleanup 386M->386M(500M) 0,134ms
[2021-10-31T14:37:29.848+0300][1,617s][info ][gc] GC(10) Concurrent Cycle 419,904ms
[2021-10-31T14:37:29.890+0300][1,658s][info ][gc] GC(13) Pause Young (Normal) (G1 Evacuation Pause) 401M->315M(500M) 28,121ms
[2021-10-31T14:37:30.005+0300][1,774s][info ][gc] GC(14) Pause Young (Concurrent Start) (G1 Evacuation Pause) 407M->335M(500M) 25,951ms
[2021-10-31T14:37:30.005+0300][1,774s][info ][gc] GC(15) Concurrent Cycle
[2021-10-31T14:37:30.067+0300][1,835s][debug][gc] GC(15) Reclaimed 223 empty regions
[2021-10-31T14:37:30.067+0300][1,835s][info ][gc] GC(15) Pause Remark 390M->167M(500M) 1,257ms
[2021-10-31T14:37:30.112+0300][1,880s][info ][gc] GC(16) Pause Young (Normal) (G1 Evacuation Pause) 189M->130M(500M) 21,687ms
[2021-10-31T14:37:30.134+0300][1,903s][info ][gc] GC(15) Pause Cleanup 153M->153M(500M) 0,116ms
[2021-10-31T14:37:30.136+0300][1,904s][info ][gc] GC(15) Concurrent Cycle 130,516ms
[2021-10-31T14:37:30.356+0300][2,124s][info ][gc] GC(17) Pause Young (Normal) (G1 Evacuation Pause) 350M->175M(500M) 52,785ms
[2021-10-31T14:37:30.542+0300][2,310s][info ][gc] GC(18) Pause Young (Normal) (G1 Evacuation Pause) 357M->214M(500M) 51,329ms
[2021-10-31T14:37:30.704+0300][2,472s][info ][gc] GC(19) Pause Young (Normal) (G1 Evacuation Pause) 375M->248M(500M) 43,281ms
[2021-10-31T14:37:30.831+0300][2,600s][info ][gc] GC(20) Pause Young (Concurrent Start) (G1 Evacuation Pause) 385M->246M(500M) 19,357ms
[2021-10-31T14:37:30.831+0300][2,600s][info ][gc] GC(21) Concurrent Cycle
[2021-10-31T14:37:30.848+0300][2,616s][debug][gc] GC(21) Reclaimed 184 empty regions
[2021-10-31T14:37:30.848+0300][2,616s][info ][gc] GC(21) Pause Remark 264M->80M(500M) 0,693ms
[2021-10-31T14:37:30.858+0300][2,626s][info ][gc] GC(21) Pause Cleanup 93M->93M(500M) 0,077ms
[2021-10-31T14:37:30.858+0300][2,626s][info ][gc] GC(21) Concurrent Cycle 26,606ms
[2021-10-31T14:37:30.974+0300][2,743s][info ][gc] GC(22) Pause Young (Normal) (G1 Evacuation Pause) 202M->91M(500M) 36,276ms
[2021-10-31T14:37:31.210+0300][2,979s][info ][gc] GC(23) Pause Young (Normal) (G1 Evacuation Pause) 339M->143M(500M) 55,435ms
[2021-10-31T14:37:31.421+0300][3,189s][info ][gc] GC(24) Pause Young (Normal) (G1 Evacuation Pause) 354M->186M(500M) 56,545ms
[2021-10-31T14:37:31.600+0300][3,369s][info ][gc] GC(25) Pause Young (Normal) (G1 Evacuation Pause) 366M->224M(500M) 48,440ms
[2021-10-31T14:37:31.724+0300][3,493s][info ][gc] GC(26) Pause Young (Normal) (G1 Evacuation Pause) 378M->205M(500M) 7,051ms
[2021-10-31T14:37:31.887+0300][3,655s][info ][gc] GC(27) Pause Young (Normal) (G1 Evacuation Pause) 379M->239M(500M) 35,327ms
[2021-10-31T14:37:32.033+0300][3,802s][info ][gc] GC(28) Pause Young (Normal) (G1 Evacuation Pause) 385M->269M(500M) 39,239ms
[2021-10-31T14:37:32.156+0300][3,925s][info ][gc] GC(29) Pause Young (Concurrent Start) (G1 Evacuation Pause) 393M->297M(500M) 32,595ms
[2021-10-31T14:37:32.156+0300][3,925s][info ][gc] GC(30) Concurrent Cycle
[2021-10-31T14:37:32.241+0300][4,010s][debug][gc] GC(30) Reclaimed 157 empty regions
[2021-10-31T14:37:32.241+0300][4,010s][info ][gc] GC(30) Pause Remark 396M->239M(500M) 0,696ms
[2021-10-31T14:37:32.275+0300][4,043s][info ][gc] GC(31) Pause Young (Normal) (G1 Evacuation Pause) 244M->162M(500M) 28,665ms
[2021-10-31T14:37:32.326+0300][4,095s][info ][gc] GC(30) Pause Cleanup 233M->233M(500M) 0,110ms
[2021-10-31T14:37:32.327+0300][4,095s][info ][gc] GC(30) Concurrent Cycle 170,297ms
[2021-10-31T14:37:32.466+0300][4,234s][info ][gc] GC(32) Pause Young (Normal) (G1 Evacuation Pause) 359M->204M(500M) 46,701ms
[2021-10-31T14:37:32.632+0300][4,401s][info ][gc] GC(33) Pause Young (Normal) (G1 Evacuation Pause) 371M->240M(500M) 43,700ms
[2021-10-31T14:37:32.757+0300][4,525s][info ][gc] GC(34) Pause Young (Normal) (G1 Evacuation Pause) 382M->231M(500M) 16,862ms
[2021-10-31T14:37:32.908+0300][4,676s][info ][gc] GC(35) Pause Young (Normal) (G1 Evacuation Pause) 383M->261M(500M) 39,577ms
[2021-10-31T14:37:33.042+0300][4,810s][info ][gc] GC(36) Pause Young (Concurrent Start) (G1 Evacuation Pause) 391M->289M(500M) 38,610ms
[2021-10-31T14:37:33.042+0300][4,810s][info ][gc] GC(37) Concurrent Cycle
[2021-10-31T14:37:33.096+0300][4,865s][debug][gc] GC(37) Reclaimed 175 empty regions
[2021-10-31T14:37:33.096+0300][4,865s][info ][gc] GC(37) Pause Remark 352M->177M(500M) 0,606ms
[2021-10-31T14:37:33.162+0300][4,931s][info ][gc] GC(38) Pause Young (Normal) (G1 Evacuation Pause) 223M->138M(500M) 32,205ms
[2021-10-31T14:37:33.167+0300][4,935s][info ][gc] GC(37) Pause Cleanup 143M->143M(500M) 0,088ms
[2021-10-31T14:37:33.167+0300][4,936s][info ][gc] GC(37) Concurrent Cycle 125,765ms
[2021-10-31T14:37:33.373+0300][5,142s][info ][gc] GC(39) Pause Young (Normal) (G1 Evacuation Pause) 352M->183M(500M) 53,377ms
[2021-10-31T14:37:33.564+0300][5,332s][info ][gc] GC(40) Pause Young (Normal) (G1 Evacuation Pause) 365M->220M(500M) 51,945ms
[2021-10-31T14:37:33.687+0300][5,455s][info ][gc] GC(41) Pause Young (Normal) (G1 Evacuation Pause) 376M->197M(500M) 4,550ms
[2021-10-31T14:37:33.856+0300][5,625s][info ][gc] GC(42) Pause Young (Normal) (G1 Evacuation Pause) 378M->232M(500M) 40,025ms
[2021-10-31T14:37:34.007+0300][5,776s][info ][gc] GC(43) Pause Young (Normal) (G1 Evacuation Pause) 384M->264M(500M) 39,560ms
[2021-10-31T14:37:34.135+0300][5,903s][info ][gc] GC(44) Pause Young (Concurrent Start) (G1 Evacuation Pause) 391M->292M(500M) 35,020ms
[2021-10-31T14:37:34.135+0300][5,903s][info ][gc] GC(45) Concurrent Cycle
[2021-10-31T14:37:34.228+0300][5,997s][debug][gc] GC(45) Reclaimed 154 empty regions
[2021-10-31T14:37:34.228+0300][5,997s][info ][gc] GC(45) Pause Remark 376M->222M(500M) 0,415ms
[2021-10-31T14:37:34.275+0300][6,044s][info ][gc] GC(46) Pause Young (Normal) (G1 Evacuation Pause) 245M->161M(500M) 30,087ms
[2021-10-31T14:37:34.312+0300][6,080s][info ][gc] GC(45) Pause Cleanup 211M->211M(500M) 0,100ms
[2021-10-31T14:37:34.312+0300][6,080s][info ][gc] GC(45) Concurrent Cycle 176,967ms
[2021-10-31T14:37:34.464+0300][6,233s][info ][gc] GC(47) Pause Young (Normal) (G1 Evacuation Pause) 358M->203M(500M) 44,906ms
[2021-10-31T14:37:34.631+0300][6,400s][info ][gc] GC(48) Pause Young (Normal) (G1 Evacuation Pause) 371M->238M(500M) 44,059ms
[2021-10-31T14:37:34.756+0300][6,524s][info ][gc] GC(49) Pause Young (Normal) (G1 Evacuation Pause) 381M->231M(500M) 15,242ms
[2021-10-31T14:37:34.903+0300][6,671s][info ][gc] GC(50) Pause Young (Normal) (G1 Evacuation Pause) 383M->259M(500M) 35,968ms
[2021-10-31T14:37:35.036+0300][6,804s][info ][gc] GC(51) Pause Young (Concurrent Start) (G1 Evacuation Pause) 390M->287M(500M) 36,270ms
[2021-10-31T14:37:35.036+0300][6,804s][info ][gc] GC(52) Concurrent Cycle
[2021-10-31T14:37:35.089+0300][6,857s][debug][gc] GC(52) Reclaimed 174 empty regions
[2021-10-31T14:37:35.089+0300][6,857s][info ][gc] GC(52) Pause Remark 349M->175M(500M) 0,736ms
[2021-10-31T14:37:35.154+0300][6,923s][info ][gc] GC(53) Pause Young (Normal) (G1 Evacuation Pause) 223M->138M(500M) 29,752ms
[2021-10-31T14:37:35.155+0300][6,924s][info ][gc] GC(52) Pause Cleanup 139M->139M(500M) 0,068ms
[2021-10-31T14:37:35.156+0300][6,924s][info ][gc] GC(52) Concurrent Cycle 120,284ms
[2021-10-31T14:37:35.357+0300][7,126s][info ][gc] GC(54) Pause Young (Normal) (G1 Evacuation Pause) 352M->183M(500M) 47,428ms
[2021-10-31T14:37:35.537+0300][7,306s][info ][gc] GC(55) Pause Young (Normal) (G1 Evacuation Pause) 365M->221M(500M) 47,266ms
[2021-10-31T14:37:35.660+0300][7,428s][info ][gc] GC(56) Pause Young (Normal) (G1 Evacuation Pause) 377M->198M(500M) 4,731ms
[2021-10-31T14:37:35.825+0300][7,593s][info ][gc] GC(57) Pause Young (Normal) (G1 Evacuation Pause) 378M->233M(500M) 34,774ms
[2021-10-31T14:37:35.975+0300][7,743s][info ][gc] GC(58) Pause Young (Normal) (G1 Evacuation Pause) 384M->265M(500M) 39,741ms
[2021-10-31T14:37:36.104+0300][7,873s][info ][gc] GC(59) Pause Young (Concurrent Start) (G1 Evacuation Pause) 392M->293M(500M) 35,584ms
[2021-10-31T14:37:36.104+0300][7,873s][info ][gc] GC(60) Concurrent Cycle
[2021-10-31T14:37:36.186+0300][7,954s][debug][gc] GC(60) Reclaimed 154 empty regions
[2021-10-31T14:37:36.186+0300][7,954s][info ][gc] GC(60) Pause Remark 387M->233M(500M) 0,526ms
[2021-10-31T14:37:36.225+0300][7,993s][info ][gc] GC(61) Pause Young (Normal) (G1 Evacuation Pause) 245M->163M(500M) 30,190ms
[2021-10-31T14:37:36.273+0300][8,042s][info ][gc] GC(60) Pause Cleanup 222M->222M(500M) 0,106ms
[2021-10-31T14:37:36.274+0300][8,042s][info ][gc] GC(60) Concurrent Cycle 169,330ms
[2021-10-31T14:37:36.416+0300][8,185s][info ][gc] GC(62) Pause Young (Normal) (G1 Evacuation Pause) 359M->203M(500M) 43,620ms
[2021-10-31T14:37:36.591+0300][8,359s][info ][gc] GC(63) Pause Young (Normal) (G1 Evacuation Pause) 371M->239M(500M) 44,090ms
[2021-10-31T14:37:36.714+0300][8,483s][info ][gc] GC(64) Pause Young (Normal) (G1 Evacuation Pause) 382M->230M(500M) 14,677ms
[2021-10-31T14:37:36.861+0300][8,629s][info ][gc] GC(65) Pause Young (Normal) (G1 Evacuation Pause) 383M->260M(500M) 35,511ms
[2021-10-31T14:37:36.990+0300][8,759s][info ][gc] GC(66) Pause Young (Concurrent Start) (G1 Evacuation Pause) 390M->288M(500M) 35,815ms
[2021-10-31T14:37:36.991+0300][8,759s][info ][gc] GC(67) Concurrent Cycle
[2021-10-31T14:37:37.043+0300][8,812s][debug][gc] GC(67) Reclaimed 174 empty regions
[2021-10-31T14:37:37.043+0300][8,812s][info ][gc] GC(67) Pause Remark 349M->175M(500M) 0,570ms
[2021-10-31T14:37:37.110+0300][8,878s][info ][gc] GC(68) Pause Young (Normal) (G1 Evacuation Pause) 224M->139M(500M) 30,709ms
[2021-10-31T14:37:37.111+0300][8,879s][info ][gc] GC(67) Pause Cleanup 140M->140M(500M) 0,067ms
[2021-10-31T14:37:37.111+0300][8,880s][info ][gc] GC(67) Concurrent Cycle 120,902ms
[2021-10-31T14:37:37.313+0300][9,081s][info ][gc] GC(69) Pause Young (Normal) (G1 Evacuation Pause) 352M->184M(500M) 47,371ms
[2021-10-31T14:37:37.492+0300][9,261s][info ][gc] GC(70) Pause Young (Normal) (G1 Evacuation Pause) 365M->222M(500M) 48,141ms
[2021-10-31T14:37:37.614+0300][9,383s][info ][gc] GC(71) Pause Young (Normal) (G1 Evacuation Pause) 377M->199M(500M) 4,430ms
[2021-10-31T14:37:37.777+0300][9,546s][info ][gc] GC(72) Pause Young (Normal) (G1 Evacuation Pause) 378M->234M(500M) 33,681ms
[2021-10-31T14:37:37.926+0300][9,695s][info ][gc] GC(73) Pause Young (Normal) (G1 Evacuation Pause) 384M->265M(500M) 39,476ms
[2021-10-31T14:37:38.054+0300][9,822s][info ][gc] GC(74) Pause Young (Concurrent Start) (G1 Evacuation Pause) 392M->292M(500M) 34,490ms
[2021-10-31T14:37:38.054+0300][9,822s][info ][gc] GC(75) Concurrent Cycle
[2021-10-31T14:37:38.134+0300][9,902s][debug][gc] GC(75) Reclaimed 156 empty regions
[2021-10-31T14:37:38.134+0300][9,902s][info ][gc] GC(75) Pause Remark 386M->230M(500M) 0,446ms
[2021-10-31T14:37:38.174+0300][9,942s][info ][gc] GC(76) Pause Young (Normal) (G1 Evacuation Pause) 243M->160M(500M) 29,369ms
[2021-10-31T14:37:38.215+0300][9,983s][info ][gc] GC(75) Pause Cleanup 216M->216M(500M) 0,090ms
[2021-10-31T14:37:38.215+0300][9,984s][info ][gc] GC(75) Concurrent Cycle 161,239ms
[2021-10-31T14:37:38.362+0300][10,130s][info ][gc] GC(77) Pause Young (Normal) (G1 Evacuation Pause) 358M->201M(500M) 44,639ms
[2021-10-31T14:37:38.530+0300][10,299s][info ][gc] GC(78) Pause Young (Normal) (G1 Evacuation Pause) 370M->238M(500M) 46,090ms
[2021-10-31T14:37:38.654+0300][10,423s][info ][gc] GC(79) Pause Young (Normal) (G1 Evacuation Pause) 381M->229M(500M) 16,113ms
[2021-10-31T14:37:38.807+0300][10,576s][info ][gc] GC(80) Pause Young (Normal) (G1 Evacuation Pause) 383M->259M(500M) 40,308ms
[2021-10-31T14:37:38.942+0300][10,710s][info ][gc] GC(81) Pause Young (Concurrent Start) (G1 Evacuation Pause) 390M->287M(500M) 38,554ms
[2021-10-31T14:37:38.942+0300][10,710s][info ][gc] GC(82) Concurrent Cycle
[2021-10-31T14:37:39.007+0300][10,775s][debug][gc] GC(82) Reclaimed 174 empty regions
[2021-10-31T14:37:39.007+0300][10,775s][info ][gc] GC(82) Pause Remark 363M->189M(500M) 0,680ms
[2021-10-31T14:37:39.066+0300][10,834s][info ][gc] GC(83) Pause Young (Normal) (G1 Evacuation Pause) 223M->137M(500M) 33,584ms
[2021-10-31T14:37:39.098+0300][10,866s][info ][gc] GC(82) Pause Cleanup 181M->181M(500M) 0,075ms
[2021-10-31T14:37:39.098+0300][10,867s][info ][gc] GC(82) Concurrent Cycle 156,667ms
[2021-10-31T14:37:39.277+0300][11,045s][info ][gc] GC(84) Pause Young (Normal) (G1 Evacuation Pause) 352M->181M(500M) 53,949ms
[2021-10-31T14:37:39.464+0300][11,232s][info ][gc] GC(85) Pause Young (Normal) (G1 Evacuation Pause) 364M->220M(500M) 52,965ms
[2021-10-31T14:37:39.592+0300][11,360s][info ][gc] GC(86) Pause Young (Normal) (G1 Evacuation Pause) 376M->197M(500M) 4,846ms
[2021-10-31T14:37:39.765+0300][11,533s][info ][gc] GC(87) Pause Young (Normal) (G1 Evacuation Pause) 378M->232M(500M) 40,941ms
[2021-10-31T14:37:39.927+0300][11,696s][info ][gc] GC(88) Pause Young (Normal) (G1 Evacuation Pause) 384M->264M(500M) 51,222ms
[2021-10-31T14:37:40.058+0300][11,826s][info ][gc] GC(89) Pause Young (Concurrent Start) (G1 Evacuation Pause) 391M->291M(500M) 37,831ms
[2021-10-31T14:37:40.058+0300][11,826s][info ][gc] GC(90) Concurrent Cycle
[2021-10-31T14:37:40.146+0300][11,914s][debug][gc] GC(90) Reclaimed 153 empty regions
[2021-10-31T14:37:40.146+0300][11,914s][info ][gc] GC(90) Pause Remark 383M->230M(500M) 0,738ms
[2021-10-31T14:37:40.192+0300][11,961s][info ][gc] GC(91) Pause Young (Normal) (G1 Evacuation Pause) 246M->162M(500M) 34,010ms
[2021-10-31T14:37:40.233+0300][12,001s][info ][gc] GC(90) Pause Cleanup 218M->218M(500M) 0,106ms
[2021-10-31T14:37:40.233+0300][12,002s][info ][gc] GC(90) Concurrent Cycle 175,406ms
[2021-10-31T14:37:40.380+0300][12,149s][info ][gc] GC(92) Pause Young (Normal) (G1 Evacuation Pause) 358M->203M(500M) 45,313ms
[2021-10-31T14:37:40.550+0300][12,318s][info ][gc] GC(93) Pause Young (Normal) (G1 Evacuation Pause) 371M->240M(500M) 47,062ms
[2021-10-31T14:37:40.675+0300][12,444s][info ][gc] GC(94) Pause Young (Normal) (G1 Evacuation Pause) 382M->232M(500M) 17,865ms
[2021-10-31T14:37:40.825+0300][12,594s][info ][gc] GC(95) Pause Young (Normal) (G1 Evacuation Pause) 383M->261M(500M) 39,678ms
[2021-10-31T14:37:40.959+0300][12,727s][info ][gc] GC(96) Pause Young (Concurrent Start) (G1 Evacuation Pause) 390M->290M(500M) 38,953ms
[2021-10-31T14:37:40.959+0300][12,727s][info ][gc] GC(97) Concurrent Cycle
[2021-10-31T14:37:41.025+0300][12,794s][debug][gc] GC(97) Reclaimed 175 empty regions
[2021-10-31T14:37:41.025+0300][12,794s][info ][gc] GC(97) Pause Remark 339M->164M(500M) 0,548ms
[2021-10-31T14:37:41.064+0300][12,833s][info ][gc] GC(97) Pause Cleanup 213M->213M(500M) 0,081ms
[2021-10-31T14:37:41.065+0300][12,833s][info ][gc] GC(97) Concurrent Cycle 106,001ms
[2021-10-31T14:37:41.105+0300][12,874s][info ][gc] GC(98) Pause Young (Normal) (G1 Evacuation Pause) 223M->139M(500M) 33,315ms
[2021-10-31T14:37:41.315+0300][13,083s][info ][gc] GC(99) Pause Young (Normal) (G1 Evacuation Pause) 352M->183M(500M) 54,213ms
[2021-10-31T14:37:41.499+0300][13,267s][info ][gc] GC(100) Pause Young (Normal) (G1 Evacuation Pause) 365M->221M(500M) 51,044ms
[2021-10-31T14:37:41.619+0300][13,388s][info ][gc] GC(101) Pause Young (Normal) (G1 Evacuation Pause) 376M->198M(500M) 4,290ms
[2021-10-31T14:37:41.781+0300][13,550s][info ][gc] GC(102) Pause Young (Normal) (G1 Evacuation Pause) 378M->232M(500M) 32,794ms
[2021-10-31T14:37:41.938+0300][13,707s][info ][gc] GC(103) Pause Young (Normal) (G1 Evacuation Pause) 384M->263M(500M) 45,741ms
[2021-10-31T14:37:42.068+0300][13,836s][info ][gc] GC(104) Pause Young (Concurrent Start) (G1 Evacuation Pause) 391M->291M(500M) 36,825ms
[2021-10-31T14:37:42.068+0300][13,837s][info ][gc] GC(105) Concurrent Cycle
[2021-10-31T14:37:42.148+0300][13,917s][debug][gc] GC(105) Reclaimed 154 empty regions
[2021-10-31T14:37:42.149+0300][13,917s][info ][gc] GC(105) Pause Remark 385M->231M(500M) 0,359ms
[2021-10-31T14:37:42.187+0300][13,956s][info ][gc] GC(106) Pause Young (Normal) (G1 Evacuation Pause) 245M->160M(500M) 28,505ms
[2021-10-31T14:37:42.228+0300][13,997s][info ][gc] GC(105) Pause Cleanup 216M->216M(500M) 0,089ms
[2021-10-31T14:37:42.229+0300][13,997s][info ][gc] GC(105) Concurrent Cycle 160,870ms
[2021-10-31T14:37:42.378+0300][14,146s][info ][gc] GC(107) Pause Young (Normal) (G1 Evacuation Pause) 358M->201M(500M) 45,869ms
[2021-10-31T14:37:42.548+0300][14,316s][info ][gc] GC(108) Pause Young (Normal) (G1 Evacuation Pause) 370M->237M(500M) 46,240ms
[2021-10-31T14:37:42.674+0300][14,443s][info ][gc] GC(109) Pause Young (Normal) (G1 Evacuation Pause) 381M->230M(500M) 17,882ms
[2021-10-31T14:37:42.822+0300][14,591s][info ][gc] GC(110) Pause Young (Normal) (G1 Evacuation Pause) 383M->259M(500M) 37,307ms
[2021-10-31T14:37:42.954+0300][14,722s][info ][gc] GC(111) Pause Young (Concurrent Start) (G1 Evacuation Pause) 390M->288M(500M) 36,157ms
[2021-10-31T14:37:42.954+0300][14,722s][info ][gc] GC(112) Concurrent Cycle
[2021-10-31T14:37:43.007+0300][14,776s][debug][gc] GC(112) Reclaimed 173 empty regions
[2021-10-31T14:37:43.008+0300][14,776s][info ][gc] GC(112) Pause Remark 350M->177M(500M) 0,595ms
[2021-10-31T14:37:43.073+0300][14,842s][info ][gc] GC(113) Pause Young (Normal) (G1 Evacuation Pause) 225M->139M(500M) 30,673ms
[2021-10-31T14:37:43.075+0300][14,844s][info ][gc] GC(112) Pause Cleanup 141M->141M(500M) 0,071ms
[2021-10-31T14:37:43.076+0300][14,844s][info ][gc] GC(112) Concurrent Cycle 122,170ms
[2021-10-31T14:37:43.276+0300][15,044s][info ][gc] GC(114) Pause Young (Normal) (G1 Evacuation Pause) 352M->183M(500M) 46,453ms
[2021-10-31T14:37:43.456+0300][15,224s][info ][gc] GC(115) Pause Young (Normal) (G1 Evacuation Pause) 365M->222M(500M) 47,604ms
[2021-10-31T14:37:43.580+0300][15,348s][info ][gc] GC(116) Pause Young (Normal) (G1 Evacuation Pause) 377M->200M(500M) 4,666ms
