[2021-11-13T10:42:35.653+0300][0.021s][info][gc] Using G1
[2021-11-13T10:42:35.653+0300][0.022s][debug][gc] ConcGCThreads: 2 offset 16
[2021-11-13T10:42:35.653+0300][0.022s][debug][gc] ParallelGCThreads: 8
[2021-11-13T10:42:35.653+0300][0.022s][debug][gc] Initialize mark stack with 4096 chunks, maximum 524288
[2021-11-13T10:42:35.895+0300][0,263s][info ][gc] GC(0) Pause Young (Concurrent Start) (G1 Humongous Allocation) 54M->51M(150M) 94,317ms
[2021-11-13T10:42:35.895+0300][0,263s][info ][gc] GC(1) Concurrent Undo Cycle
[2021-11-13T10:42:35.896+0300][0,265s][info ][gc] GC(1) Concurrent Undo Cycle 1,290ms
[2021-11-13T10:42:36.062+0300][0,430s][info ][gc] GC(2) Pause Young (Concurrent Start) (G1 Humongous Allocation) 75M->75M(150M) 110,054ms
[2021-11-13T10:42:36.062+0300][0,430s][info ][gc] GC(3) Concurrent Mark Cycle
[2021-11-13T10:42:36.073+0300][0,442s][debug][gc] GC(3) Reclaimed 50 empty regions
[2021-11-13T10:42:36.073+0300][0,442s][info ][gc] GC(3) Pause Remark 111M->61M(150M) 0,393ms
[2021-11-13T10:42:36.111+0300][0,480s][info ][gc] GC(3) Pause Cleanup 61M->61M(150M) 0,031ms
[2021-11-13T10:42:36.112+0300][0,481s][info ][gc] GC(3) Concurrent Mark Cycle 50,228ms
