[2021-11-01T19:49:19.112+0300][0.019s][info][gc] Using G1
[2021-11-01T19:49:19.113+0300][0.020s][debug][gc] ConcGCThreads: 2 offset 16
[2021-11-01T19:49:19.113+0300][0.020s][debug][gc] ParallelGCThreads: 8
[2021-11-01T19:49:19.113+0300][0.020s][debug][gc] Initialize mark stack with 4096 chunks, maximum 524288
[2021-11-01T19:49:19.338+0300][0,245s][info ][gc] GC(0) Pause Young (Concurrent Start) (G1 Humongous Allocation) 54M->51M(150M) 72,369ms
[2021-11-01T19:49:19.338+0300][0,245s][info ][gc] GC(1) Concurrent Undo Cycle
[2021-11-01T19:49:19.353+0300][0,260s][info ][gc] GC(1) Concurrent Undo Cycle 14,858ms
[2021-11-01T19:49:19.487+0300][0,393s][info ][gc] GC(2) Pause Young (Concurrent Start) (G1 Humongous Allocation) 75M->75M(150M) 99,203ms
[2021-11-01T19:49:19.487+0300][0,394s][info ][gc] GC(3) Concurrent Mark Cycle
[2021-11-01T19:49:19.500+0300][0,407s][debug][gc] GC(3) Reclaimed 50 empty regions
[2021-11-01T19:49:19.500+0300][0,407s][info ][gc] GC(3) Pause Remark 111M->61M(150M) 0,375ms
[2021-11-01T19:49:19.539+0300][0,446s][info ][gc] GC(3) Pause Cleanup 61M->61M(150M) 0,033ms
[2021-11-01T19:49:19.539+0300][0,446s][info ][gc] GC(3) Concurrent Mark Cycle 52,727ms
