[2021-10-31T14:05:20.703+0300][0.003s][debug][gc] ConcGCThreads: 2 offset 16
[2021-10-31T14:05:20.703+0300][0.003s][debug][gc] ParallelGCThreads: 8
[2021-10-31T14:05:20.703+0300][0.003s][debug][gc] Initialize mark stack with 4096 chunks, maximum 16384
[2021-10-31T14:05:20.711+0300][0.010s][info ][gc] Using G1
[2021-10-31T14:05:20.717+0300][0,017s][info ][gc] Periodic GC disabled
[2021-10-31T14:05:20.841+0300][0,141s][info ][gc] GC(0) Pause Young (Normal) (G1 Evacuation Pause) 67M->20M(1200M) 23,100ms
[2021-10-31T14:05:20.889+0300][0,188s][info ][gc] GC(1) Pause Young (Normal) (G1 Evacuation Pause) 76M->35M(1200M) 24,637ms
[2021-10-31T14:05:20.953+0300][0,252s][info ][gc] GC(2) Pause Young (Normal) (G1 Evacuation Pause) 92M->50M(1200M) 19,382ms
[2021-10-31T14:05:21.025+0300][0,324s][info ][gc] GC(3) Pause Young (Normal) (G1 Evacuation Pause) 115M->69M(1200M) 21,529ms
[2021-10-31T14:05:21.147+0300][0,446s][info ][gc] GC(4) Pause Young (Normal) (G1 Evacuation Pause) 177M->101M(1200M) 30,525ms
[2021-10-31T14:05:21.300+0300][0,599s][info ][gc] GC(5) Pause Young (Normal) (G1 Evacuation Pause) 234M->142M(1200M) 47,712ms
[2021-10-31T14:05:21.434+0300][0,734s][info ][gc] GC(6) Pause Young (Normal) (G1 Evacuation Pause) 268M->168M(1200M) 35,767ms
[2021-10-31T14:05:21.633+0300][0,933s][info ][gc] GC(7) Pause Young (Normal) (G1 Evacuation Pause) 352M->227M(1200M) 48,775ms
[2021-10-31T14:05:21.838+0300][1,138s][info ][gc] GC(8) Pause Young (Normal) (G1 Evacuation Pause) 421M->267M(1200M) 49,159ms
[2021-10-31T14:05:22.127+0300][1,427s][info ][gc] GC(9) Pause Young (Normal) (G1 Evacuation Pause) 535M->339M(1200M) 44,827ms
[2021-10-31T14:05:22.484+0300][1,783s][info ][gc] GC(10) Pause Young (Normal) (G1 Evacuation Pause) 639M->400M(1200M) 69,779ms
[2021-10-31T14:05:22.828+0300][2,127s][info ][gc] GC(11) Pause Young (Normal) (G1 Evacuation Pause) 734M->469M(1200M) 84,983ms
[2021-10-31T14:05:23.121+0300][2,420s][info ][gc] GC(12) Pause Young (Normal) (G1 Evacuation Pause) 831M->449M(1200M) 24,734ms
[2021-10-31T14:05:23.582+0300][2,882s][info ][gc] GC(13) Pause Young (Normal) (G1 Evacuation Pause) 935M->545M(1200M) 97,305ms
[2021-10-31T14:05:23.950+0300][3,250s][info ][gc] GC(14) Pause Young (Normal) (G1 Evacuation Pause) 916M->621M(1200M) 99,571ms
[2021-10-31T14:05:24.236+0300][3,535s][info ][gc] GC(15) Pause Young (Concurrent Start) (G1 Evacuation Pause) 938M->626M(1200M) 53,438ms
[2021-10-31T14:05:24.236+0300][3,535s][info ][gc] GC(16) Concurrent Cycle
[2021-10-31T14:05:24.277+0300][3,576s][debug][gc] GC(16) Reclaimed 521 empty regions
[2021-10-31T14:05:24.277+0300][3,577s][info ][gc] GC(16) Pause Remark 672M->151M(1200M) 0,956ms
[2021-10-31T14:05:24.305+0300][3,604s][info ][gc] GC(16) Pause Cleanup 189M->189M(1200M) 0,147ms
[2021-10-31T14:05:24.309+0300][3,608s][info ][gc] GC(16) Concurrent Cycle 73,079ms
[2021-10-31T14:05:24.555+0300][3,854s][info ][gc] GC(17) Pause Young (Normal) (G1 Evacuation Pause) 419M->169M(1200M) 83,222ms
[2021-10-31T14:05:25.079+0300][4,378s][info ][gc] GC(18) Pause Young (Normal) (G1 Evacuation Pause) 803M->171M(1200M) 49,280ms
[2021-10-31T14:05:25.726+0300][5,025s][info ][gc] GC(19) Pause Young (Normal) (G1 Evacuation Pause) 843M->304M(1200M) 163,029ms
[2021-10-31T14:05:26.218+0300][5,517s][info ][gc] GC(20) Pause Young (Normal) (G1 Evacuation Pause) 860M->305M(1200M) 87,006ms
[2021-10-31T14:05:26.756+0300][6,055s][info ][gc] GC(21) Pause Young (Normal) (G1 Evacuation Pause) 860M->418M(1200M) 139,859ms
[2021-10-31T14:05:27.170+0300][6,469s][info ][gc] GC(22) Pause Young (Normal) (G1 Evacuation Pause) 875M->431M(1200M) 81,608ms
[2021-10-31T14:05:27.604+0300][6,903s][info ][gc] GC(23) Pause Young (Normal) (G1 Evacuation Pause) 877M->522M(1200M) 113,425ms
[2021-10-31T14:05:27.937+0300][7,237s][info ][gc] GC(24) Pause Young (Normal) (G1 Evacuation Pause) 905M->513M(1200M) 48,514ms
[2021-10-31T14:05:28.321+0300][7,620s][info ][gc] GC(25) Pause Young (Normal) (G1 Evacuation Pause) 909M->593M(1200M) 97,136ms
[2021-10-31T14:05:28.655+0300][7,954s][info ][gc] GC(26) Pause Young (Normal) (G1 Evacuation Pause) 929M->662M(1200M) 90,202ms
[2021-10-31T14:05:28.916+0300][8,215s][info ][gc] GC(27) Pause Young (Concurrent Start) (G1 Evacuation Pause) 949M->670M(1200M) 51,166ms
[2021-10-31T14:05:28.916+0300][8,215s][info ][gc] GC(28) Concurrent Cycle
[2021-10-31T14:05:28.944+0300][8,243s][debug][gc] GC(28) Reclaimed 567 empty regions
[2021-10-31T14:05:28.944+0300][8,243s][info ][gc] GC(28) Pause Remark 702M->135M(1200M) 0,820ms
[2021-10-31T14:05:28.961+0300][8,260s][info ][gc] GC(28) Pause Cleanup 158M->158M(1200M) 0,142ms
[2021-10-31T14:05:28.966+0300][8,265s][info ][gc] GC(28) Concurrent Cycle 50,548ms
[2021-10-31T14:05:29.200+0300][8,499s][info ][gc] GC(29) Pause Young (Normal) (G1 Evacuation Pause) 385M->162M(1200M) 71,968ms
[2021-10-31T14:05:29.710+0300][9,010s][info ][gc] GC(30) Pause Young (Normal) (G1 Evacuation Pause) 812M->163M(1200M) 38,365ms
[2021-10-31T14:05:30.335+0300][9,634s][info ][gc] GC(31) Pause Young (Normal) (G1 Evacuation Pause) 839M->298M(1200M) 140,482ms
[2021-10-31T14:05:30.831+0300][10,130s][info ][gc] GC(32) Pause Young (Normal) (G1 Evacuation Pause) 854M->295M(1200M) 90,740ms
[2021-10-31T14:05:31.390+0300][10,689s][info ][gc] GC(33) Pause Young (Normal) (G1 Evacuation Pause) 856M->410M(1200M) 154,497ms
[2021-10-31T14:05:31.821+0300][11,120s][info ][gc] GC(34) Pause Young (Normal) (G1 Evacuation Pause) 875M->420M(1200M) 93,570ms
[2021-10-31T14:05:32.277+0300][11,576s][info ][gc] GC(35) Pause Young (Normal) (G1 Evacuation Pause) 877M->514M(1200M) 122,823ms
[2021-10-31T14:05:32.623+0300][11,922s][info ][gc] GC(36) Pause Young (Normal) (G1 Evacuation Pause) 903M->506M(1200M) 59,916ms
[2021-10-31T14:05:33.022+0300][12,321s][info ][gc] GC(37) Pause Young (Normal) (G1 Evacuation Pause) 907M->588M(1200M) 110,634ms
[2021-10-31T14:05:33.276+0300][12,575s][info ][gc] GC(38) Pause Young (Normal) (G1 Evacuation Pause) 928M->535M(1200M) 5,917ms
[2021-10-31T14:05:33.634+0300][12,933s][info ][gc] GC(39) Pause Young (Normal) (G1 Evacuation Pause) 930M->614M(1200M) 76,129ms
[2021-10-31T14:05:33.954+0300][13,253s][info ][gc] GC(40) Pause Young (Concurrent Start) (G1 Evacuation Pause) 941M->682M(1200M) 84,297ms
[2021-10-31T14:05:33.954+0300][13,253s][info ][gc] GC(41) Concurrent Cycle
[2021-10-31T14:05:34.037+0300][13,336s][debug][gc] GC(41) Reclaimed 486 empty regions
[2021-10-31T14:05:34.037+0300][13,336s][info ][gc] GC(41) Pause Remark 779M->293M(1200M) 0,742ms
[2021-10-31T14:05:34.102+0300][13,401s][info ][gc] GC(41) Pause Cleanup 382M->382M(1200M) 0,186ms
[2021-10-31T14:05:34.103+0300][13,403s][info ][gc] GC(41) Concurrent Cycle 149,593ms
[2021-10-31T14:05:34.173+0300][13,472s][info ][gc] GC(42) Pause Young (Normal) (G1 Evacuation Pause) 470M->152M(1200M) 2,766ms
[2021-10-31T14:05:34.797+0300][14,096s][info ][gc] GC(43) Pause Young (Normal) (G1 Evacuation Pause) 846M->289M(1200M) 124,886ms
