[2021-10-31T14:10:45.434+0300][0.002s][debug][gc] ConcGCThreads: 2 offset 16
[2021-10-31T14:10:45.435+0300][0.002s][debug][gc] ParallelGCThreads: 8
[2021-10-31T14:10:45.435+0300][0.003s][debug][gc] Initialize mark stack with 4096 chunks, maximum 16384
[2021-10-31T14:10:45.440+0300][0.008s][info ][gc] Using G1
[2021-10-31T14:10:45.449+0300][0,017s][info ][gc] Periodic GC disabled
[2021-10-31T14:10:45.562+0300][0,130s][info ][gc] GC(0) Pause Young (Normal) (G1 Evacuation Pause) 49M->14M(900M) 15,578ms
[2021-10-31T14:10:45.604+0300][0,172s][info ][gc] GC(1) Pause Young (Normal) (G1 Evacuation Pause) 56M->25M(900M) 21,981ms
[2021-10-31T14:10:45.666+0300][0,234s][info ][gc] GC(2) Pause Young (Normal) (G1 Evacuation Pause) 71M->37M(900M) 20,080ms
[2021-10-31T14:10:45.764+0300][0,332s][info ][gc] GC(3) Pause Young (Normal) (G1 Evacuation Pause) 118M->64M(900M) 29,045ms
[2021-10-31T14:10:45.885+0300][0,453s][info ][gc] GC(4) Pause Young (Normal) (G1 Evacuation Pause) 168M->95M(900M) 37,088ms
[2021-10-31T14:10:46.006+0300][0,574s][info ][gc] GC(5) Pause Young (Normal) (G1 Evacuation Pause) 200M->117M(900M) 36,753ms
[2021-10-31T14:10:46.162+0300][0,730s][info ][gc] GC(6) Pause Young (Normal) (G1 Evacuation Pause) 263M->161M(900M) 41,128ms
[2021-10-31T14:10:46.367+0300][0,935s][info ][gc] GC(7) Pause Young (Normal) (G1 Evacuation Pause) 348M->219M(900M) 58,146ms
[2021-10-31T14:10:46.563+0300][1,131s][info ][gc] GC(8) Pause Young (Normal) (G1 Evacuation Pause) 401M->258M(900M) 52,402ms
[2021-10-31T14:10:46.829+0300][1,397s][info ][gc] GC(9) Pause Young (Normal) (G1 Evacuation Pause) 514M->327M(900M) 45,131ms
[2021-10-31T14:10:47.170+0300][1,738s][info ][gc] GC(10) Pause Young (Normal) (G1 Evacuation Pause) 603M->383M(900M) 71,841ms
[2021-10-31T14:10:47.470+0300][2,038s][info ][gc] GC(11) Pause Young (Normal) (G1 Evacuation Pause) 650M->438M(900M) 68,039ms
[2021-10-31T14:10:47.715+0300][2,283s][info ][gc] GC(12) Pause Young (Normal) (G1 Evacuation Pause) 681M->489M(900M) 71,165ms
[2021-10-31T14:10:47.896+0300][2,464s][info ][gc] GC(13) Pause Young (Concurrent Start) (G1 Evacuation Pause) 706M->469M(900M) 16,224ms
[2021-10-31T14:10:47.896+0300][2,464s][info ][gc] GC(14) Concurrent Cycle
[2021-10-31T14:10:47.910+0300][2,478s][debug][gc] GC(14) Reclaimed 411 empty regions
[2021-10-31T14:10:47.910+0300][2,478s][info ][gc] GC(14) Pause Remark 484M->73M(900M) 0,769ms
[2021-10-31T14:10:47.919+0300][2,487s][info ][gc] GC(14) Pause Cleanup 86M->86M(900M) 0,102ms
[2021-10-31T14:10:47.921+0300][2,489s][info ][gc] GC(14) Concurrent Cycle 25,463ms
[2021-10-31T14:10:48.132+0300][2,700s][info ][gc] GC(15) Pause Young (Normal) (G1 Evacuation Pause) 300M->105M(900M) 57,598ms
[2021-10-31T14:10:48.629+0300][3,197s][info ][gc] GC(16) Pause Young (Normal) (G1 Evacuation Pause) 598M->206M(900M) 117,841ms
[2021-10-31T14:10:48.951+0300][3,519s][info ][gc] GC(17) Pause Young (Normal) (G1 Evacuation Pause) 590M->178M(900M) 39,850ms
[2021-10-31T14:10:49.371+0300][3,938s][info ][gc] GC(18) Pause Young (Normal) (G1 Evacuation Pause) 609M->263M(900M) 108,048ms
[2021-10-31T14:10:49.747+0300][4,315s][info ][gc] GC(19) Pause Young (Normal) (G1 Evacuation Pause) 637M->340M(900M) 105,778ms
[2021-10-31T14:10:50.041+0300][4,608s][info ][gc] GC(20) Pause Young (Normal) (G1 Evacuation Pause) 663M->347M(900M) 54,268ms
[2021-10-31T14:10:50.352+0300][4,920s][info ][gc] GC(21) Pause Young (Normal) (G1 Evacuation Pause) 666M->412M(900M) 79,616ms
[2021-10-31T14:10:50.620+0300][5,188s][info ][gc] GC(22) Pause Young (Normal) (G1 Evacuation Pause) 684M->469M(900M) 70,969ms
[2021-10-31T14:10:50.814+0300][5,382s][info ][gc] GC(23) Pause Young (Concurrent Start) (G1 Evacuation Pause) 702M->455M(900M) 21,806ms
[2021-10-31T14:10:50.814+0300][5,382s][info ][gc] GC(24) Concurrent Cycle
[2021-10-31T14:10:50.831+0300][5,399s][debug][gc] GC(24) Reclaimed 387 empty regions
[2021-10-31T14:10:50.831+0300][5,399s][info ][gc] GC(24) Pause Remark 471M->84M(900M) 0,845ms
[2021-10-31T14:10:50.840+0300][5,408s][info ][gc] GC(24) Pause Cleanup 97M->97M(900M) 0,115ms
[2021-10-31T14:10:50.844+0300][5,412s][info ][gc] GC(24) Concurrent Cycle 29,385ms
[2021-10-31T14:10:51.061+0300][5,629s][info ][gc] GC(25) Pause Young (Normal) (G1 Evacuation Pause) 318M->117M(900M) 61,316ms
[2021-10-31T14:10:51.529+0300][6,097s][info ][gc] GC(26) Pause Young (Normal) (G1 Evacuation Pause) 606M->216M(900M) 118,594ms
[2021-10-31T14:10:51.887+0300][6,455s][info ][gc] GC(27) Pause Young (Normal) (G1 Evacuation Pause) 628M->204M(900M) 55,533ms
[2021-10-31T14:10:52.312+0300][6,880s][info ][gc] GC(28) Pause Young (Normal) (G1 Evacuation Pause) 634M->289M(900M) 114,134ms
[2021-10-31T14:10:52.587+0300][7,155s][info ][gc] GC(29) Pause Young (Normal) (G1 Evacuation Pause) 651M->239M(900M) 11,315ms
[2021-10-31T14:10:52.985+0300][7,553s][info ][gc] GC(30) Pause Young (Normal) (G1 Evacuation Pause) 658M->322M(900M) 92,472ms
[2021-10-31T14:10:53.330+0300][7,898s][info ][gc] GC(31) Pause Young (Normal) (G1 Evacuation Pause) 667M->393M(900M) 98,336ms
[2021-10-31T14:10:53.563+0300][8,131s][info ][gc] GC(32) Pause Young (Normal) (G1 Evacuation Pause) 682M->363M(900M) 20,923ms
[2021-10-31T14:10:53.878+0300][8,446s][info ][gc] GC(33) Pause Young (Normal) (G1 Evacuation Pause) 688M->426M(900M) 76,965ms
[2021-10-31T14:10:54.149+0300][8,717s][info ][gc] GC(34) Pause Young (Normal) (G1 Evacuation Pause) 696M->482M(900M) 77,394ms
[2021-10-31T14:10:54.380+0300][8,948s][info ][gc] GC(35) Pause Young (Concurrent Start) (G1 Evacuation Pause) 709M->530M(900M) 67,280ms
[2021-10-31T14:10:54.380+0300][8,948s][info ][gc] GC(36) Concurrent Cycle
[2021-10-31T14:10:54.541+0300][9,109s][debug][gc] GC(36) Reclaimed 300 empty regions
[2021-10-31T14:10:54.541+0300][9,109s][info ][gc] GC(36) Pause Remark 686M->386M(900M) 0,643ms
[2021-10-31T14:10:54.588+0300][9,156s][info ][gc] GC(37) Pause Young (Normal) (G1 Evacuation Pause) 422M->216M(900M) 20,950ms
[2021-10-31T14:10:54.652+0300][9,220s][info ][gc] GC(36) Pause Cleanup 304M->304M(900M) 0,156ms
[2021-10-31T14:10:54.653+0300][9,221s][info ][gc] GC(36) Concurrent Cycle 272,278ms
[2021-10-31T14:10:54.984+0300][9,552s][info ][gc] GC(38) Pause Young (Normal) (G1 Evacuation Pause) 632M->298M(900M) 95,630ms
[2021-10-31T14:10:55.337+0300][9,905s][info ][gc] GC(39) Pause Young (Normal) (G1 Evacuation Pause) 653M->372M(900M) 98,374ms
[2021-10-31T14:10:55.586+0300][10,154s][info ][gc] GC(40) Pause Young (Normal) (G1 Evacuation Pause) 673M->354M(900M) 28,422ms
[2021-10-31T14:10:55.899+0300][10,467s][info ][gc] GC(41) Pause Young (Normal) (G1 Evacuation Pause) 677M->417M(900M) 72,562ms
[2021-10-31T14:10:56.171+0300][10,739s][info ][gc] GC(42) Pause Young (Normal) (G1 Evacuation Pause) 690M->474M(900M) 71,149ms
[2021-10-31T14:10:56.400+0300][10,968s][info ][gc] GC(43) Pause Young (Concurrent Start) (G1 Evacuation Pause) 705M->522M(900M) 61,084ms
[2021-10-31T14:10:56.400+0300][10,968s][info ][gc] GC(44) Concurrent Cycle
[2021-10-31T14:10:56.627+0300][11,195s][info ][gc] GC(45) Pause Young (Normal) (G1 Evacuation Pause) 719M->524M(900M) 30,672ms
[2021-10-31T14:10:56.635+0300][11,202s][debug][gc] GC(44) Reclaimed 278 empty regions
[2021-10-31T14:10:56.635+0300][11,203s][info ][gc] GC(44) Pause Remark 531M->253M(900M) 0,689ms
[2021-10-31T14:10:56.739+0300][11,307s][info ][gc] GC(44) Pause Cleanup 399M->399M(900M) 0,147ms
[2021-10-31T14:10:56.740+0300][11,308s][info ][gc] GC(44) Concurrent Cycle 340,042ms
[2021-10-31T14:10:56.826+0300][11,394s][info ][gc] GC(46) Pause Young (Normal) (G1 Evacuation Pause) 443M->287M(900M) 50,792ms
[2021-10-31T14:10:57.166+0300][11,734s][info ][gc] GC(47) Pause Young (Normal) (G1 Evacuation Pause) 646M->361M(900M) 81,671ms
[2021-10-31T14:10:57.400+0300][11,968s][info ][gc] GC(48) Pause Young (Normal) (G1 Evacuation Pause) 669M->318M(900M) 6,861ms
[2021-10-31T14:10:57.721+0300][12,289s][info ][gc] GC(49) Pause Young (Normal) (G1 Evacuation Pause) 671M->388M(900M) 68,932ms
[2021-10-31T14:10:58.011+0300][12,579s][info ][gc] GC(50) Pause Young (Normal) (G1 Evacuation Pause) 684M->450M(900M) 74,649ms
[2021-10-31T14:10:58.259+0300][12,827s][info ][gc] GC(51) Pause Young (Concurrent Start) (G1 Evacuation Pause) 699M->501M(900M) 69,284ms
[2021-10-31T14:10:58.259+0300][12,827s][info ][gc] GC(52) Concurrent Cycle
[2021-10-31T14:10:58.421+0300][12,989s][debug][gc] GC(52) Reclaimed 269 empty regions
[2021-10-31T14:10:58.421+0300][12,989s][info ][gc] GC(52) Pause Remark 658M->389M(900M) 0,522ms
[2021-10-31T14:10:58.488+0300][13,056s][info ][gc] GC(53) Pause Young (Normal) (G1 Evacuation Pause) 443M->222M(900M) 28,293ms
[2021-10-31T14:10:58.539+0300][13,107s][info ][gc] GC(52) Pause Cleanup 294M->294M(900M) 0,158ms
[2021-10-31T14:10:58.540+0300][13,108s][info ][gc] GC(52) Concurrent Cycle 281,198ms
[2021-10-31T14:10:58.875+0300][13,443s][info ][gc] GC(54) Pause Young (Normal) (G1 Evacuation Pause) 631M->303M(900M) 93,036ms
[2021-10-31T14:10:59.228+0300][13,796s][info ][gc] GC(55) Pause Young (Normal) (G1 Evacuation Pause) 653M->375M(900M) 100,597ms
[2021-10-31T14:10:59.486+0300][14,054s][info ][gc] GC(56) Pause Young (Normal) (G1 Evacuation Pause) 673M->361M(900M) 39,249ms
[2021-10-31T14:10:59.797+0300][14,365s][info ][gc] GC(57) Pause Young (Normal) (G1 Evacuation Pause) 677M->423M(900M) 83,537ms
[2021-10-31T14:11:00.069+0300][14,637s][info ][gc] GC(58) Pause Young (Normal) (G1 Evacuation Pause) 690M->479M(900M) 77,863ms
[2021-10-31T14:11:00.299+0300][14,867s][info ][gc] GC(59) Pause Young (Concurrent Start) (G1 Evacuation Pause) 706M->526M(900M) 65,474ms
[2021-10-31T14:11:00.299+0300][14,867s][info ][gc] GC(60) Concurrent Cycle
[2021-10-31T14:11:00.508+0300][15,076s][debug][gc] GC(60) Reclaimed 282 empty regions
[2021-10-31T14:11:00.508+0300][15,076s][info ][gc] GC(60) Pause Remark 706M->424M(900M) 0,896ms
[2021-10-31T14:11:00.608+0300][15,176s][info ][gc] GC(60) Pause Cleanup 424M->424M(900M) 0,185ms
[2021-10-31T14:11:00.609+0300][15,177s][info ][gc] GC(60) Concurrent Cycle 310,009ms
