[2021-10-31T14:12:03.888+0300][0.003s][debug][gc] ConcGCThreads: 2 offset 16
[2021-10-31T14:12:03.888+0300][0.004s][debug][gc] ParallelGCThreads: 8
[2021-10-31T14:12:03.888+0300][0.004s][debug][gc] Initialize mark stack with 4096 chunks, maximum 16384
[2021-10-31T14:12:03.894+0300][0.010s][info ][gc] Using G1
[2021-10-31T14:12:03.904+0300][0,020s][info ][gc] Periodic GC disabled
[2021-10-31T14:12:04.038+0300][0,154s][info ][gc] GC(0) Pause Young (Normal) (G1 Evacuation Pause) 37M->10M(700M) 13,908ms
[2021-10-31T14:12:04.079+0300][0,195s][info ][gc] GC(1) Pause Young (Normal) (G1 Evacuation Pause) 49M->22M(700M) 23,583ms
[2021-10-31T14:12:04.134+0300][0,250s][info ][gc] GC(2) Pause Young (Normal) (G1 Evacuation Pause) 65M->34M(700M) 20,007ms
[2021-10-31T14:12:04.223+0300][0,339s][info ][gc] GC(3) Pause Young (Normal) (G1 Evacuation Pause) 109M->54M(700M) 22,069ms
[2021-10-31T14:12:04.333+0300][0,449s][info ][gc] GC(4) Pause Young (Normal) (G1 Evacuation Pause) 152M->80M(700M) 28,994ms
[2021-10-31T14:12:04.474+0300][0,590s][info ][gc] GC(5) Pause Young (Normal) (G1 Evacuation Pause) 202M->114M(700M) 40,334ms
[2021-10-31T14:12:04.636+0300][0,752s][info ][gc] GC(6) Pause Young (Normal) (G1 Evacuation Pause) 262M->158M(700M) 44,139ms
[2021-10-31T14:12:04.843+0300][0,959s][info ][gc] GC(7) Pause Young (Normal) (G1 Evacuation Pause) 345M->217M(700M) 55,517ms
[2021-10-31T14:12:05.038+0300][1,154s][info ][gc] GC(8) Pause Young (Normal) (G1 Evacuation Pause) 401M->256M(700M) 49,808ms
[2021-10-31T14:12:05.306+0300][1,422s][info ][gc] GC(9) Pause Young (Normal) (G1 Evacuation Pause) 515M->327M(700M) 42,801ms
[2021-10-31T14:12:05.551+0300][1,667s][info ][gc] GC(10) Pause Young (Normal) (G1 Evacuation Pause) 524M->367M(700M) 53,583ms
[2021-10-31T14:12:05.768+0300][1,884s][info ][gc] GC(11) Pause Young (Concurrent Start) (G1 Evacuation Pause) 544M->404M(700M) 48,492ms
[2021-10-31T14:12:05.768+0300][1,884s][info ][gc] GC(12) Concurrent Cycle
[2021-10-31T14:12:05.829+0300][1,945s][debug][gc] GC(12) Reclaimed 259 empty regions
[2021-10-31T14:12:05.829+0300][1,945s][info ][gc] GC(12) Pause Remark 457M->198M(700M) 1,873ms
[2021-10-31T14:12:05.873+0300][1,989s][info ][gc] GC(12) Pause Cleanup 244M->244M(700M) 0,147ms
[2021-10-31T14:12:05.875+0300][1,991s][info ][gc] GC(12) Concurrent Cycle 106,629ms
[2021-10-31T14:12:05.959+0300][2,075s][info ][gc] GC(13) Pause Young (Normal) (G1 Evacuation Pause) 300M->179M(700M) 45,295ms
[2021-10-31T14:12:06.258+0300][2,374s][info ][gc] GC(14) Pause Young (Normal) (G1 Evacuation Pause) 481M->241M(700M) 68,345ms
[2021-10-31T14:12:06.482+0300][2,598s][info ][gc] GC(15) Pause Young (Normal) (G1 Evacuation Pause) 498M->232M(700M) 28,081ms
[2021-10-31T14:12:06.741+0300][2,857s][info ][gc] GC(16) Pause Young (Normal) (G1 Evacuation Pause) 504M->286M(700M) 63,150ms
[2021-10-31T14:12:06.976+0300][3,092s][info ][gc] GC(17) Pause Young (Normal) (G1 Evacuation Pause) 522M->335M(700M) 61,063ms
[2021-10-31T14:12:07.178+0300][3,294s][info ][gc] GC(18) Pause Young (Normal) (G1 Evacuation Pause) 537M->377M(700M) 53,909ms
[2021-10-31T14:12:07.314+0300][3,430s][info ][gc] GC(19) Pause Young (Concurrent Start) (G1 Evacuation Pause) 550M->354M(700M) 6,340ms
[2021-10-31T14:12:07.315+0300][3,430s][info ][gc] GC(20) Concurrent Cycle
[2021-10-31T14:12:07.331+0300][3,447s][debug][gc] GC(20) Reclaimed 306 empty regions
[2021-10-31T14:12:07.331+0300][3,447s][info ][gc] GC(20) Pause Remark 372M->67M(700M) 0,662ms
[2021-10-31T14:12:07.343+0300][3,459s][info ][gc] GC(20) Pause Cleanup 83M->83M(700M) 0,073ms
[2021-10-31T14:12:07.345+0300][3,461s][info ][gc] GC(20) Concurrent Cycle 30,982ms
[2021-10-31T14:12:07.501+0300][3,617s][info ][gc] GC(21) Pause Young (Normal) (G1 Evacuation Pause) 244M->87M(700M) 39,513ms
[2021-10-31T14:12:07.864+0300][3,980s][info ][gc] GC(22) Pause Young (Normal) (G1 Evacuation Pause) 469M->164M(700M) 81,378ms
[2021-10-31T14:12:08.179+0300][4,295s][info ][gc] GC(23) Pause Young (Normal) (G1 Evacuation Pause) 481M->229M(700M) 83,300ms
[2021-10-31T14:12:08.422+0300][4,538s][info ][gc] GC(24) Pause Young (Normal) (G1 Evacuation Pause) 504M->222M(700M) 39,643ms
[2021-10-31T14:12:08.707+0300][4,823s][info ][gc] GC(25) Pause Young (Normal) (G1 Evacuation Pause) 507M->278M(700M) 76,885ms
[2021-10-31T14:12:08.954+0300][5,070s][info ][gc] GC(26) Pause Young (Normal) (G1 Evacuation Pause) 520M->329M(700M) 71,055ms
[2021-10-31T14:12:09.172+0300][5,288s][info ][gc] GC(27) Pause Young (Normal) (G1 Evacuation Pause) 534M->372M(700M) 67,566ms
[2021-10-31T14:12:09.324+0300][5,439s][info ][gc] GC(28) Pause Young (Concurrent Start) (G1 Evacuation Pause) 547M->360M(700M) 19,619ms
[2021-10-31T14:12:09.324+0300][5,440s][info ][gc] GC(29) Concurrent Cycle
[2021-10-31T14:12:09.341+0300][5,457s][debug][gc] GC(29) Reclaimed 300 empty regions
[2021-10-31T14:12:09.341+0300][5,457s][info ][gc] GC(29) Pause Remark 373M->73M(700M) 0,616ms
[2021-10-31T14:12:09.352+0300][5,468s][info ][gc] GC(29) Pause Cleanup 85M->85M(700M) 0,087ms
[2021-10-31T14:12:09.353+0300][5,469s][info ][gc] GC(29) Concurrent Cycle 29,457ms
[2021-10-31T14:12:09.518+0300][5,634s][info ][gc] GC(30) Pause Young (Normal) (G1 Evacuation Pause) 249M->97M(700M) 45,221ms
[2021-10-31T14:12:09.878+0300][5,994s][info ][gc] GC(31) Pause Young (Normal) (G1 Evacuation Pause) 471M->173M(700M) 79,070ms
[2021-10-31T14:12:10.191+0300][6,307s][info ][gc] GC(32) Pause Young (Normal) (G1 Evacuation Pause) 489M->239M(700M) 82,068ms
[2021-10-31T14:12:10.433+0300][6,549s][info ][gc] GC(33) Pause Young (Normal) (G1 Evacuation Pause) 507M->239M(700M) 40,610ms
[2021-10-31T14:12:10.700+0300][6,816s][info ][gc] GC(34) Pause Young (Normal) (G1 Evacuation Pause) 510M->295M(700M) 69,108ms
[2021-10-31T14:12:10.927+0300][7,043s][info ][gc] GC(35) Pause Young (Normal) (G1 Evacuation Pause) 524M->344M(700M) 61,058ms
[2021-10-31T14:12:11.121+0300][7,237s][info ][gc] GC(36) Pause Young (Normal) (G1 Evacuation Pause) 539M->385M(700M) 51,696ms
[2021-10-31T14:12:11.261+0300][7,377s][info ][gc] GC(37) Pause Young (Concurrent Start) (G1 Evacuation Pause) 552M->373M(700M) 14,773ms
[2021-10-31T14:12:11.261+0300][7,377s][info ][gc] GC(38) Concurrent Cycle
[2021-10-31T14:12:11.278+0300][7,394s][debug][gc] GC(38) Reclaimed 315 empty regions
[2021-10-31T14:12:11.278+0300][7,394s][info ][gc] GC(38) Pause Remark 386M->71M(700M) 0,691ms
[2021-10-31T14:12:11.289+0300][7,405s][info ][gc] GC(38) Pause Cleanup 83M->83M(700M) 0,093ms
[2021-10-31T14:12:11.290+0300][7,406s][info ][gc] GC(38) Concurrent Cycle 28,917ms
[2021-10-31T14:12:11.443+0300][7,559s][info ][gc] GC(39) Pause Young (Normal) (G1 Evacuation Pause) 238M->93M(700M) 39,556ms
[2021-10-31T14:12:11.801+0300][7,917s][info ][gc] GC(40) Pause Young (Normal) (G1 Evacuation Pause) 470M->171M(700M) 82,597ms
[2021-10-31T14:12:12.116+0300][8,232s][info ][gc] GC(41) Pause Young (Normal) (G1 Evacuation Pause) 489M->237M(700M) 81,262ms
[2021-10-31T14:12:12.357+0300][8,473s][info ][gc] GC(42) Pause Young (Normal) (G1 Evacuation Pause) 507M->234M(700M) 39,939ms
[2021-10-31T14:12:12.627+0300][8,743s][info ][gc] GC(43) Pause Young (Normal) (G1 Evacuation Pause) 509M->291M(700M) 69,387ms
[2021-10-31T14:12:12.859+0300][8,975s][info ][gc] GC(44) Pause Young (Normal) (G1 Evacuation Pause) 523M->340M(700M) 62,094ms
[2021-10-31T14:12:13.056+0300][9,172s][info ][gc] GC(45) Pause Young (Normal) (G1 Evacuation Pause) 538M->381M(700M) 52,608ms
[2021-10-31T14:12:13.198+0300][9,314s][info ][gc] GC(46) Pause Young (Concurrent Start) (G1 Evacuation Pause) 551M->369M(700M) 15,158ms
[2021-10-31T14:12:13.198+0300][9,314s][info ][gc] GC(47) Concurrent Cycle
[2021-10-31T14:12:13.220+0300][9,336s][debug][gc] GC(47) Reclaimed 311 empty regions
[2021-10-31T14:12:13.220+0300][9,336s][info ][gc] GC(47) Pause Remark 394M->83M(700M) 0,762ms
[2021-10-31T14:12:13.235+0300][9,351s][info ][gc] GC(47) Pause Cleanup 103M->103M(700M) 0,077ms
[2021-10-31T14:12:13.236+0300][9,352s][info ][gc] GC(47) Concurrent Cycle 37,678ms
[2021-10-31T14:12:13.377+0300][9,493s][info ][gc] GC(48) Pause Young (Normal) (G1 Evacuation Pause) 241M->94M(700M) 40,621ms
[2021-10-31T14:12:13.730+0300][9,846s][info ][gc] GC(49) Pause Young (Normal) (G1 Evacuation Pause) 471M->172M(700M) 78,781ms
[2021-10-31T14:12:14.045+0300][10,161s][info ][gc] GC(50) Pause Young (Normal) (G1 Evacuation Pause) 489M->237M(700M) 83,593ms
[2021-10-31T14:12:14.292+0300][10,408s][info ][gc] GC(51) Pause Young (Normal) (G1 Evacuation Pause) 507M->236M(700M) 45,807ms
[2021-10-31T14:12:14.568+0300][10,684s][info ][gc] GC(52) Pause Young (Normal) (G1 Evacuation Pause) 510M->293M(700M) 76,395ms
[2021-10-31T14:12:14.804+0300][10,920s][info ][gc] GC(53) Pause Young (Normal) (G1 Evacuation Pause) 524M->341M(700M) 67,212ms
[2021-10-31T14:12:15.008+0300][11,124s][info ][gc] GC(54) Pause Young (Normal) (G1 Evacuation Pause) 538M->382M(700M) 60,003ms
[2021-10-31T14:12:15.153+0300][11,269s][info ][gc] GC(55) Pause Young (Concurrent Start) (G1 Evacuation Pause) 551M->370M(700M) 18,226ms
[2021-10-31T14:12:15.153+0300][11,269s][info ][gc] GC(56) Concurrent Cycle
[2021-10-31T14:12:15.168+0300][11,283s][debug][gc] GC(56) Reclaimed 311 empty regions
[2021-10-31T14:12:15.168+0300][11,284s][info ][gc] GC(56) Pause Remark 386M->75M(700M) 0,745ms
[2021-10-31T14:12:15.177+0300][11,293s][info ][gc] GC(56) Pause Cleanup 87M->87M(700M) 0,093ms
[2021-10-31T14:12:15.177+0300][11,293s][info ][gc] GC(56) Concurrent Cycle 24,053ms
[2021-10-31T14:12:15.335+0300][11,451s][info ][gc] GC(57) Pause Young (Normal) (G1 Evacuation Pause) 241M->95M(700M) 45,895ms
[2021-10-31T14:12:15.701+0300][11,817s][info ][gc] GC(58) Pause Young (Normal) (G1 Evacuation Pause) 471M->172M(700M) 90,987ms
[2021-10-31T14:12:16.022+0300][12,138s][info ][gc] GC(59) Pause Young (Normal) (G1 Evacuation Pause) 489M->236M(700M) 87,105ms
[2021-10-31T14:12:16.270+0300][12,386s][info ][gc] GC(60) Pause Young (Normal) (G1 Evacuation Pause) 507M->235M(700M) 46,744ms
[2021-10-31T14:12:16.546+0300][12,662s][info ][gc] GC(61) Pause Young (Normal) (G1 Evacuation Pause) 509M->291M(700M) 76,142ms
[2021-10-31T14:12:16.782+0300][12,898s][info ][gc] GC(62) Pause Young (Normal) (G1 Evacuation Pause) 523M->340M(700M) 67,560ms
[2021-10-31T14:12:16.986+0300][13,102s][info ][gc] GC(63) Pause Young (Normal) (G1 Evacuation Pause) 538M->382M(700M) 54,603ms
[2021-10-31T14:12:17.130+0300][13,246s][info ][gc] GC(64) Pause Young (Concurrent Start) (G1 Evacuation Pause) 551M->371M(700M) 16,046ms
[2021-10-31T14:12:17.130+0300][13,246s][info ][gc] GC(65) Concurrent Cycle
[2021-10-31T14:12:17.144+0300][13,260s][debug][gc] GC(65) Reclaimed 312 empty regions
[2021-10-31T14:12:17.144+0300][13,260s][info ][gc] GC(65) Pause Remark 387M->75M(700M) 1,334ms
[2021-10-31T14:12:17.153+0300][13,269s][info ][gc] GC(65) Pause Cleanup 87M->87M(700M) 0,062ms
[2021-10-31T14:12:17.155+0300][13,270s][info ][gc] GC(65) Concurrent Cycle 24,575ms
[2021-10-31T14:12:17.305+0300][13,421s][info ][gc] GC(66) Pause Young (Normal) (G1 Evacuation Pause) 241M->94M(700M) 40,700ms
[2021-10-31T14:12:17.664+0300][13,780s][info ][gc] GC(67) Pause Young (Normal) (G1 Evacuation Pause) 471M->171M(700M) 83,870ms
[2021-10-31T14:12:17.982+0300][14,098s][info ][gc] GC(68) Pause Young (Normal) (G1 Evacuation Pause) 489M->237M(700M) 85,720ms
[2021-10-31T14:12:18.223+0300][14,339s][info ][gc] GC(69) Pause Young (Normal) (G1 Evacuation Pause) 507M->235M(700M) 39,702ms
[2021-10-31T14:12:18.491+0300][14,607s][info ][gc] GC(70) Pause Young (Normal) (G1 Evacuation Pause) 509M->292M(700M) 69,735ms
[2021-10-31T14:12:18.721+0300][14,837s][info ][gc] GC(71) Pause Young (Normal) (G1 Evacuation Pause) 523M->340M(700M) 61,535ms
[2021-10-31T14:12:18.919+0300][15,035s][info ][gc] GC(72) Pause Young (Normal) (G1 Evacuation Pause) 538M->382M(700M) 53,786ms
[2021-10-31T14:12:19.062+0300][15,178s][info ][gc] GC(73) Pause Young (Concurrent Start) (G1 Evacuation Pause) 551M->372M(700M) 16,028ms
[2021-10-31T14:12:19.062+0300][15,178s][info ][gc] GC(74) Concurrent Cycle
[2021-10-31T14:12:19.075+0300][15,191s][debug][gc] GC(74) Reclaimed 312 empty regions
[2021-10-31T14:12:19.075+0300][15,191s][info ][gc] GC(74) Pause Remark 388M->76M(700M) 0,490ms
[2021-10-31T14:12:19.085+0300][15,201s][info ][gc] GC(74) Pause Cleanup 88M->88M(700M) 0,089ms
[2021-10-31T14:12:19.085+0300][15,201s][info ][gc] GC(74) Concurrent Cycle 23,600ms
