[2021-10-31T14:08:25.801+0300][0.004s][debug][gc] ConcGCThreads: 2 offset 16
[2021-10-31T14:08:25.802+0300][0.004s][debug][gc] ParallelGCThreads: 8
[2021-10-31T14:08:25.802+0300][0.004s][debug][gc] Initialize mark stack with 4096 chunks, maximum 16384
[2021-10-31T14:08:25.820+0300][0.022s][info ][gc] Using G1
[2021-10-31T14:08:25.832+0300][0,035s][info ][gc] Periodic GC disabled
[2021-10-31T14:08:26.046+0300][0,248s][info ][gc] GC(0) Pause Young (Normal) (G1 Evacuation Pause) 92M->25M(1700M) 32,944ms
[2021-10-31T14:08:26.121+0300][0,323s][info ][gc] GC(1) Pause Young (Normal) (G1 Evacuation Pause) 108M->49M(1700M) 38,307ms
[2021-10-31T14:08:26.220+0300][0,423s][info ][gc] GC(2) Pause Young (Normal) (G1 Evacuation Pause) 130M->71M(1700M) 34,615ms
[2021-10-31T14:08:26.321+0300][0,523s][info ][gc] GC(3) Pause Young (Normal) (G1 Evacuation Pause) 156M->98M(1700M) 34,581ms
[2021-10-31T14:08:26.409+0300][0,612s][info ][gc] GC(4) Pause Young (Normal) (G1 Evacuation Pause) 175M->115M(1700M) 26,042ms
[2021-10-31T14:08:26.575+0300][0,777s][info ][gc] GC(5) Pause Young (Normal) (G1 Evacuation Pause) 264M->159M(1700M) 39,337ms
[2021-10-31T14:08:26.760+0300][0,963s][info ][gc] GC(6) Pause Young (Normal) (G1 Evacuation Pause) 328M->214M(1700M) 55,474ms
[2021-10-31T14:08:26.928+0300][1,130s][info ][gc] GC(7) Pause Young (Normal) (G1 Evacuation Pause) 366M->246M(1700M) 45,309ms
[2021-10-31T14:08:27.169+0300][1,372s][info ][gc] GC(8) Pause Young (Normal) (G1 Evacuation Pause) 469M->322M(1700M) 68,025ms
[2021-10-31T14:08:27.450+0300][1,652s][info ][gc] GC(9) Pause Young (Normal) (G1 Evacuation Pause) 544M->360M(1700M) 54,762ms
[2021-10-31T14:08:28.489+0300][2,691s][info ][gc] GC(10) Pause Young (Normal) (G1 Evacuation Pause) 1348M->368M(1700M) 41,274ms
[2021-10-31T14:08:29.239+0300][3,441s][info ][gc] GC(11) Pause Young (Normal) (G1 Evacuation Pause) 1348M->363M(1700M) 36,490ms
[2021-10-31T14:08:29.989+0300][4,191s][info ][gc] GC(12) Pause Young (Normal) (G1 Evacuation Pause) 1348M->358M(1700M) 28,093ms
[2021-10-31T14:08:30.736+0300][4,938s][info ][gc] GC(13) Pause Young (Normal) (G1 Evacuation Pause) 1348M->354M(1700M) 24,049ms
[2021-10-31T14:08:31.487+0300][5,689s][info ][gc] GC(14) Pause Young (Normal) (G1 Evacuation Pause) 1348M->352M(1700M) 26,895ms
[2021-10-31T14:08:32.241+0300][6,443s][info ][gc] GC(15) Pause Young (Normal) (G1 Evacuation Pause) 1348M->348M(1700M) 24,149ms
[2021-10-31T14:08:32.994+0300][7,196s][info ][gc] GC(16) Pause Young (Normal) (G1 Evacuation Pause) 1348M->347M(1700M) 20,678ms
[2021-10-31T14:08:33.744+0300][7,946s][info ][gc] GC(17) Pause Young (Normal) (G1 Evacuation Pause) 1348M->345M(1700M) 19,493ms
[2021-10-31T14:08:34.501+0300][8,704s][info ][gc] GC(18) Pause Young (Normal) (G1 Evacuation Pause) 1348M->343M(1700M) 15,709ms
[2021-10-31T14:08:35.254+0300][9,457s][info ][gc] GC(19) Pause Young (Normal) (G1 Evacuation Pause) 1348M->343M(1700M) 15,772ms
[2021-10-31T14:08:36.016+0300][10,219s][info ][gc] GC(20) Pause Young (Normal) (G1 Evacuation Pause) 1348M->342M(1700M) 15,668ms
[2021-10-31T14:08:36.772+0300][10,974s][info ][gc] GC(21) Pause Young (Normal) (G1 Evacuation Pause) 1348M->341M(1700M) 16,255ms
[2021-10-31T14:08:37.528+0300][11,731s][info ][gc] GC(22) Pause Young (Normal) (G1 Evacuation Pause) 1348M->341M(1700M) 15,820ms
[2021-10-31T14:08:38.281+0300][12,484s][info ][gc] GC(23) Pause Young (Normal) (G1 Evacuation Pause) 1348M->341M(1700M) 16,612ms
