[2021-10-31T14:30:44.167+0300][0.003s][debug][gc] ConcGCThreads: 2 offset 16
[2021-10-31T14:30:44.167+0300][0.003s][debug][gc] ParallelGCThreads: 8
[2021-10-31T14:30:44.167+0300][0.003s][debug][gc] Initialize mark stack with 4096 chunks, maximum 16384
[2021-10-31T14:30:44.168+0300][0.004s][info ][gc] Using G1
[2021-10-31T14:30:44.175+0300][0,011s][info ][gc] Periodic GC disabled
[2021-10-31T14:30:44.408+0300][0,244s][info ][gc] GC(0) Pause Young (Concurrent Start) (G1 Humongous Allocation) 53M->51M(150M) 75,554ms
[2021-10-31T14:30:44.408+0300][0,244s][info ][gc] GC(1) Concurrent Cycle
[2021-10-31T14:30:44.446+0300][0,282s][debug][gc] GC(1) Reclaimed 34 empty regions
[2021-10-31T14:30:44.446+0300][0,282s][info ][gc] GC(1) Pause Remark 75M->41M(150M) 0,474ms
[2021-10-31T14:30:44.476+0300][0,312s][info ][gc] GC(1) Pause Cleanup 41M->41M(150M) 0,103ms
[2021-10-31T14:30:44.476+0300][0,312s][info ][gc] GC(1) Concurrent Cycle 68,001ms
[2021-10-31T14:30:44.540+0300][0,376s][info ][gc] GC(2) Pause Young (Concurrent Start) (G1 Humongous Allocation) 41M->41M(150M) 61,893ms
[2021-10-31T14:30:44.540+0300][0,376s][info ][gc] GC(3) Concurrent Cycle
[2021-10-31T14:30:44.562+0300][0,398s][debug][gc] GC(3) Reclaimed 16 empty regions
[2021-10-31T14:30:44.562+0300][0,398s][info ][gc] GC(3) Pause Remark 77M->61M(150M) 0,627ms
[2021-10-31T14:30:44.602+0300][0,438s][info ][gc] GC(3) Pause Cleanup 61M->61M(150M) 0,108ms
[2021-10-31T14:30:44.602+0300][0,438s][info ][gc] GC(3) Concurrent Cycle 62,358ms
