[2021-10-31T14:35:28.661+0300][0.003s][debug][gc] ConcGCThreads: 2 offset 16
[2021-10-31T14:35:28.661+0300][0.003s][debug][gc] ParallelGCThreads: 8
[2021-10-31T14:35:28.661+0300][0.003s][debug][gc] Initialize mark stack with 4096 chunks, maximum 16384
[2021-10-31T14:35:28.663+0300][0.005s][info ][gc] Using G1
[2021-10-31T14:35:28.675+0300][0,017s][info ][gc] Periodic GC disabled
[2021-10-31T14:35:28.932+0300][0,274s][info ][gc] GC(0) Pause Young (Concurrent Start) (G1 Humongous Allocation) 53M->51M(150M) 77,454ms
[2021-10-31T14:35:28.932+0300][0,274s][info ][gc] GC(1) Concurrent Cycle
[2021-10-31T14:35:28.969+0300][0,311s][debug][gc] GC(1) Reclaimed 34 empty regions
[2021-10-31T14:35:28.969+0300][0,311s][info ][gc] GC(1) Pause Remark 75M->41M(150M) 0,431ms
[2021-10-31T14:35:29.012+0300][0,354s][info ][gc] GC(1) Pause Cleanup 77M->77M(150M) 0,024ms
[2021-10-31T14:35:29.018+0300][0,360s][info ][gc] GC(1) Concurrent Cycle 85,457ms
