[2021-10-31T14:37:10.334+0300][0.002s][debug][gc] ConcGCThreads: 2 offset 16
[2021-10-31T14:37:10.334+0300][0.002s][debug][gc] ParallelGCThreads: 8
[2021-10-31T14:37:10.335+0300][0.002s][debug][gc] Initialize mark stack with 4096 chunks, maximum 16384
[2021-10-31T14:37:10.338+0300][0.005s][info ][gc] Using G1
[2021-10-31T14:37:10.345+0300][0,013s][info ][gc] Periodic GC disabled
[2021-10-31T14:37:10.431+0300][0,099s][info ][gc] GC(0) Pause Young (Normal) (G1 Evacuation Pause) 26M->7M(500M) 6,359ms
[2021-10-31T14:37:10.456+0300][0,124s][info ][gc] GC(1) Pause Young (Normal) (G1 Evacuation Pause) 39M->15M(500M) 11,316ms
[2021-10-31T14:37:10.523+0300][0,191s][info ][gc] GC(2) Pause Young (Normal) (G1 Evacuation Pause) 72M->33M(500M) 20,045ms
[2021-10-31T14:37:10.611+0300][0,279s][info ][gc] GC(3) Pause Young (Normal) (G1 Evacuation Pause) 108M->53M(500M) 25,758ms
[2021-10-31T14:37:10.719+0300][0,387s][info ][gc] GC(4) Pause Young (Normal) (G1 Evacuation Pause) 149M->79M(500M) 30,524ms
[2021-10-31T14:37:10.855+0300][0,523s][info ][gc] GC(5) Pause Young (Normal) (G1 Evacuation Pause) 203M->114M(500M) 37,255ms
[2021-10-31T14:37:11.018+0300][0,686s][info ][gc] GC(6) Pause Young (Normal) (G1 Evacuation Pause) 264M->158M(500M) 45,035ms
[2021-10-31T14:37:11.229+0300][0,897s][info ][gc] GC(7) Pause Young (Normal) (G1 Evacuation Pause) 348M->217M(500M) 61,570ms
[2021-10-31T14:37:11.389+0300][1,057s][info ][gc] GC(8) Pause Young (Normal) (G1 Evacuation Pause) 363M->248M(500M) 45,017ms
[2021-10-31T14:37:11.524+0300][1,192s][info ][gc] GC(9) Pause Young (Concurrent Start) (G1 Humongous Allocation) 369M->274M(500M) 37,395ms
[2021-10-31T14:37:11.524+0300][1,192s][info ][gc] GC(10) Concurrent Cycle
[2021-10-31T14:37:11.740+0300][1,407s][info ][gc] GC(11) Pause Young (Normal) (G1 Evacuation Pause) 429M->324M(500M) 21,369ms
[2021-10-31T14:37:11.802+0300][1,469s][debug][gc] GC(10) Reclaimed 50 empty regions
[2021-10-31T14:37:11.802+0300][1,469s][info ][gc] GC(10) Pause Remark 378M->328M(500M) 0,518ms
[2021-10-31T14:37:11.854+0300][1,522s][info ][gc] GC(12) Pause Young (Normal) (G1 Evacuation Pause) 361M->292M(500M) 21,314ms
[2021-10-31T14:37:11.986+0300][1,654s][info ][gc] GC(13) Pause Young (Normal) (G1 Evacuation Pause) 401M->315M(500M) 26,396ms
[2021-10-31T14:37:12.004+0300][1,672s][info ][gc] GC(10) Pause Cleanup 334M->334M(500M) 0,142ms
[2021-10-31T14:37:12.006+0300][1,673s][info ][gc] GC(10) Concurrent Cycle 481,657ms
[2021-10-31T14:37:12.101+0300][1,769s][info ][gc] GC(14) Pause Young (Normal) (G1 Evacuation Pause) 407M->335M(500M) 25,545ms
[2021-10-31T14:37:12.199+0300][1,867s][info ][gc] GC(15) Pause Young (Concurrent Start) (G1 Evacuation Pause) 412M->353M(500M) 22,799ms
[2021-10-31T14:37:12.199+0300][1,867s][info ][gc] GC(16) Concurrent Cycle
[2021-10-31T14:37:12.297+0300][1,965s][info ][gc] GC(17) Pause Young (Normal) (G1 Evacuation Pause) 418M->367M(500M) 19,975ms
[2021-10-31T14:37:12.306+0300][1,974s][debug][gc] GC(16) Reclaimed 221 empty regions
[2021-10-31T14:37:12.306+0300][1,974s][info ][gc] GC(16) Pause Remark 375M->154M(500M) 0,571ms
[2021-10-31T14:37:12.367+0300][2,035s][info ][gc] GC(18) Pause Young (Normal) (G1 Evacuation Pause) 201M->159M(500M) 16,704ms
[2021-10-31T14:37:12.384+0300][2,051s][info ][gc] GC(16) Pause Cleanup 182M->182M(500M) 0,101ms
[2021-10-31T14:37:12.385+0300][2,053s][info ][gc] GC(16) Concurrent Cycle 185,736ms
[2021-10-31T14:37:12.557+0300][2,224s][info ][gc] GC(19) Pause Young (Normal) (G1 Evacuation Pause) 358M->200M(500M) 43,073ms
[2021-10-31T14:37:12.729+0300][2,397s][info ][gc] GC(20) Pause Young (Normal) (G1 Evacuation Pause) 369M->235M(500M) 44,781ms
[2021-10-31T14:37:12.850+0300][2,518s][info ][gc] GC(21) Pause Young (Normal) (G1 Evacuation Pause) 381M->221M(500M) 8,554ms
[2021-10-31T14:37:13.000+0300][2,668s][info ][gc] GC(22) Pause Young (Normal) (G1 Evacuation Pause) 382M->251M(500M) 33,294ms
[2021-10-31T14:37:13.138+0300][2,806s][info ][gc] GC(23) Pause Young (Concurrent Start) (G1 Evacuation Pause) 389M->280M(500M) 37,181ms
[2021-10-31T14:37:13.138+0300][2,806s][info ][gc] GC(24) Concurrent Cycle
[2021-10-31T14:37:13.194+0300][2,862s][debug][gc] GC(24) Reclaimed 169 empty regions
[2021-10-31T14:37:13.194+0300][2,862s][info ][gc] GC(24) Pause Remark 345M->176M(500M) 0,668ms
[2021-10-31T14:37:13.230+0300][2,898s][info ][gc] GC(24) Pause Cleanup 219M->219M(500M) 0,100ms
[2021-10-31T14:37:13.231+0300][2,899s][info ][gc] GC(24) Concurrent Cycle 93,321ms
[2021-10-31T14:37:13.267+0300][2,935s][info ][gc] GC(25) Pause Young (Normal) (G1 Evacuation Pause) 227M->136M(500M) 30,897ms
[2021-10-31T14:37:13.471+0300][3,139s][info ][gc] GC(26) Pause Young (Normal) (G1 Evacuation Pause) 351M->180M(500M) 47,748ms
[2021-10-31T14:37:13.654+0300][3,322s][info ][gc] GC(27) Pause Young (Normal) (G1 Evacuation Pause) 364M->220M(500M) 47,913ms
[2021-10-31T14:37:13.773+0300][3,441s][info ][gc] GC(28) Pause Young (Normal) (G1 Evacuation Pause) 376M->197M(500M) 2,604ms
[2021-10-31T14:37:13.938+0300][3,606s][info ][gc] GC(29) Pause Young (Normal) (G1 Evacuation Pause) 378M->230M(500M) 32,881ms
[2021-10-31T14:37:14.097+0300][3,765s][info ][gc] GC(30) Pause Young (Normal) (G1 Evacuation Pause) 383M->262M(500M) 44,665ms
[2021-10-31T14:37:14.250+0300][3,917s][info ][gc] GC(31) Pause Young (Concurrent Start) (G1 Evacuation Pause) 391M->289M(500M) 38,471ms
[2021-10-31T14:37:14.250+0300][3,918s][info ][gc] GC(32) Concurrent Cycle
[2021-10-31T14:37:14.338+0300][4,006s][debug][gc] GC(32) Reclaimed 152 empty regions
[2021-10-31T14:37:14.338+0300][4,006s][info ][gc] GC(32) Pause Remark 392M->240M(500M) 0,511ms
[2021-10-31T14:37:14.375+0300][4,043s][info ][gc] GC(33) Pause Young (Normal) (G1 Evacuation Pause) 246M->162M(500M) 32,521ms
[2021-10-31T14:37:14.429+0300][4,097s][info ][gc] GC(32) Pause Cleanup 231M->231M(500M) 0,107ms
[2021-10-31T14:37:14.430+0300][4,098s][info ][gc] GC(32) Concurrent Cycle 180,297ms
[2021-10-31T14:37:14.565+0300][4,233s][info ][gc] GC(34) Pause Young (Normal) (G1 Evacuation Pause) 358M->202M(500M) 44,394ms
[2021-10-31T14:37:14.732+0300][4,399s][info ][gc] GC(35) Pause Young (Normal) (G1 Evacuation Pause) 370M->238M(500M) 43,674ms
[2021-10-31T14:37:14.857+0300][4,525s][info ][gc] GC(36) Pause Young (Normal) (G1 Evacuation Pause) 381M->229M(500M) 16,230ms
[2021-10-31T14:37:15.014+0300][4,682s][info ][gc] GC(37) Pause Young (Normal) (G1 Evacuation Pause) 382M->259M(500M) 43,800ms
[2021-10-31T14:37:15.150+0300][4,818s][info ][gc] GC(38) Pause Young (Concurrent Start) (G1 Evacuation Pause) 390M->286M(500M) 39,104ms
[2021-10-31T14:37:15.150+0300][4,818s][info ][gc] GC(39) Concurrent Cycle
[2021-10-31T14:37:15.203+0300][4,871s][debug][gc] GC(39) Reclaimed 172 empty regions
[2021-10-31T14:37:15.203+0300][4,871s][info ][gc] GC(39) Pause Remark 346M->174M(500M) 0,596ms
[2021-10-31T14:37:15.239+0300][4,907s][info ][gc] GC(39) Pause Cleanup 225M->225M(500M) 0,075ms
[2021-10-31T14:37:15.240+0300][4,908s][info ][gc] GC(39) Concurrent Cycle 89,711ms
[2021-10-31T14:37:15.273+0300][4,941s][info ][gc] GC(40) Pause Young (Normal) (G1 Evacuation Pause) 225M->139M(500M) 32,839ms
[2021-10-31T14:37:15.483+0300][5,151s][info ][gc] GC(41) Pause Young (Normal) (G1 Evacuation Pause) 351M->182M(500M) 52,923ms
[2021-10-31T14:37:15.669+0300][5,337s][info ][gc] GC(42) Pause Young (Normal) (G1 Evacuation Pause) 364M->221M(500M) 51,989ms
[2021-10-31T14:37:15.791+0300][5,459s][info ][gc] GC(43) Pause Young (Normal) (G1 Evacuation Pause) 376M->198M(500M) 4,632ms
[2021-10-31T14:37:15.959+0300][5,627s][info ][gc] GC(44) Pause Young (Normal) (G1 Evacuation Pause) 378M->232M(500M) 39,566ms
[2021-10-31T14:37:16.110+0300][5,777s][info ][gc] GC(45) Pause Young (Normal) (G1 Evacuation Pause) 384M->264M(500M) 39,594ms
[2021-10-31T14:37:16.240+0300][5,908s][info ][gc] GC(46) Pause Young (Concurrent Start) (G1 Evacuation Pause) 391M->292M(500M) 35,092ms
[2021-10-31T14:37:16.240+0300][5,908s][info ][gc] GC(47) Concurrent Cycle
[2021-10-31T14:37:16.333+0300][6,000s][debug][gc] GC(47) Reclaimed 153 empty regions
[2021-10-31T14:37:16.333+0300][6,000s][info ][gc] GC(47) Pause Remark 399M->246M(500M) 0,353ms
[2021-10-31T14:37:16.362+0300][6,030s][info ][gc] GC(48) Pause Young (Normal) (G1 Evacuation Pause) 246M->162M(500M) 28,708ms
[2021-10-31T14:37:16.413+0300][6,081s][info ][gc] GC(47) Pause Cleanup 233M->233M(500M) 0,097ms
[2021-10-31T14:37:16.413+0300][6,081s][info ][gc] GC(47) Concurrent Cycle 173,325ms
[2021-10-31T14:37:16.548+0300][6,216s][info ][gc] GC(49) Pause Young (Normal) (G1 Evacuation Pause) 358M->203M(500M) 42,348ms
[2021-10-31T14:37:16.715+0300][6,383s][info ][gc] GC(50) Pause Young (Normal) (G1 Evacuation Pause) 371M->239M(500M) 44,038ms
[2021-10-31T14:37:16.837+0300][6,505s][info ][gc] GC(51) Pause Young (Normal) (G1 Evacuation Pause) 382M->230M(500M) 13,895ms
[2021-10-31T14:37:16.984+0300][6,652s][info ][gc] GC(52) Pause Young (Normal) (G1 Evacuation Pause) 383M->260M(500M) 36,138ms
[2021-10-31T14:37:17.116+0300][6,784s][info ][gc] GC(53) Pause Young (Concurrent Start) (G1 Evacuation Pause) 390M->289M(500M) 35,907ms
[2021-10-31T14:37:17.116+0300][6,784s][info ][gc] GC(54) Concurrent Cycle
[2021-10-31T14:37:17.167+0300][6,835s][debug][gc] GC(54) Reclaimed 174 empty regions
[2021-10-31T14:37:17.167+0300][6,835s][info ][gc] GC(54) Pause Remark 349M->175M(500M) 0,467ms
[2021-10-31T14:37:17.240+0300][6,908s][info ][gc] GC(55) Pause Young (Normal) (G1 Evacuation Pause) 224M->138M(500M) 29,259ms
[2021-10-31T14:37:17.243+0300][6,911s][info ][gc] GC(54) Pause Cleanup 143M->143M(500M) 0,070ms
[2021-10-31T14:37:17.244+0300][6,912s][info ][gc] GC(54) Concurrent Cycle 128,193ms
[2021-10-31T14:37:17.444+0300][7,112s][info ][gc] GC(56) Pause Young (Normal) (G1 Evacuation Pause) 352M->183M(500M) 47,070ms
[2021-10-31T14:37:17.623+0300][7,291s][info ][gc] GC(57) Pause Young (Normal) (G1 Evacuation Pause) 365M->222M(500M) 46,783ms
[2021-10-31T14:37:17.746+0300][7,414s][info ][gc] GC(58) Pause Young (Normal) (G1 Evacuation Pause) 377M->199M(500M) 4,302ms
[2021-10-31T14:37:17.909+0300][7,577s][info ][gc] GC(59) Pause Young (Normal) (G1 Evacuation Pause) 378M->233M(500M) 33,410ms
[2021-10-31T14:37:18.058+0300][7,726s][info ][gc] GC(60) Pause Young (Normal) (G1 Evacuation Pause) 384M->264M(500M) 39,426ms
[2021-10-31T14:37:18.184+0300][7,852s][info ][gc] GC(61) Pause Young (Concurrent Start) (G1 Evacuation Pause) 391M->292M(500M) 34,161ms
[2021-10-31T14:37:18.184+0300][7,852s][info ][gc] GC(62) Concurrent Cycle
[2021-10-31T14:37:18.264+0300][7,932s][debug][gc] GC(62) Reclaimed 154 empty regions
[2021-10-31T14:37:18.264+0300][7,932s][info ][gc] GC(62) Pause Remark 385M->231M(500M) 0,688ms
[2021-10-31T14:37:18.305+0300][7,973s][info ][gc] GC(63) Pause Young (Normal) (G1 Evacuation Pause) 245M->161M(500M) 30,202ms
[2021-10-31T14:37:18.355+0300][8,022s][info ][gc] GC(62) Pause Cleanup 223M->223M(500M) 0,097ms
[2021-10-31T14:37:18.355+0300][8,023s][info ][gc] GC(62) Concurrent Cycle 170,976ms
[2021-10-31T14:37:18.499+0300][8,167s][info ][gc] GC(64) Pause Young (Normal) (G1 Evacuation Pause) 358M->202M(500M) 44,897ms
[2021-10-31T14:37:18.668+0300][8,336s][info ][gc] GC(65) Pause Young (Normal) (G1 Evacuation Pause) 370M->238M(500M) 44,947ms
[2021-10-31T14:37:18.790+0300][8,458s][info ][gc] GC(66) Pause Young (Normal) (G1 Evacuation Pause) 381M->228M(500M) 13,443ms
[2021-10-31T14:37:18.937+0300][8,605s][info ][gc] GC(67) Pause Young (Normal) (G1 Evacuation Pause) 382M->258M(500M) 34,863ms
[2021-10-31T14:37:19.069+0300][8,737s][info ][gc] GC(68) Pause Young (Concurrent Start) (G1 Evacuation Pause) 390M->286M(500M) 36,054ms
[2021-10-31T14:37:19.069+0300][8,737s][info ][gc] GC(69) Concurrent Cycle
[2021-10-31T14:37:19.127+0300][8,795s][debug][gc] GC(69) Reclaimed 172 empty regions
[2021-10-31T14:37:19.127+0300][8,795s][info ][gc] GC(69) Pause Remark 342M->170M(500M) 0,625ms
[2021-10-31T14:37:19.164+0300][8,832s][info ][gc] GC(69) Pause Cleanup 220M->220M(500M) 0,071ms
[2021-10-31T14:37:19.164+0300][8,832s][info ][gc] GC(69) Concurrent Cycle 95,112ms
[2021-10-31T14:37:19.198+0300][8,865s][info ][gc] GC(70) Pause Young (Normal) (G1 Evacuation Pause) 225M->138M(500M) 29,991ms
[2021-10-31T14:37:19.400+0300][9,068s][info ][gc] GC(71) Pause Young (Normal) (G1 Evacuation Pause) 351M->183M(500M) 47,009ms
[2021-10-31T14:37:19.578+0300][9,246s][info ][gc] GC(72) Pause Young (Normal) (G1 Evacuation Pause) 365M->222M(500M) 45,884ms
[2021-10-31T14:37:19.700+0300][9,368s][info ][gc] GC(73) Pause Young (Normal) (G1 Evacuation Pause) 377M->199M(500M) 4,361ms
[2021-10-31T14:37:19.866+0300][9,534s][info ][gc] GC(74) Pause Young (Normal) (G1 Evacuation Pause) 378M->233M(500M) 34,833ms
[2021-10-31T14:37:20.015+0300][9,683s][info ][gc] GC(75) Pause Young (Normal) (G1 Evacuation Pause) 384M->264M(500M) 39,740ms
[2021-10-31T14:37:20.142+0300][9,810s][info ][gc] GC(76) Pause Young (Concurrent Start) (G1 Evacuation Pause) 391M->292M(500M) 34,309ms
[2021-10-31T14:37:20.142+0300][9,810s][info ][gc] GC(77) Concurrent Cycle
[2021-10-31T14:37:20.223+0300][9,891s][debug][gc] GC(77) Reclaimed 154 empty regions
[2021-10-31T14:37:20.223+0300][9,891s][info ][gc] GC(77) Pause Remark 386M->232M(500M) 0,635ms
[2021-10-31T14:37:20.262+0300][9,930s][info ][gc] GC(78) Pause Young (Normal) (G1 Evacuation Pause) 245M->162M(500M) 29,211ms
[2021-10-31T14:37:20.306+0300][9,974s][info ][gc] GC(77) Pause Cleanup 221M->221M(500M) 0,111ms
[2021-10-31T14:37:20.306+0300][9,974s][info ][gc] GC(77) Concurrent Cycle 163,788ms
[2021-10-31T14:37:20.450+0300][10,118s][info ][gc] GC(79) Pause Young (Normal) (G1 Evacuation Pause) 358M->203M(500M) 43,949ms
[2021-10-31T14:37:20.618+0300][10,286s][info ][gc] GC(80) Pause Young (Normal) (G1 Evacuation Pause) 371M->239M(500M) 47,050ms
[2021-10-31T14:37:20.742+0300][10,410s][info ][gc] GC(81) Pause Young (Normal) (G1 Evacuation Pause) 382M->230M(500M) 15,667ms
[2021-10-31T14:37:20.892+0300][10,560s][info ][gc] GC(82) Pause Young (Normal) (G1 Evacuation Pause) 383M->260M(500M) 38,930ms
[2021-10-31T14:37:21.024+0300][10,692s][info ][gc] GC(83) Pause Young (Concurrent Start) (G1 Evacuation Pause) 390M->288M(500M) 38,449ms
[2021-10-31T14:37:21.024+0300][10,692s][info ][gc] GC(84) Concurrent Cycle
[2021-10-31T14:37:21.076+0300][10,744s][debug][gc] GC(84) Reclaimed 174 empty regions
[2021-10-31T14:37:21.076+0300][10,744s][info ][gc] GC(84) Pause Remark 348M->174M(500M) 0,470ms
[2021-10-31T14:37:21.144+0300][10,812s][info ][gc] GC(85) Pause Young (Normal) (G1 Evacuation Pause) 224M->138M(500M) 32,014ms
[2021-10-31T14:37:21.145+0300][10,813s][info ][gc] GC(84) Pause Cleanup 139M->139M(500M) 0,099ms
[2021-10-31T14:37:21.145+0300][10,813s][info ][gc] GC(84) Concurrent Cycle 120,939ms
[2021-10-31T14:37:21.354+0300][11,022s][info ][gc] GC(86) Pause Young (Normal) (G1 Evacuation Pause) 352M->183M(500M) 53,727ms
[2021-10-31T14:37:21.542+0300][11,210s][info ][gc] GC(87) Pause Young (Normal) (G1 Evacuation Pause) 365M->221M(500M) 53,841ms
[2021-10-31T14:37:21.663+0300][11,331s][info ][gc] GC(88) Pause Young (Normal) (G1 Evacuation Pause) 377M->199M(500M) 4,348ms
[2021-10-31T14:37:21.831+0300][11,499s][info ][gc] GC(89) Pause Young (Normal) (G1 Evacuation Pause) 378M->233M(500M) 39,586ms
[2021-10-31T14:37:21.984+0300][11,652s][info ][gc] GC(90) Pause Young (Normal) (G1 Evacuation Pause) 384M->264M(500M) 43,388ms
[2021-10-31T14:37:22.114+0300][11,782s][info ][gc] GC(91) Pause Young (Concurrent Start) (G1 Evacuation Pause) 391M->291M(500M) 37,122ms
[2021-10-31T14:37:22.114+0300][11,782s][info ][gc] GC(92) Concurrent Cycle
[2021-10-31T14:37:22.193+0300][11,861s][debug][gc] GC(92) Reclaimed 154 empty regions
[2021-10-31T14:37:22.193+0300][11,861s][info ][gc] GC(92) Pause Remark 384M->230M(500M) 0,450ms
[2021-10-31T14:37:22.238+0300][11,906s][info ][gc] GC(93) Pause Young (Normal) (G1 Evacuation Pause) 245M->160M(500M) 32,960ms
[2021-10-31T14:37:22.278+0300][11,945s][info ][gc] GC(92) Pause Cleanup 215M->215M(500M) 0,107ms
[2021-10-31T14:37:22.278+0300][11,946s][info ][gc] GC(92) Concurrent Cycle 164,115ms
[2021-10-31T14:37:22.428+0300][12,096s][info ][gc] GC(94) Pause Young (Normal) (G1 Evacuation Pause) 358M->202M(500M) 46,926ms
[2021-10-31T14:37:22.600+0300][12,268s][info ][gc] GC(95) Pause Young (Normal) (G1 Evacuation Pause) 370M->238M(500M) 50,047ms
[2021-10-31T14:37:22.723+0300][12,391s][info ][gc] GC(96) Pause Young (Normal) (G1 Evacuation Pause) 381M->229M(500M) 15,667ms
[2021-10-31T14:37:22.875+0300][12,543s][info ][gc] GC(97) Pause Young (Normal) (G1 Evacuation Pause) 383M->259M(500M) 38,941ms
[2021-10-31T14:37:23.012+0300][12,680s][info ][gc] GC(98) Pause Young (Concurrent Start) (G1 Evacuation Pause) 390M->287M(500M) 40,991ms
[2021-10-31T14:37:23.012+0300][12,680s][info ][gc] GC(99) Concurrent Cycle
[2021-10-31T14:37:23.073+0300][12,741s][debug][gc] GC(99) Reclaimed 172 empty regions
[2021-10-31T14:37:23.073+0300][12,741s][info ][gc] GC(99) Pause Remark 338M->166M(500M) 0,509ms
[2021-10-31T14:37:23.116+0300][12,784s][info ][gc] GC(99) Pause Cleanup 220M->220M(500M) 0,084ms
[2021-10-31T14:37:23.117+0300][12,785s][info ][gc] GC(99) Concurrent Cycle 105,153ms
[2021-10-31T14:37:23.154+0300][12,821s][info ][gc] GC(100) Pause Young (Normal) (G1 Evacuation Pause) 225M->139M(500M) 32,649ms
[2021-10-31T14:37:23.361+0300][13,029s][info ][gc] GC(101) Pause Young (Normal) (G1 Evacuation Pause) 352M->183M(500M) 53,245ms
[2021-10-31T14:37:23.544+0300][13,212s][info ][gc] GC(102) Pause Young (Normal) (G1 Evacuation Pause) 365M->221M(500M) 50,239ms
[2021-10-31T14:37:23.666+0300][13,334s][info ][gc] GC(103) Pause Young (Normal) (G1 Evacuation Pause) 376M->198M(500M) 4,204ms
[2021-10-31T14:37:23.828+0300][13,496s][info ][gc] GC(104) Pause Young (Normal) (G1 Evacuation Pause) 378M->232M(500M) 33,653ms
[2021-10-31T14:37:23.980+0300][13,648s][info ][gc] GC(105) Pause Young (Normal) (G1 Evacuation Pause) 384M->264M(500M) 41,652ms
[2021-10-31T14:37:24.107+0300][13,775s][info ][gc] GC(106) Pause Young (Concurrent Start) (G1 Evacuation Pause) 391M->291M(500M) 35,017ms
[2021-10-31T14:37:24.107+0300][13,775s][info ][gc] GC(107) Concurrent Cycle
[2021-10-31T14:37:24.228+0300][13,896s][info ][gc] GC(108) Pause Young (Normal) (G1 Evacuation Pause) 399M->315M(500M) 28,297ms
[2021-10-31T14:37:24.231+0300][13,899s][debug][gc] GC(107) Reclaimed 153 empty regions
[2021-10-31T14:37:24.231+0300][13,899s][info ][gc] GC(107) Pause Remark 317M->164M(500M) 1,031ms
[2021-10-31T14:37:24.293+0300][13,961s][info ][gc] GC(107) Pause Cleanup 249M->249M(500M) 0,110ms
[2021-10-31T14:37:24.293+0300][13,961s][info ][gc] GC(107) Concurrent Cycle 185,868ms
[2021-10-31T14:37:24.322+0300][13,990s][info ][gc] GC(109) Pause Young (Normal) (G1 Evacuation Pause) 253M->182M(500M) 25,615ms
[2021-10-31T14:37:24.494+0300][14,162s][info ][gc] GC(110) Pause Young (Normal) (G1 Evacuation Pause) 364M->220M(500M) 40,926ms
[2021-10-31T14:37:24.648+0300][14,316s][info ][gc] GC(111) Pause Young (Normal) (G1 Evacuation Pause) 376M->253M(500M) 40,170ms
[2021-10-31T14:37:24.773+0300][14,441s][info ][gc] GC(112) Pause Young (Concurrent Start) (G1 Evacuation Pause) 386M->258M(500M) 24,314ms
[2021-10-31T14:37:24.774+0300][14,441s][info ][gc] GC(113) Concurrent Cycle
[2021-10-31T14:37:24.794+0300][14,462s][debug][gc] GC(113) Reclaimed 190 empty regions
[2021-10-31T14:37:24.794+0300][14,462s][info ][gc] GC(113) Pause Remark 274M->84M(500M) 0,555ms
[2021-10-31T14:37:24.808+0300][14,476s][info ][gc] GC(113) Pause Cleanup 99M->99M(500M) 0,067ms
[2021-10-31T14:37:24.809+0300][14,477s][info ][gc] GC(113) Concurrent Cycle 35,094ms
[2021-10-31T14:37:24.915+0300][14,583s][info ][gc] GC(114) Pause Young (Normal) (G1 Evacuation Pause) 198M->95M(500M) 33,761ms
[2021-10-31T14:37:25.148+0300][14,816s][info ][gc] GC(115) Pause Young (Normal) (G1 Evacuation Pause) 340M->146M(500M) 53,680ms
[2021-10-31T14:37:25.352+0300][15,020s][info ][gc] GC(116) Pause Young (Normal) (G1 Evacuation Pause) 354M->190M(500M) 54,553ms
[2021-10-31T14:37:25.529+0300][15,197s][info ][gc] GC(117) Pause Young (Normal) (G1 Evacuation Pause) 367M->228M(500M) 48,036ms
[2021-10-31T14:37:25.651+0300][15,319s][info ][gc] GC(118) Pause Young (Normal) (G1 Evacuation Pause) 379M->210M(500M) 7,600ms
